<html>
<body>
<pre>
<h1>µVision Build Log</h1>
<h2>Tool Versions:</h2>
IDE-Version: ¦ÌVision V5.13.0.0
Copyright (C) 2014 ARM Ltd and ARM Germany GmbH. All rights reserved.
License Information: Yan Microsoft, Microsoft, LIC=GMZ56-DGMNN-J60Q9-43ZEK-RC7LQ-PMJ07
 
Tool Versions:
Toolchain:       MDK-ARM Standard  Version: 5.13.0.0
Toolchain Path:  D:\Keil_v5\ARM\ARMCC\Bin
C Compiler:      Armcc.exe V5.05 update 1 (build 106)
Assembler:       Armasm.exe V5.05 update 1 (build 106)
Linker/Locator:  ArmLink.exe V5.05 update 1 (build 106)
Library Manager: ArmAr.exe V5.05 update 1 (build 106)
Hex Converter:   FromElf.exe V5.05 update 1 (build 106)
CPU DLL:         SARMCM3.DLL V5.13.0.0
Dialog DLL:      DARMCM1.DLL V1.12.0.0
Target DLL:      Nu_Link.dll V1.28
Dialog DLL:      TARMCM1.DLL V1.9.0.0
 
<h2>Project:</h2>
E:\makeblock\Neuron\keil\Neuron.uvproj
Project File Date:  05/22/2015

<h2>Output:</h2>
Rebuild target 'Target 1'
assembling startup_M051Series.s...
compiling system_M051Series.c...
compiling main.c...
compiling uart_printf.c...
compiling systime.c...
compiling MeRGBLed.c...
..\src\MeRGBLed.c(79): warning:  #1215-D: #warning directive: "Light_ws2812: The timing is critical and may only work on WS2812B, not on WS2812(S)."
     #warning "Light_ws2812: The timing is critical and may only work on WS2812B, not on WS2812(S)."
..\src\MeRGBLed.c(80): warning:  #1215-D: #warning directive: "Please consider a higher clockspeed, if possible"
     #warning "Please consider a higher clockspeed, if possible"
..\src\MeRGBLed.c: 2 warnings, 0 errors
compiling mygpio.c...
compiling retarget.c...
compiling sys.c...
compiling uart.c...
compiling i2c.c...
compiling timer.c...
compiling clk.c...
compiling gpio.c...
linking...
Program Size: Code=7200 RO-data=336 RW-data=48 ZI-data=1376  
FromELF: creating hex file...
".\Objects\Neuron.axf" - 0 Error(s), 2 Warning(s).
</pre>
</body>
</html>
