<!doctype html public "-//w3c//dtd html 4.0 transitional//en">
<html><head>
<title>Static Call Graph - [.\Objects\Neuron.axf]</title></head>
<body><HR>
<H1>Static Call Graph for image .\Objects\Neuron.axf</H1><HR>
<BR><P>#&#060CALLGRAPH&#062# ARM Linker, 5050106: Last Updated: Thu Aug 20 14:58:59 2015
<BR><P>
<H3>Maximum Stack Usage =        192 bytes + Unknown(Cycles, Untraceable Function Pointers)</H3><H3>
Call chain for Maximum Stack Depth:</H3>
main &rArr; device_neep_loop_in_sampling &rArr; smart_servo_speed_update &rArr; __aeabi_dmul &rArr; _double_epilogue &rArr; __aeabi_llsl
<P>
<H3>
Mutually Recursive functions
</H3> <LI><a href="#[1]">NMI_Handler</a>&nbsp;&nbsp;&nbsp;&rArr;&nbsp;&nbsp;&nbsp;<a href="#[1]">NMI_Handler</a><BR>
 <LI><a href="#[2]">HardFault_Handler</a>&nbsp;&nbsp;&nbsp;&rArr;&nbsp;&nbsp;&nbsp;<a href="#[2]">HardFault_Handler</a><BR>
 <LI><a href="#[3]">SVC_Handler</a>&nbsp;&nbsp;&nbsp;&rArr;&nbsp;&nbsp;&nbsp;<a href="#[3]">SVC_Handler</a><BR>
 <LI><a href="#[4]">PendSV_Handler</a>&nbsp;&nbsp;&nbsp;&rArr;&nbsp;&nbsp;&nbsp;<a href="#[4]">PendSV_Handler</a><BR>
 <LI><a href="#[5]">SysTick_Handler</a>&nbsp;&nbsp;&nbsp;&rArr;&nbsp;&nbsp;&nbsp;<a href="#[5]">SysTick_Handler</a><BR>
 <LI><a href="#[19]">Default_Handler</a>&nbsp;&nbsp;&nbsp;&rArr;&nbsp;&nbsp;&nbsp;<a href="#[19]">Default_Handler</a><BR>
</UL>
<P>
<H3>
Function Pointers
</H3><UL>
 <LI><a href="#[1b]">ADC_IRQHandler</a> from startup_m051series.o(.text) referenced from startup_m051series.o(RESET)
 <LI><a href="#[6]">BOD_IRQHandler</a> from startup_m051series.o(.text) referenced from startup_m051series.o(RESET)
 <LI><a href="#[19]">Default_Handler</a> from startup_m051series.o(.text) referenced 11 times from startup_m051series.o(RESET)
 <LI><a href="#[8]">EINT0_IRQHandler</a> from startup_m051series.o(.text) referenced from startup_m051series.o(RESET)
 <LI><a href="#[9]">EINT1_IRQHandler</a> from startup_m051series.o(.text) referenced from startup_m051series.o(RESET)
 <LI><a href="#[a]">GPIOP0P1_IRQHandler</a> from startup_m051series.o(.text) referenced from startup_m051series.o(RESET)
 <LI><a href="#[b]">GPIOP2P3P4_IRQHandler</a> from interrupt.o(i.GPIOP2P3P4_IRQHandler) referenced from startup_m051series.o(RESET)
 <LI><a href="#[2]">HardFault_Handler</a> from startup_m051series.o(.text) referenced from startup_m051series.o(RESET)
 <LI><a href="#[18]">I2C_IRQHandler</a> from interrupt.o(i.I2C_IRQHandler) referenced from startup_m051series.o(RESET)
 <LI><a href="#[1]">NMI_Handler</a> from startup_m051series.o(.text) referenced from startup_m051series.o(RESET)
 <LI><a href="#[c]">PWMA_IRQHandler</a> from startup_m051series.o(.text) referenced from startup_m051series.o(RESET)
 <LI><a href="#[d]">PWMB_IRQHandler</a> from startup_m051series.o(.text) referenced from startup_m051series.o(RESET)
 <LI><a href="#[1a]">PWRWU_IRQHandler</a> from startup_m051series.o(.text) referenced from startup_m051series.o(RESET)
 <LI><a href="#[4]">PendSV_Handler</a> from startup_m051series.o(.text) referenced from startup_m051series.o(RESET)
 <LI><a href="#[3d]">Reset_Handler</a> from startup_m051series.o(.text) referenced from startup_m051series.o(RESET)
 <LI><a href="#[14]">SPI0_IRQHandler</a> from startup_m051series.o(.text) referenced from startup_m051series.o(RESET)
 <LI><a href="#[15]">SPI1_IRQHandler</a> from startup_m051series.o(.text) referenced from startup_m051series.o(RESET)
 <LI><a href="#[16]">SPI2_IRQHandler</a> from startup_m051series.o(.text) referenced from startup_m051series.o(RESET)
 <LI><a href="#[17]">SPI3_IRQHandler</a> from startup_m051series.o(.text) referenced from startup_m051series.o(RESET)
 <LI><a href="#[3]">SVC_Handler</a> from startup_m051series.o(.text) referenced from startup_m051series.o(RESET)
 <LI><a href="#[5]">SysTick_Handler</a> from startup_m051series.o(.text) referenced from startup_m051series.o(RESET)
 <LI><a href="#[1d]">SystemInit</a> from system_m051series.o(i.SystemInit) referenced from startup_m051series.o(.text)
 <LI><a href="#[e]">TMR0_IRQHandler</a> from interrupt.o(i.TMR0_IRQHandler) referenced from startup_m051series.o(RESET)
 <LI><a href="#[f]">TMR1_IRQHandler</a> from startup_m051series.o(.text) referenced from startup_m051series.o(RESET)
 <LI><a href="#[10]">TMR2_IRQHandler</a> from startup_m051series.o(.text) referenced from startup_m051series.o(RESET)
 <LI><a href="#[11]">TMR3_IRQHandler</a> from startup_m051series.o(.text) referenced from startup_m051series.o(RESET)
 <LI><a href="#[12]">UART0_IRQHandler</a> from interrupt.o(i.UART0_IRQHandler) referenced from startup_m051series.o(RESET)
 <LI><a href="#[13]">UART1_IRQHandler</a> from interrupt.o(i.UART1_IRQHandler) referenced from startup_m051series.o(RESET)
 <LI><a href="#[7]">WDT_IRQHandler</a> from startup_m051series.o(.text) referenced from startup_m051series.o(RESET)
 <LI><a href="#[1e]">__main</a> from entry.o(.ARM.Collect$$$$00000000) referenced from startup_m051series.o(.text)
 <LI><a href="#[1f]">assign_dev_id_response</a> from protocol.o(i.assign_dev_id_response) referenced from protocol.o(.constdata)
 <LI><a href="#[3b]">button_key_1_response</a> from protocol.o(i.button_key_1_response) referenced from protocol.o(.constdata)
 <LI><a href="#[37]">infrared_receiver_response</a> from protocol.o(i.infrared_receiver_response) referenced from protocol.o(.constdata)
 <LI><a href="#[2c]">infrared_send_response</a> from protocol.o(i.infrared_send_response) referenced from protocol.o(.constdata)
 <LI><a href="#[36]">joystick_response</a> from protocol.o(i.joystick_response) referenced from protocol.o(.constdata)
 <LI><a href="#[32]">laser_device_response</a> from protocol.o(i.laser_device_response) referenced from protocol.o(.constdata)
 <LI><a href="#[39]">light_sensor_response</a> from protocol.o(i.light_sensor_response) referenced from protocol.o(.constdata)
 <LI><a href="#[35]">limit_switch_response</a> from protocol.o(i.limit_switch_response) referenced from protocol.o(.constdata)
 <LI><a href="#[1c]">main</a> from adc.o(i.main) referenced from entry9a.o(.ARM.Collect$$$$0000000B)
 <LI><a href="#[38]">mic_sensor_response</a> from protocol.o(i.mic_sensor_response) referenced from protocol.o(.constdata)
 <LI><a href="#[2a]">monochrome_led_response</a> from protocol.o(i.monochrome_led_response) referenced from protocol.o(.constdata)
 <LI><a href="#[2d]">motor_dc_response</a> from protocol.o(i.motor_dc_response) referenced from protocol.o(.constdata)
 <LI><a href="#[2f]">motor_encoder_response</a> from protocol.o(i.motor_encoder_response) referenced from protocol.o(.constdata)
 <LI><a href="#[30]">motor_servo_response</a> from protocol.o(i.motor_servo_response) referenced from protocol.o(.constdata)
 <LI><a href="#[2e]">motor_step_response</a> from protocol.o(i.motor_step_response) referenced from protocol.o(.constdata)
 <LI><a href="#[34]">mpu6050_response</a> from protocol.o(i.mpu6050_response) referenced from protocol.o(.constdata)
 <LI><a href="#[28]">pwm_rgb_led_response</a> from protocol.o(i.pwm_rgb_led_response) referenced from protocol.o(.constdata)
 <LI><a href="#[27]">read_analog_response</a> from protocol.o(i.read_analog_response) referenced from protocol.o(.constdata)
 <LI><a href="#[26]">read_digital_response</a> from protocol.o(i.read_digital_response) referenced from protocol.o(.constdata)
 <LI><a href="#[24]">report_analog_response</a> from protocol.o(i.report_analog_response) referenced from protocol.o(.constdata)
 <LI><a href="#[23]">report_digital_response</a> from protocol.o(i.report_digital_response) referenced from protocol.o(.constdata)
 <LI><a href="#[3a]">rtc_clock_response</a> from protocol.o(i.rtc_clock_response) referenced from protocol.o(.constdata)
 <LI><a href="#[2b]">segment_dis_response</a> from protocol.o(i.segment_dis_response) referenced from protocol.o(.constdata)
 <LI><a href="#[25]">set_pin_mode_response</a> from protocol.o(i.set_pin_mode_response) referenced from protocol.o(.constdata)
 <LI><a href="#[3c]">smart_servo_cmd_process</a> from protocol.o(i.smart_servo_cmd_process) referenced from protocol.o(.constdata)
 <LI><a href="#[20]">system_reset_response</a> from protocol.o(i.system_reset_response) referenced from protocol.o(.constdata)
 <LI><a href="#[33]">temperature_18b20_response</a> from protocol.o(i.temperature_18b20_response) referenced from protocol.o(.constdata)
 <LI><a href="#[31]">voice_buzzer_tone_response</a> from protocol.o(i.voice_buzzer_tone_response) referenced from protocol.o(.constdata)
 <LI><a href="#[22]">write_analog_response</a> from protocol.o(i.write_analog_response) referenced from protocol.o(.constdata)
 <LI><a href="#[21]">write_digital_response</a> from protocol.o(i.write_digital_response) referenced from protocol.o(.constdata)
 <LI><a href="#[29]">ws2812_display_response</a> from protocol.o(i.ws2812_display_response) referenced from protocol.o(.constdata)
</UL>
<P>
<H3>
Global Symbols
</H3>
<P><STRONG><a name="[1e]"></a>__main</STRONG> (Thumb, 0 bytes, Stack size unknown bytes, entry.o(.ARM.Collect$$$$00000000))
<BR>[Address Reference Count : 1]<UL><LI> startup_m051series.o(.text)
</UL>
<P><STRONG><a name="[9d]"></a>_main_stk</STRONG> (Thumb, 0 bytes, Stack size unknown bytes, entry2.o(.ARM.Collect$$$$00000001))

<P><STRONG><a name="[3e]"></a>_main_scatterload</STRONG> (Thumb, 0 bytes, Stack size unknown bytes, entry5.o(.ARM.Collect$$$$00000004))
<BR><BR>[Calls]<UL><LI><a href="#[3f]">&gt;&gt;</a>&nbsp;&nbsp;&nbsp;__scatterload
</UL>

<P><STRONG><a name="[4f]"></a>__main_after_scatterload</STRONG> (Thumb, 0 bytes, Stack size unknown bytes, entry5.o(.ARM.Collect$$$$00000004))
<BR><BR>[Called By]<UL><LI><a href="#[3f]">&gt;&gt;</a>&nbsp;&nbsp;&nbsp;__scatterload
</UL>

<P><STRONG><a name="[9e]"></a>_main_clock</STRONG> (Thumb, 0 bytes, Stack size unknown bytes, entry7b.o(.ARM.Collect$$$$00000008))

<P><STRONG><a name="[9f]"></a>_main_cpp_init</STRONG> (Thumb, 0 bytes, Stack size unknown bytes, entry8b.o(.ARM.Collect$$$$0000000A))

<P><STRONG><a name="[a0]"></a>_main_init</STRONG> (Thumb, 0 bytes, Stack size unknown bytes, entry9a.o(.ARM.Collect$$$$0000000B))

<P><STRONG><a name="[a1]"></a>__rt_final_cpp</STRONG> (Thumb, 0 bytes, Stack size unknown bytes, entry10a.o(.ARM.Collect$$$$0000000D))

<P><STRONG><a name="[a2]"></a>__rt_final_exit</STRONG> (Thumb, 0 bytes, Stack size unknown bytes, entry11a.o(.ARM.Collect$$$$0000000F))

<P><STRONG><a name="[3d]"></a>Reset_Handler</STRONG> (Thumb, 38 bytes, Stack size 0 bytes, startup_m051series.o(.text))

<P><STRONG><a name="[1]"></a>NMI_Handler</STRONG> (Thumb, 2 bytes, Stack size 0 bytes, startup_m051series.o(.text))
<BR><BR>[Calls]<UL><LI><a href="#[1]">&gt;&gt;</a>&nbsp;&nbsp;&nbsp;NMI_Handler
</UL>
<BR>[Called By]<UL><LI><a href="#[1]">&gt;&gt;</a>&nbsp;&nbsp;&nbsp;NMI_Handler
</UL>
<BR>[Address Reference Count : 1]<UL><LI> startup_m051series.o(RESET)
</UL>
<P><STRONG><a name="[2]"></a>HardFault_Handler</STRONG> (Thumb, 2 bytes, Stack size 0 bytes, startup_m051series.o(.text))
<BR><BR>[Calls]<UL><LI><a href="#[2]">&gt;&gt;</a>&nbsp;&nbsp;&nbsp;HardFault_Handler
</UL>
<BR>[Called By]<UL><LI><a href="#[2]">&gt;&gt;</a>&nbsp;&nbsp;&nbsp;HardFault_Handler
</UL>
<BR>[Address Reference Count : 1]<UL><LI> startup_m051series.o(RESET)
</UL>
<P><STRONG><a name="[3]"></a>SVC_Handler</STRONG> (Thumb, 2 bytes, Stack size 0 bytes, startup_m051series.o(.text))
<BR><BR>[Calls]<UL><LI><a href="#[3]">&gt;&gt;</a>&nbsp;&nbsp;&nbsp;SVC_Handler
</UL>
<BR>[Called By]<UL><LI><a href="#[3]">&gt;&gt;</a>&nbsp;&nbsp;&nbsp;SVC_Handler
</UL>
<BR>[Address Reference Count : 1]<UL><LI> startup_m051series.o(RESET)
</UL>
<P><STRONG><a name="[4]"></a>PendSV_Handler</STRONG> (Thumb, 2 bytes, Stack size 0 bytes, startup_m051series.o(.text))
<BR><BR>[Calls]<UL><LI><a href="#[4]">&gt;&gt;</a>&nbsp;&nbsp;&nbsp;PendSV_Handler
</UL>
<BR>[Called By]<UL><LI><a href="#[4]">&gt;&gt;</a>&nbsp;&nbsp;&nbsp;PendSV_Handler
</UL>
<BR>[Address Reference Count : 1]<UL><LI> startup_m051series.o(RESET)
</UL>
<P><STRONG><a name="[5]"></a>SysTick_Handler</STRONG> (Thumb, 2 bytes, Stack size 0 bytes, startup_m051series.o(.text))
<BR><BR>[Calls]<UL><LI><a href="#[5]">&gt;&gt;</a>&nbsp;&nbsp;&nbsp;SysTick_Handler
</UL>
<BR>[Called By]<UL><LI><a href="#[5]">&gt;&gt;</a>&nbsp;&nbsp;&nbsp;SysTick_Handler
</UL>
<BR>[Address Reference Count : 1]<UL><LI> startup_m051series.o(RESET)
</UL>
<P><STRONG><a name="[1b]"></a>ADC_IRQHandler</STRONG> (Thumb, 0 bytes, Stack size 0 bytes, startup_m051series.o(.text))
<BR>[Address Reference Count : 1]<UL><LI> startup_m051series.o(RESET)
</UL>
<P><STRONG><a name="[6]"></a>BOD_IRQHandler</STRONG> (Thumb, 0 bytes, Stack size 0 bytes, startup_m051series.o(.text))
<BR>[Address Reference Count : 1]<UL><LI> startup_m051series.o(RESET)
</UL>
<P><STRONG><a name="[8]"></a>EINT0_IRQHandler</STRONG> (Thumb, 0 bytes, Stack size 0 bytes, startup_m051series.o(.text))
<BR>[Address Reference Count : 1]<UL><LI> startup_m051series.o(RESET)
</UL>
<P><STRONG><a name="[9]"></a>EINT1_IRQHandler</STRONG> (Thumb, 0 bytes, Stack size 0 bytes, startup_m051series.o(.text))
<BR>[Address Reference Count : 1]<UL><LI> startup_m051series.o(RESET)
</UL>
<P><STRONG><a name="[a]"></a>GPIOP0P1_IRQHandler</STRONG> (Thumb, 0 bytes, Stack size 0 bytes, startup_m051series.o(.text))
<BR>[Address Reference Count : 1]<UL><LI> startup_m051series.o(RESET)
</UL>
<P><STRONG><a name="[c]"></a>PWMA_IRQHandler</STRONG> (Thumb, 0 bytes, Stack size 0 bytes, startup_m051series.o(.text))
<BR>[Address Reference Count : 1]<UL><LI> startup_m051series.o(RESET)
</UL>
<P><STRONG><a name="[d]"></a>PWMB_IRQHandler</STRONG> (Thumb, 0 bytes, Stack size 0 bytes, startup_m051series.o(.text))
<BR>[Address Reference Count : 1]<UL><LI> startup_m051series.o(RESET)
</UL>
<P><STRONG><a name="[1a]"></a>PWRWU_IRQHandler</STRONG> (Thumb, 0 bytes, Stack size 0 bytes, startup_m051series.o(.text))
<BR>[Address Reference Count : 1]<UL><LI> startup_m051series.o(RESET)
</UL>
<P><STRONG><a name="[14]"></a>SPI0_IRQHandler</STRONG> (Thumb, 0 bytes, Stack size 0 bytes, startup_m051series.o(.text))
<BR>[Address Reference Count : 1]<UL><LI> startup_m051series.o(RESET)
</UL>
<P><STRONG><a name="[15]"></a>SPI1_IRQHandler</STRONG> (Thumb, 0 bytes, Stack size 0 bytes, startup_m051series.o(.text))
<BR>[Address Reference Count : 1]<UL><LI> startup_m051series.o(RESET)
</UL>
<P><STRONG><a name="[16]"></a>SPI2_IRQHandler</STRONG> (Thumb, 0 bytes, Stack size 0 bytes, startup_m051series.o(.text))
<BR>[Address Reference Count : 1]<UL><LI> startup_m051series.o(RESET)
</UL>
<P><STRONG><a name="[17]"></a>SPI3_IRQHandler</STRONG> (Thumb, 0 bytes, Stack size 0 bytes, startup_m051series.o(.text))
<BR>[Address Reference Count : 1]<UL><LI> startup_m051series.o(RESET)
</UL>
<P><STRONG><a name="[f]"></a>TMR1_IRQHandler</STRONG> (Thumb, 0 bytes, Stack size 0 bytes, startup_m051series.o(.text))
<BR>[Address Reference Count : 1]<UL><LI> startup_m051series.o(RESET)
</UL>
<P><STRONG><a name="[10]"></a>TMR2_IRQHandler</STRONG> (Thumb, 0 bytes, Stack size 0 bytes, startup_m051series.o(.text))
<BR>[Address Reference Count : 1]<UL><LI> startup_m051series.o(RESET)
</UL>
<P><STRONG><a name="[11]"></a>TMR3_IRQHandler</STRONG> (Thumb, 0 bytes, Stack size 0 bytes, startup_m051series.o(.text))
<BR>[Address Reference Count : 1]<UL><LI> startup_m051series.o(RESET)
</UL>
<P><STRONG><a name="[7]"></a>WDT_IRQHandler</STRONG> (Thumb, 0 bytes, Stack size 0 bytes, startup_m051series.o(.text))
<BR>[Address Reference Count : 1]<UL><LI> startup_m051series.o(RESET)
</UL>
<P><STRONG><a name="[a3]"></a>__aeabi_uidiv</STRONG> (Thumb, 0 bytes, Stack size 12 bytes, uidiv.o(.text), UNUSED)

<P><STRONG><a name="[41]"></a>__aeabi_uidivmod</STRONG> (Thumb, 44 bytes, Stack size 12 bytes, uidiv.o(.text))
<BR><BR>[Stack]<UL><LI>Max Depth = 12<LI>Call Chain = __aeabi_uidivmod
</UL>
<BR>[Called By]<UL><LI><a href="#[68]">&gt;&gt;</a>&nbsp;&nbsp;&nbsp;UART_Open
<LI><a href="#[83]">&gt;&gt;</a>&nbsp;&nbsp;&nbsp;millis
<LI><a href="#[6c]">&gt;&gt;</a>&nbsp;&nbsp;&nbsp;UART_SetLine_Config
<LI><a href="#[57]">&gt;&gt;</a>&nbsp;&nbsp;&nbsp;SystemCoreClockUpdate
<LI><a href="#[53]">&gt;&gt;</a>&nbsp;&nbsp;&nbsp;CLK_GetPLLClockFreq
<LI><a href="#[52]">&gt;&gt;</a>&nbsp;&nbsp;&nbsp;CLK_GetPLLClockFreq
<LI><a href="#[54]">&gt;&gt;</a>&nbsp;&nbsp;&nbsp;CLK_GetPLLClockFreq
<LI><a href="#[62]">&gt;&gt;</a>&nbsp;&nbsp;&nbsp;TIMER_Open
<LI><a href="#[40]">&gt;&gt;</a>&nbsp;&nbsp;&nbsp;__aeabi_idivmod
<LI><a href="#[50]">&gt;&gt;</a>&nbsp;&nbsp;&nbsp;CLK_EnablePLL
</UL>

<P><STRONG><a name="[a4]"></a>__aeabi_idiv</STRONG> (Thumb, 0 bytes, Stack size 16 bytes, idiv.o(.text), UNUSED)

<P><STRONG><a name="[40]"></a>__aeabi_idivmod</STRONG> (Thumb, 40 bytes, Stack size 16 bytes, idiv.o(.text))
<BR><BR>[Stack]<UL><LI>Max Depth = 28<LI>Call Chain = __aeabi_idivmod &rArr; __aeabi_uidivmod
</UL>
<BR>[Calls]<UL><LI><a href="#[41]">&gt;&gt;</a>&nbsp;&nbsp;&nbsp;__aeabi_uidivmod
</UL>
<BR>[Called By]<UL><LI><a href="#[98]">&gt;&gt;</a>&nbsp;&nbsp;&nbsp;smart_servo_move_to
<LI><a href="#[8e]">&gt;&gt;</a>&nbsp;&nbsp;&nbsp;pwm_write
<LI><a href="#[75]">&gt;&gt;</a>&nbsp;&nbsp;&nbsp;pid_position_to_pwm
<LI><a href="#[86]">&gt;&gt;</a>&nbsp;&nbsp;&nbsp;map
<LI><a href="#[7f]">&gt;&gt;</a>&nbsp;&nbsp;&nbsp;pwm_init
</UL>

<P><STRONG><a name="[a5]"></a>__aeabi_memcpy</STRONG> (Thumb, 36 bytes, Stack size 0 bytes, memcpya.o(.text), UNUSED)

<P><STRONG><a name="[61]"></a>__aeabi_memcpy4</STRONG> (Thumb, 0 bytes, Stack size 0 bytes, memcpya.o(.text))
<BR><BR>[Called By]<UL><LI><a href="#[60]">&gt;&gt;</a>&nbsp;&nbsp;&nbsp;TIMER_GetModuleClock
</UL>

<P><STRONG><a name="[a6]"></a>__aeabi_memcpy8</STRONG> (Thumb, 0 bytes, Stack size 0 bytes, memcpya.o(.text), UNUSED)

<P><STRONG><a name="[89]"></a>__aeabi_fmul</STRONG> (Thumb, 122 bytes, Stack size 16 bytes, fmul.o(.text))
<BR><BR>[Stack]<UL><LI>Max Depth = 16<LI>Call Chain = __aeabi_fmul
</UL>
<BR>[Called By]<UL><LI><a href="#[75]">&gt;&gt;</a>&nbsp;&nbsp;&nbsp;pid_position_to_pwm
</UL>

<P><STRONG><a name="[42]"></a>__aeabi_dmul</STRONG> (Thumb, 202 bytes, Stack size 72 bytes, dmul.o(.text))
<BR><BR>[Stack]<UL><LI>Max Depth = 128<LI>Call Chain = __aeabi_dmul &rArr; _double_epilogue &rArr; __aeabi_llsl
</UL>
<BR>[Calls]<UL><LI><a href="#[43]">&gt;&gt;</a>&nbsp;&nbsp;&nbsp;_double_epilogue
</UL>
<BR>[Called By]<UL><LI><a href="#[76]">&gt;&gt;</a>&nbsp;&nbsp;&nbsp;smart_servo_speed_update
<LI><a href="#[75]">&gt;&gt;</a>&nbsp;&nbsp;&nbsp;pid_position_to_pwm
</UL>

<P><STRONG><a name="[44]"></a>__aeabi_ddiv</STRONG> (Thumb, 234 bytes, Stack size 40 bytes, ddiv.o(.text))
<BR><BR>[Stack]<UL><LI>Max Depth = 48<LI>Call Chain = __aeabi_ddiv &rArr; _double_round
</UL>
<BR>[Calls]<UL><LI><a href="#[45]">&gt;&gt;</a>&nbsp;&nbsp;&nbsp;_double_round
</UL>
<BR>[Called By]<UL><LI><a href="#[76]">&gt;&gt;</a>&nbsp;&nbsp;&nbsp;smart_servo_speed_update
</UL>

<P><STRONG><a name="[46]"></a>__aeabi_i2f</STRONG> (Thumb, 22 bytes, Stack size 8 bytes, fflti.o(.text))
<BR><BR>[Stack]<UL><LI>Max Depth = 20<LI>Call Chain = __aeabi_i2f &rArr; _float_epilogue
</UL>
<BR>[Calls]<UL><LI><a href="#[47]">&gt;&gt;</a>&nbsp;&nbsp;&nbsp;_float_epilogue
</UL>
<BR>[Called By]<UL><LI><a href="#[98]">&gt;&gt;</a>&nbsp;&nbsp;&nbsp;smart_servo_move_to
<LI><a href="#[75]">&gt;&gt;</a>&nbsp;&nbsp;&nbsp;pid_position_to_pwm
</UL>

<P><STRONG><a name="[48]"></a>__aeabi_i2d</STRONG> (Thumb, 34 bytes, Stack size 16 bytes, dflti.o(.text))
<BR><BR>[Stack]<UL><LI>Max Depth = 72<LI>Call Chain = __aeabi_i2d &rArr; _double_epilogue &rArr; __aeabi_llsl
</UL>
<BR>[Calls]<UL><LI><a href="#[43]">&gt;&gt;</a>&nbsp;&nbsp;&nbsp;_double_epilogue
</UL>
<BR>[Called By]<UL><LI><a href="#[76]">&gt;&gt;</a>&nbsp;&nbsp;&nbsp;smart_servo_speed_update
<LI><a href="#[75]">&gt;&gt;</a>&nbsp;&nbsp;&nbsp;pid_position_to_pwm
</UL>

<P><STRONG><a name="[88]"></a>__aeabi_f2iz</STRONG> (Thumb, 50 bytes, Stack size 0 bytes, ffixi.o(.text))
<BR><BR>[Called By]<UL><LI><a href="#[98]">&gt;&gt;</a>&nbsp;&nbsp;&nbsp;smart_servo_move_to
<LI><a href="#[75]">&gt;&gt;</a>&nbsp;&nbsp;&nbsp;pid_position_to_pwm
</UL>

<P><STRONG><a name="[49]"></a>__aeabi_d2iz</STRONG> (Thumb, 62 bytes, Stack size 16 bytes, dfixi.o(.text))
<BR><BR>[Stack]<UL><LI>Max Depth = 24<LI>Call Chain = __aeabi_d2iz &rArr; __aeabi_llsr
</UL>
<BR>[Calls]<UL><LI><a href="#[4a]">&gt;&gt;</a>&nbsp;&nbsp;&nbsp;__aeabi_llsr
</UL>
<BR>[Called By]<UL><LI><a href="#[76]">&gt;&gt;</a>&nbsp;&nbsp;&nbsp;smart_servo_speed_update
</UL>

<P><STRONG><a name="[4b]"></a>__aeabi_d2f</STRONG> (Thumb, 56 bytes, Stack size 8 bytes, d2f.o(.text))
<BR><BR>[Stack]<UL><LI>Max Depth = 8<LI>Call Chain = __aeabi_d2f
</UL>
<BR>[Calls]<UL><LI><a href="#[4c]">&gt;&gt;</a>&nbsp;&nbsp;&nbsp;_float_round
</UL>
<BR>[Called By]<UL><LI><a href="#[75]">&gt;&gt;</a>&nbsp;&nbsp;&nbsp;pid_position_to_pwm
</UL>

<P><STRONG><a name="[9b]"></a>__aeabi_cfrcmple</STRONG> (Thumb, 20 bytes, Stack size 0 bytes, cfrcmple.o(.text))
<BR><BR>[Called By]<UL><LI><a href="#[98]">&gt;&gt;</a>&nbsp;&nbsp;&nbsp;smart_servo_move_to
</UL>

<P><STRONG><a name="[4a]"></a>__aeabi_llsr</STRONG> (Thumb, 34 bytes, Stack size 8 bytes, llushr.o(.text))
<BR><BR>[Stack]<UL><LI>Max Depth = 8<LI>Call Chain = __aeabi_llsr
</UL>
<BR>[Called By]<UL><LI><a href="#[49]">&gt;&gt;</a>&nbsp;&nbsp;&nbsp;__aeabi_d2iz
<LI><a href="#[43]">&gt;&gt;</a>&nbsp;&nbsp;&nbsp;_double_epilogue
</UL>

<P><STRONG><a name="[a7]"></a>_ll_ushift_r</STRONG> (Thumb, 0 bytes, Stack size 8 bytes, llushr.o(.text), UNUSED)

<P><STRONG><a name="[a8]"></a>__I$use$fp</STRONG> (Thumb, 0 bytes, Stack size 0 bytes, iusefp.o(.text), UNUSED)

<P><STRONG><a name="[4c]"></a>_float_round</STRONG> (Thumb, 16 bytes, Stack size 0 bytes, fepilogue.o(.text))
<BR><BR>[Called By]<UL><LI><a href="#[4b]">&gt;&gt;</a>&nbsp;&nbsp;&nbsp;__aeabi_d2f
</UL>

<P><STRONG><a name="[47]"></a>_float_epilogue</STRONG> (Thumb, 114 bytes, Stack size 12 bytes, fepilogue.o(.text))
<BR><BR>[Stack]<UL><LI>Max Depth = 12<LI>Call Chain = _float_epilogue
</UL>
<BR>[Called By]<UL><LI><a href="#[46]">&gt;&gt;</a>&nbsp;&nbsp;&nbsp;__aeabi_i2f
</UL>

<P><STRONG><a name="[45]"></a>_double_round</STRONG> (Thumb, 26 bytes, Stack size 8 bytes, depilogue.o(.text))
<BR><BR>[Stack]<UL><LI>Max Depth = 8<LI>Call Chain = _double_round
</UL>
<BR>[Called By]<UL><LI><a href="#[44]">&gt;&gt;</a>&nbsp;&nbsp;&nbsp;__aeabi_ddiv
<LI><a href="#[43]">&gt;&gt;</a>&nbsp;&nbsp;&nbsp;_double_epilogue
</UL>

<P><STRONG><a name="[43]"></a>_double_epilogue</STRONG> (Thumb, 164 bytes, Stack size 48 bytes, depilogue.o(.text))
<BR><BR>[Stack]<UL><LI>Max Depth = 56<LI>Call Chain = _double_epilogue &rArr; __aeabi_llsl
</UL>
<BR>[Calls]<UL><LI><a href="#[4e]">&gt;&gt;</a>&nbsp;&nbsp;&nbsp;__aeabi_llsl
<LI><a href="#[4d]">&gt;&gt;</a>&nbsp;&nbsp;&nbsp;__ARM_clz
<LI><a href="#[4a]">&gt;&gt;</a>&nbsp;&nbsp;&nbsp;__aeabi_llsr
<LI><a href="#[45]">&gt;&gt;</a>&nbsp;&nbsp;&nbsp;_double_round
</UL>
<BR>[Called By]<UL><LI><a href="#[48]">&gt;&gt;</a>&nbsp;&nbsp;&nbsp;__aeabi_i2d
<LI><a href="#[42]">&gt;&gt;</a>&nbsp;&nbsp;&nbsp;__aeabi_dmul
</UL>

<P><STRONG><a name="[3f]"></a>__scatterload</STRONG> (Thumb, 28 bytes, Stack size 0 bytes, init.o(.text))
<BR><BR>[Calls]<UL><LI><a href="#[4f]">&gt;&gt;</a>&nbsp;&nbsp;&nbsp;__main_after_scatterload
</UL>
<BR>[Called By]<UL><LI><a href="#[3e]">&gt;&gt;</a>&nbsp;&nbsp;&nbsp;_main_scatterload
</UL>

<P><STRONG><a name="[a9]"></a>__scatterload_rt2</STRONG> (Thumb, 0 bytes, Stack size 0 bytes, init.o(.text), UNUSED)

<P><STRONG><a name="[4e]"></a>__aeabi_llsl</STRONG> (Thumb, 32 bytes, Stack size 8 bytes, llshl.o(.text))
<BR><BR>[Stack]<UL><LI>Max Depth = 8<LI>Call Chain = __aeabi_llsl
</UL>
<BR>[Called By]<UL><LI><a href="#[43]">&gt;&gt;</a>&nbsp;&nbsp;&nbsp;_double_epilogue
</UL>

<P><STRONG><a name="[aa]"></a>_ll_shift_l</STRONG> (Thumb, 0 bytes, Stack size 8 bytes, llshl.o(.text), UNUSED)

<P><STRONG><a name="[5c]"></a>CLK_EnableModuleClock</STRONG> (Thumb, 32 bytes, Stack size 0 bytes, clk.o(i.CLK_EnableModuleClock))
<BR><BR>[Called By]<UL><LI><a href="#[5a]">&gt;&gt;</a>&nbsp;&nbsp;&nbsp;SYS_Init
</UL>

<P><STRONG><a name="[50]"></a>CLK_EnablePLL</STRONG> (Thumb, 258 bytes, Stack size 40 bytes, clk.o(i.CLK_EnablePLL))
<BR><BR>[Stack]<UL><LI>Max Depth = 84<LI>Call Chain = CLK_EnablePLL &rArr; CLK_GetPLLClockFreq &rArr; __aeabi_uidivmod
</UL>
<BR>[Calls]<UL><LI><a href="#[52]">&gt;&gt;</a>&nbsp;&nbsp;&nbsp;CLK_GetPLLClockFreq
<LI><a href="#[51]">&gt;&gt;</a>&nbsp;&nbsp;&nbsp;CLK_WaitClockReady
<LI><a href="#[41]">&gt;&gt;</a>&nbsp;&nbsp;&nbsp;__aeabi_uidivmod
</UL>
<BR>[Called By]<UL><LI><a href="#[55]">&gt;&gt;</a>&nbsp;&nbsp;&nbsp;CLK_SetCoreClock
</UL>

<P><STRONG><a name="[5b]"></a>CLK_EnableXtalRC</STRONG> (Thumb, 12 bytes, Stack size 0 bytes, clk.o(i.CLK_EnableXtalRC))
<BR><BR>[Called By]<UL><LI><a href="#[5a]">&gt;&gt;</a>&nbsp;&nbsp;&nbsp;SYS_Init
</UL>

<P><STRONG><a name="[55]"></a>CLK_SetCoreClock</STRONG> (Thumb, 70 bytes, Stack size 8 bytes, clk.o(i.CLK_SetCoreClock))
<BR><BR>[Stack]<UL><LI>Max Depth = 92<LI>Call Chain = CLK_SetCoreClock &rArr; CLK_EnablePLL &rArr; CLK_GetPLLClockFreq &rArr; __aeabi_uidivmod
</UL>
<BR>[Calls]<UL><LI><a href="#[56]">&gt;&gt;</a>&nbsp;&nbsp;&nbsp;CLK_SetHCLK
<LI><a href="#[50]">&gt;&gt;</a>&nbsp;&nbsp;&nbsp;CLK_EnablePLL
</UL>
<BR>[Called By]<UL><LI><a href="#[5a]">&gt;&gt;</a>&nbsp;&nbsp;&nbsp;SYS_Init
</UL>

<P><STRONG><a name="[56]"></a>CLK_SetHCLK</STRONG> (Thumb, 38 bytes, Stack size 16 bytes, clk.o(i.CLK_SetHCLK))
<BR><BR>[Stack]<UL><LI>Max Depth = 76<LI>Call Chain = CLK_SetHCLK &rArr; SystemCoreClockUpdate &rArr; CLK_GetPLLClockFreq &rArr; __aeabi_uidivmod
</UL>
<BR>[Calls]<UL><LI><a href="#[57]">&gt;&gt;</a>&nbsp;&nbsp;&nbsp;SystemCoreClockUpdate
</UL>
<BR>[Called By]<UL><LI><a href="#[5a]">&gt;&gt;</a>&nbsp;&nbsp;&nbsp;SYS_Init
<LI><a href="#[55]">&gt;&gt;</a>&nbsp;&nbsp;&nbsp;CLK_SetCoreClock
</UL>

<P><STRONG><a name="[5d]"></a>CLK_SetModuleClock</STRONG> (Thumb, 94 bytes, Stack size 20 bytes, clk.o(i.CLK_SetModuleClock))
<BR><BR>[Stack]<UL><LI>Max Depth = 20<LI>Call Chain = CLK_SetModuleClock
</UL>
<BR>[Called By]<UL><LI><a href="#[5a]">&gt;&gt;</a>&nbsp;&nbsp;&nbsp;SYS_Init
</UL>

<P><STRONG><a name="[51]"></a>CLK_WaitClockReady</STRONG> (Thumb, 32 bytes, Stack size 0 bytes, clk.o(i.CLK_WaitClockReady))
<BR><BR>[Called By]<UL><LI><a href="#[5a]">&gt;&gt;</a>&nbsp;&nbsp;&nbsp;SYS_Init
<LI><a href="#[50]">&gt;&gt;</a>&nbsp;&nbsp;&nbsp;CLK_EnablePLL
</UL>

<P><STRONG><a name="[b]"></a>GPIOP2P3P4_IRQHandler</STRONG> (Thumb, 54 bytes, Stack size 0 bytes, interrupt.o(i.GPIOP2P3P4_IRQHandler))
<BR>[Address Reference Count : 1]<UL><LI> startup_m051series.o(RESET)
</UL>
<P><STRONG><a name="[7e]"></a>GPIO_EnableInt</STRONG> (Thumb, 26 bytes, Stack size 8 bytes, gpio.o(i.GPIO_EnableInt))
<BR><BR>[Stack]<UL><LI>Max Depth = 8<LI>Call Chain = GPIO_EnableInt
</UL>
<BR>[Called By]<UL><LI><a href="#[7b]">&gt;&gt;</a>&nbsp;&nbsp;&nbsp;init_local_device
</UL>

<P><STRONG><a name="[8b]"></a>GPIO_SetMode</STRONG> (Thumb, 46 bytes, Stack size 16 bytes, gpio.o(i.GPIO_SetMode))
<BR><BR>[Stack]<UL><LI>Max Depth = 16<LI>Call Chain = GPIO_SetMode
</UL>
<BR>[Called By]<UL><LI><a href="#[7d]">&gt;&gt;</a>&nbsp;&nbsp;&nbsp;pinMode
</UL>

<P><STRONG><a name="[59]"></a>I2C_ClearTimeoutFlag</STRONG> (Thumb, 10 bytes, Stack size 0 bytes, i2c.o(i.I2C_ClearTimeoutFlag))
<BR><BR>[Called By]<UL><LI><a href="#[18]">&gt;&gt;</a>&nbsp;&nbsp;&nbsp;I2C_IRQHandler
</UL>

<P><STRONG><a name="[58]"></a>I2C_GetStatus</STRONG> (Thumb, 6 bytes, Stack size 0 bytes, i2c.o(i.I2C_GetStatus))
<BR><BR>[Called By]<UL><LI><a href="#[18]">&gt;&gt;</a>&nbsp;&nbsp;&nbsp;I2C_IRQHandler
</UL>

<P><STRONG><a name="[18]"></a>I2C_IRQHandler</STRONG> (Thumb, 54 bytes, Stack size 8 bytes, interrupt.o(i.I2C_IRQHandler))
<BR><BR>[Stack]<UL><LI>Max Depth = 8<LI>Call Chain = I2C_IRQHandler
</UL>
<BR>[Calls]<UL><LI><a href="#[58]">&gt;&gt;</a>&nbsp;&nbsp;&nbsp;I2C_GetStatus
<LI><a href="#[59]">&gt;&gt;</a>&nbsp;&nbsp;&nbsp;I2C_ClearTimeoutFlag
</UL>
<BR>[Address Reference Count : 1]<UL><LI> startup_m051series.o(RESET)
</UL>
<P><STRONG><a name="[78]"></a>Pin2Addr</STRONG> (Thumb, 26 bytes, Stack size 12 bytes, mygpio.o(i.Pin2Addr))
<BR><BR>[Stack]<UL><LI>Max Depth = 12<LI>Call Chain = Pin2Addr
</UL>
<BR>[Called By]<UL><LI><a href="#[77]">&gt;&gt;</a>&nbsp;&nbsp;&nbsp;digitalWrite
</UL>

<P><STRONG><a name="[5a]"></a>SYS_Init</STRONG> (Thumb, 154 bytes, Stack size 8 bytes, sysinit.o(i.SYS_Init))
<BR><BR>[Stack]<UL><LI>Max Depth = 100<LI>Call Chain = SYS_Init &rArr; CLK_SetCoreClock &rArr; CLK_EnablePLL &rArr; CLK_GetPLLClockFreq &rArr; __aeabi_uidivmod
</UL>
<BR>[Calls]<UL><LI><a href="#[51]">&gt;&gt;</a>&nbsp;&nbsp;&nbsp;CLK_WaitClockReady
<LI><a href="#[5d]">&gt;&gt;</a>&nbsp;&nbsp;&nbsp;CLK_SetModuleClock
<LI><a href="#[56]">&gt;&gt;</a>&nbsp;&nbsp;&nbsp;CLK_SetHCLK
<LI><a href="#[55]">&gt;&gt;</a>&nbsp;&nbsp;&nbsp;CLK_SetCoreClock
<LI><a href="#[5b]">&gt;&gt;</a>&nbsp;&nbsp;&nbsp;CLK_EnableXtalRC
<LI><a href="#[5c]">&gt;&gt;</a>&nbsp;&nbsp;&nbsp;CLK_EnableModuleClock
</UL>
<BR>[Called By]<UL><LI><a href="#[1c]">&gt;&gt;</a>&nbsp;&nbsp;&nbsp;main
</UL>

<P><STRONG><a name="[67]"></a>SYS_ResetModule</STRONG> (Thumb, 48 bytes, Stack size 0 bytes, sys.o(i.SYS_ResetModule))
<BR><BR>[Called By]<UL><LI><a href="#[6a]">&gt;&gt;</a>&nbsp;&nbsp;&nbsp;UART1_Init
<LI><a href="#[66]">&gt;&gt;</a>&nbsp;&nbsp;&nbsp;UART0_Init
</UL>

<P><STRONG><a name="[5e]"></a>SendErrorUart0</STRONG> (Thumb, 38 bytes, Stack size 4 bytes, protocol.o(i.SendErrorUart0))
<BR><BR>[Stack]<UL><LI>Max Depth = 4<LI>Call Chain = SendErrorUart0
</UL>
<BR>[Calls]<UL><LI><a href="#[5f]">&gt;&gt;</a>&nbsp;&nbsp;&nbsp;write_byte_uart0
</UL>
<BR>[Called By]<UL><LI><a href="#[6d]">&gt;&gt;</a>&nbsp;&nbsp;&nbsp;processSysexMessage
<LI><a href="#[3c]">&gt;&gt;</a>&nbsp;&nbsp;&nbsp;smart_servo_cmd_process
</UL>

<P><STRONG><a name="[57]"></a>SystemCoreClockUpdate</STRONG> (Thumb, 76 bytes, Stack size 16 bytes, system_m051series.o(i.SystemCoreClockUpdate))
<BR><BR>[Stack]<UL><LI>Max Depth = 60<LI>Call Chain = SystemCoreClockUpdate &rArr; CLK_GetPLLClockFreq &rArr; __aeabi_uidivmod
</UL>
<BR>[Calls]<UL><LI><a href="#[53]">&gt;&gt;</a>&nbsp;&nbsp;&nbsp;CLK_GetPLLClockFreq
<LI><a href="#[41]">&gt;&gt;</a>&nbsp;&nbsp;&nbsp;__aeabi_uidivmod
</UL>
<BR>[Called By]<UL><LI><a href="#[56]">&gt;&gt;</a>&nbsp;&nbsp;&nbsp;CLK_SetHCLK
</UL>

<P><STRONG><a name="[1d]"></a>SystemInit</STRONG> (Thumb, 2 bytes, Stack size 0 bytes, system_m051series.o(i.SystemInit))
<BR>[Address Reference Count : 1]<UL><LI> startup_m051series.o(.text)
</UL>
<P><STRONG><a name="[60]"></a>TIMER_GetModuleClock</STRONG> (Thumb, 110 bytes, Stack size 48 bytes, timer.o(i.TIMER_GetModuleClock))
<BR><BR>[Stack]<UL><LI>Max Depth = 48<LI>Call Chain = TIMER_GetModuleClock
</UL>
<BR>[Calls]<UL><LI><a href="#[61]">&gt;&gt;</a>&nbsp;&nbsp;&nbsp;__aeabi_memcpy4
</UL>
<BR>[Called By]<UL><LI><a href="#[62]">&gt;&gt;</a>&nbsp;&nbsp;&nbsp;TIMER_Open
</UL>

<P><STRONG><a name="[62]"></a>TIMER_Open</STRONG> (Thumb, 118 bytes, Stack size 32 bytes, timer.o(i.TIMER_Open))
<BR><BR>[Stack]<UL><LI>Max Depth = 80<LI>Call Chain = TIMER_Open &rArr; TIMER_GetModuleClock
</UL>
<BR>[Calls]<UL><LI><a href="#[60]">&gt;&gt;</a>&nbsp;&nbsp;&nbsp;TIMER_GetModuleClock
<LI><a href="#[41]">&gt;&gt;</a>&nbsp;&nbsp;&nbsp;__aeabi_uidivmod
</UL>
<BR>[Called By]<UL><LI><a href="#[63]">&gt;&gt;</a>&nbsp;&nbsp;&nbsp;TMR0_Init
</UL>

<P><STRONG><a name="[e]"></a>TMR0_IRQHandler</STRONG> (Thumb, 36 bytes, Stack size 0 bytes, interrupt.o(i.TMR0_IRQHandler))
<BR>[Address Reference Count : 1]<UL><LI> startup_m051series.o(RESET)
</UL>
<P><STRONG><a name="[63]"></a>TMR0_Init</STRONG> (Thumb, 58 bytes, Stack size 8 bytes, sysinit.o(i.TMR0_Init))
<BR><BR>[Stack]<UL><LI>Max Depth = 88<LI>Call Chain = TMR0_Init &rArr; TIMER_Open &rArr; TIMER_GetModuleClock
</UL>
<BR>[Calls]<UL><LI><a href="#[62]">&gt;&gt;</a>&nbsp;&nbsp;&nbsp;TIMER_Open
<LI><a href="#[64]">&gt;&gt;</a>&nbsp;&nbsp;&nbsp;NVIC_EnableIRQ
</UL>
<BR>[Called By]<UL><LI><a href="#[1c]">&gt;&gt;</a>&nbsp;&nbsp;&nbsp;main
</UL>

<P><STRONG><a name="[12]"></a>UART0_IRQHandler</STRONG> (Thumb, 8 bytes, Stack size 8 bytes, interrupt.o(i.UART0_IRQHandler))
<BR><BR>[Stack]<UL><LI>Max Depth = 36<LI>Call Chain = UART0_IRQHandler &rArr; Uart0_Handle &rArr; processSysexMessage &rArr; SendErrorUart0
</UL>
<BR>[Calls]<UL><LI><a href="#[65]">&gt;&gt;</a>&nbsp;&nbsp;&nbsp;Uart0_Handle
</UL>
<BR>[Address Reference Count : 1]<UL><LI> startup_m051series.o(RESET)
</UL>
<P><STRONG><a name="[66]"></a>UART0_Init</STRONG> (Thumb, 20 bytes, Stack size 8 bytes, uart_printf.o(i.UART0_Init))
<BR><BR>[Stack]<UL><LI>Max Depth = 100<LI>Call Chain = UART0_Init &rArr; UART_Open &rArr; CLK_GetPLLClockFreq &rArr; __aeabi_uidivmod
</UL>
<BR>[Calls]<UL><LI><a href="#[68]">&gt;&gt;</a>&nbsp;&nbsp;&nbsp;UART_Open
<LI><a href="#[67]">&gt;&gt;</a>&nbsp;&nbsp;&nbsp;SYS_ResetModule
</UL>
<BR>[Called By]<UL><LI><a href="#[1c]">&gt;&gt;</a>&nbsp;&nbsp;&nbsp;main
</UL>

<P><STRONG><a name="[13]"></a>UART1_IRQHandler</STRONG> (Thumb, 8 bytes, Stack size 8 bytes, interrupt.o(i.UART1_IRQHandler))
<BR><BR>[Stack]<UL><LI>Max Depth = 8<LI>Call Chain = UART1_IRQHandler
</UL>
<BR>[Calls]<UL><LI><a href="#[69]">&gt;&gt;</a>&nbsp;&nbsp;&nbsp;Uart1_Handle
</UL>
<BR>[Address Reference Count : 1]<UL><LI> startup_m051series.o(RESET)
</UL>
<P><STRONG><a name="[6a]"></a>UART1_Init</STRONG> (Thumb, 20 bytes, Stack size 8 bytes, uart_printf.o(i.UART1_Init))
<BR><BR>[Stack]<UL><LI>Max Depth = 100<LI>Call Chain = UART1_Init &rArr; UART_Open &rArr; CLK_GetPLLClockFreq &rArr; __aeabi_uidivmod
</UL>
<BR>[Calls]<UL><LI><a href="#[68]">&gt;&gt;</a>&nbsp;&nbsp;&nbsp;UART_Open
<LI><a href="#[67]">&gt;&gt;</a>&nbsp;&nbsp;&nbsp;SYS_ResetModule
</UL>
<BR>[Called By]<UL><LI><a href="#[1c]">&gt;&gt;</a>&nbsp;&nbsp;&nbsp;main
</UL>

<P><STRONG><a name="[6b]"></a>UART_Function_Init</STRONG> (Thumb, 40 bytes, Stack size 8 bytes, sysinit.o(i.UART_Function_Init))
<BR><BR>[Stack]<UL><LI>Max Depth = 8<LI>Call Chain = UART_Function_Init
</UL>
<BR>[Calls]<UL><LI><a href="#[64]">&gt;&gt;</a>&nbsp;&nbsp;&nbsp;NVIC_EnableIRQ
</UL>
<BR>[Called By]<UL><LI><a href="#[1c]">&gt;&gt;</a>&nbsp;&nbsp;&nbsp;main
</UL>

<P><STRONG><a name="[68]"></a>UART_Open</STRONG> (Thumb, 166 bytes, Stack size 48 bytes, uart.o(i.UART_Open))
<BR><BR>[Stack]<UL><LI>Max Depth = 92<LI>Call Chain = UART_Open &rArr; CLK_GetPLLClockFreq &rArr; __aeabi_uidivmod
</UL>
<BR>[Calls]<UL><LI><a href="#[54]">&gt;&gt;</a>&nbsp;&nbsp;&nbsp;CLK_GetPLLClockFreq
<LI><a href="#[41]">&gt;&gt;</a>&nbsp;&nbsp;&nbsp;__aeabi_uidivmod
</UL>
<BR>[Called By]<UL><LI><a href="#[6a]">&gt;&gt;</a>&nbsp;&nbsp;&nbsp;UART1_Init
<LI><a href="#[66]">&gt;&gt;</a>&nbsp;&nbsp;&nbsp;UART0_Init
</UL>

<P><STRONG><a name="[6c]"></a>UART_SetLine_Config</STRONG> (Thumb, 170 bytes, Stack size 64 bytes, uart.o(i.UART_SetLine_Config))
<BR><BR>[Stack]<UL><LI>Max Depth = 108<LI>Call Chain = UART_SetLine_Config &rArr; CLK_GetPLLClockFreq &rArr; __aeabi_uidivmod
</UL>
<BR>[Calls]<UL><LI><a href="#[54]">&gt;&gt;</a>&nbsp;&nbsp;&nbsp;CLK_GetPLLClockFreq
<LI><a href="#[41]">&gt;&gt;</a>&nbsp;&nbsp;&nbsp;__aeabi_uidivmod
</UL>
<BR>[Called By]<UL><LI><a href="#[1c]">&gt;&gt;</a>&nbsp;&nbsp;&nbsp;main
</UL>

<P><STRONG><a name="[4d]"></a>__ARM_clz</STRONG> (Thumb, 46 bytes, Stack size 0 bytes, depilogue.o(i.__ARM_clz))
<BR><BR>[Called By]<UL><LI><a href="#[43]">&gt;&gt;</a>&nbsp;&nbsp;&nbsp;_double_epilogue
</UL>

<P><STRONG><a name="[71]"></a>__ARM_common_switch8</STRONG> (Thumb, 28 bytes, Stack size 8 bytes, adc.o(i.__ARM_common_switch8))
<BR><BR>[Stack]<UL><LI>Max Depth = 8<LI>Call Chain = __ARM_common_switch8
</UL>
<BR>[Called By]<UL><LI><a href="#[6f]">&gt;&gt;</a>&nbsp;&nbsp;&nbsp;analogRead
<LI><a href="#[85]">&gt;&gt;</a>&nbsp;&nbsp;&nbsp;send_sensor_report
<LI><a href="#[7f]">&gt;&gt;</a>&nbsp;&nbsp;&nbsp;pwm_init
<LI><a href="#[7d]">&gt;&gt;</a>&nbsp;&nbsp;&nbsp;pinMode
<LI><a href="#[7b]">&gt;&gt;</a>&nbsp;&nbsp;&nbsp;init_local_device
<LI><a href="#[8f]">&gt;&gt;</a>&nbsp;&nbsp;&nbsp;pwm_writeMicroseconds
</UL>

<P><STRONG><a name="[ab]"></a>__scatterload_copy</STRONG> (Thumb, 14 bytes, Stack size unknown bytes, handlers.o(i.__scatterload_copy), UNUSED)

<P><STRONG><a name="[ac]"></a>__scatterload_null</STRONG> (Thumb, 2 bytes, Stack size unknown bytes, handlers.o(i.__scatterload_null), UNUSED)

<P><STRONG><a name="[ad]"></a>__scatterload_zeroinit</STRONG> (Thumb, 14 bytes, Stack size unknown bytes, handlers.o(i.__scatterload_zeroinit), UNUSED)

<P><STRONG><a name="[6e]"></a>adc_get_position_value</STRONG> (Thumb, 18 bytes, Stack size 8 bytes, smartservo.o(i.adc_get_position_value))
<BR><BR>[Stack]<UL><LI>Max Depth = 20<LI>Call Chain = adc_get_position_value &rArr; analogRead &rArr; __ARM_common_switch8
</UL>
<BR>[Calls]<UL><LI><a href="#[6f]">&gt;&gt;</a>&nbsp;&nbsp;&nbsp;analogRead
</UL>
<BR>[Called By]<UL><LI><a href="#[76]">&gt;&gt;</a>&nbsp;&nbsp;&nbsp;smart_servo_speed_update
<LI><a href="#[75]">&gt;&gt;</a>&nbsp;&nbsp;&nbsp;pid_position_to_pwm
<LI><a href="#[3c]">&gt;&gt;</a>&nbsp;&nbsp;&nbsp;smart_servo_cmd_process
<LI><a href="#[7c]">&gt;&gt;</a>&nbsp;&nbsp;&nbsp;samrt_servo_init
<LI><a href="#[79]">&gt;&gt;</a>&nbsp;&nbsp;&nbsp;get_sensor_data
</UL>

<P><STRONG><a name="[6f]"></a>analogRead</STRONG> (Thumb, 304 bytes, Stack size 4 bytes, mygpio.o(i.analogRead))
<BR><BR>[Stack]<UL><LI>Max Depth = 12<LI>Call Chain = analogRead &rArr; __ARM_common_switch8
</UL>
<BR>[Calls]<UL><LI><a href="#[70]">&gt;&gt;</a>&nbsp;&nbsp;&nbsp;is_pin_analog
<LI><a href="#[71]">&gt;&gt;</a>&nbsp;&nbsp;&nbsp;__ARM_common_switch8
</UL>
<BR>[Called By]<UL><LI><a href="#[27]">&gt;&gt;</a>&nbsp;&nbsp;&nbsp;read_analog_response
<LI><a href="#[6e]">&gt;&gt;</a>&nbsp;&nbsp;&nbsp;adc_get_position_value
</UL>

<P><STRONG><a name="[74]"></a>device_neep_loop_in_sampling</STRONG> (Thumb, 40 bytes, Stack size 8 bytes, protocol.o(i.device_neep_loop_in_sampling))
<BR><BR>[Stack]<UL><LI>Max Depth = 176<LI>Call Chain = device_neep_loop_in_sampling &rArr; smart_servo_speed_update &rArr; __aeabi_dmul &rArr; _double_epilogue &rArr; __aeabi_llsl
</UL>
<BR>[Calls]<UL><LI><a href="#[76]">&gt;&gt;</a>&nbsp;&nbsp;&nbsp;smart_servo_speed_update
<LI><a href="#[75]">&gt;&gt;</a>&nbsp;&nbsp;&nbsp;pid_position_to_pwm
</UL>
<BR>[Called By]<UL><LI><a href="#[1c]">&gt;&gt;</a>&nbsp;&nbsp;&nbsp;main
</UL>

<P><STRONG><a name="[91]"></a>digitalRead</STRONG> (Thumb, 26 bytes, Stack size 8 bytes, mygpio.o(i.digitalRead))
<BR><BR>[Stack]<UL><LI>Max Depth = 8<LI>Call Chain = digitalRead
</UL>
<BR>[Called By]<UL><LI><a href="#[26]">&gt;&gt;</a>&nbsp;&nbsp;&nbsp;read_digital_response
</UL>

<P><STRONG><a name="[77]"></a>digitalWrite</STRONG> (Thumb, 16 bytes, Stack size 12 bytes, mygpio.o(i.digitalWrite))
<BR><BR>[Stack]<UL><LI>Max Depth = 24<LI>Call Chain = digitalWrite &rArr; Pin2Addr
</UL>
<BR>[Calls]<UL><LI><a href="#[78]">&gt;&gt;</a>&nbsp;&nbsp;&nbsp;Pin2Addr
</UL>
<BR>[Called By]<UL><LI><a href="#[7c]">&gt;&gt;</a>&nbsp;&nbsp;&nbsp;samrt_servo_init
<LI><a href="#[7b]">&gt;&gt;</a>&nbsp;&nbsp;&nbsp;init_local_device
</UL>

<P><STRONG><a name="[8c]"></a>flush_uart0_forward_buffer</STRONG> (Thumb, 50 bytes, Stack size 0 bytes, protocol.o(i.flush_uart0_forward_buffer))
<BR><BR>[Called By]<UL><LI><a href="#[6d]">&gt;&gt;</a>&nbsp;&nbsp;&nbsp;processSysexMessage
</UL>

<P><STRONG><a name="[82]"></a>flush_uart0_local_buffer</STRONG> (Thumb, 112 bytes, Stack size 0 bytes, protocol.o(i.flush_uart0_local_buffer))
<BR><BR>[Called By]<UL><LI><a href="#[1c]">&gt;&gt;</a>&nbsp;&nbsp;&nbsp;main
</UL>

<P><STRONG><a name="[81]"></a>flush_uart1_forward_buffer</STRONG> (Thumb, 112 bytes, Stack size 0 bytes, protocol.o(i.flush_uart1_forward_buffer))
<BR><BR>[Called By]<UL><LI><a href="#[1c]">&gt;&gt;</a>&nbsp;&nbsp;&nbsp;main
</UL>

<P><STRONG><a name="[79]"></a>get_sensor_data</STRONG> (Thumb, 20 bytes, Stack size 8 bytes, adc.o(i.get_sensor_data))
<BR><BR>[Stack]<UL><LI>Max Depth = 28<LI>Call Chain = get_sensor_data &rArr; adc_get_position_value &rArr; analogRead &rArr; __ARM_common_switch8
</UL>
<BR>[Calls]<UL><LI><a href="#[6e]">&gt;&gt;</a>&nbsp;&nbsp;&nbsp;adc_get_position_value
</UL>
<BR>[Called By]<UL><LI><a href="#[1c]">&gt;&gt;</a>&nbsp;&nbsp;&nbsp;main
</UL>

<P><STRONG><a name="[7b]"></a>init_local_device</STRONG> (Thumb, 508 bytes, Stack size 8 bytes, adc.o(i.init_local_device))
<BR><BR>[Stack]<UL><LI>Max Depth = 60<LI>Call Chain = init_local_device &rArr; samrt_servo_init &rArr; pwm_init &rArr; __aeabi_idivmod &rArr; __aeabi_uidivmod
</UL>
<BR>[Calls]<UL><LI><a href="#[7c]">&gt;&gt;</a>&nbsp;&nbsp;&nbsp;samrt_servo_init
<LI><a href="#[7f]">&gt;&gt;</a>&nbsp;&nbsp;&nbsp;pwm_init
<LI><a href="#[7d]">&gt;&gt;</a>&nbsp;&nbsp;&nbsp;pinMode
<LI><a href="#[77]">&gt;&gt;</a>&nbsp;&nbsp;&nbsp;digitalWrite
<LI><a href="#[7e]">&gt;&gt;</a>&nbsp;&nbsp;&nbsp;GPIO_EnableInt
<LI><a href="#[71]">&gt;&gt;</a>&nbsp;&nbsp;&nbsp;__ARM_common_switch8
</UL>
<BR>[Called By]<UL><LI><a href="#[84]">&gt;&gt;</a>&nbsp;&nbsp;&nbsp;service_detect
</UL>

<P><STRONG><a name="[70]"></a>is_pin_analog</STRONG> (Thumb, 30 bytes, Stack size 0 bytes, mygpio.o(i.is_pin_analog))
<BR><BR>[Called By]<UL><LI><a href="#[6f]">&gt;&gt;</a>&nbsp;&nbsp;&nbsp;analogRead
</UL>

<P><STRONG><a name="[1c]"></a>main</STRONG> (Thumb, 172 bytes, Stack size 16 bytes, adc.o(i.main))
<BR><BR>[Stack]<UL><LI>Max Depth = 192<LI>Call Chain = main &rArr; device_neep_loop_in_sampling &rArr; smart_servo_speed_update &rArr; __aeabi_dmul &rArr; _double_epilogue &rArr; __aeabi_llsl
</UL>
<BR>[Calls]<UL><LI><a href="#[85]">&gt;&gt;</a>&nbsp;&nbsp;&nbsp;send_sensor_report
<LI><a href="#[83]">&gt;&gt;</a>&nbsp;&nbsp;&nbsp;millis
<LI><a href="#[81]">&gt;&gt;</a>&nbsp;&nbsp;&nbsp;flush_uart1_forward_buffer
<LI><a href="#[82]">&gt;&gt;</a>&nbsp;&nbsp;&nbsp;flush_uart0_local_buffer
<LI><a href="#[74]">&gt;&gt;</a>&nbsp;&nbsp;&nbsp;device_neep_loop_in_sampling
<LI><a href="#[6c]">&gt;&gt;</a>&nbsp;&nbsp;&nbsp;UART_SetLine_Config
<LI><a href="#[6b]">&gt;&gt;</a>&nbsp;&nbsp;&nbsp;UART_Function_Init
<LI><a href="#[6a]">&gt;&gt;</a>&nbsp;&nbsp;&nbsp;UART1_Init
<LI><a href="#[66]">&gt;&gt;</a>&nbsp;&nbsp;&nbsp;UART0_Init
<LI><a href="#[63]">&gt;&gt;</a>&nbsp;&nbsp;&nbsp;TMR0_Init
<LI><a href="#[5a]">&gt;&gt;</a>&nbsp;&nbsp;&nbsp;SYS_Init
<LI><a href="#[84]">&gt;&gt;</a>&nbsp;&nbsp;&nbsp;service_detect
<LI><a href="#[79]">&gt;&gt;</a>&nbsp;&nbsp;&nbsp;get_sensor_data
</UL>
<BR>[Address Reference Count : 1]<UL><LI> entry9a.o(.ARM.Collect$$$$0000000B)
</UL>
<P><STRONG><a name="[86]"></a>map</STRONG> (Thumb, 30 bytes, Stack size 24 bytes, mygpio.o(i.map))
<BR><BR>[Stack]<UL><LI>Max Depth = 52<LI>Call Chain = map &rArr; __aeabi_idivmod &rArr; __aeabi_uidivmod
</UL>
<BR>[Calls]<UL><LI><a href="#[40]">&gt;&gt;</a>&nbsp;&nbsp;&nbsp;__aeabi_idivmod
</UL>
<BR>[Called By]<UL><LI><a href="#[8e]">&gt;&gt;</a>&nbsp;&nbsp;&nbsp;pwm_write
</UL>

<P><STRONG><a name="[83]"></a>millis</STRONG> (Thumb, 14 bytes, Stack size 8 bytes, systime.o(i.millis))
<BR><BR>[Stack]<UL><LI>Max Depth = 20<LI>Call Chain = millis &rArr; __aeabi_uidivmod
</UL>
<BR>[Calls]<UL><LI><a href="#[41]">&gt;&gt;</a>&nbsp;&nbsp;&nbsp;__aeabi_uidivmod
</UL>
<BR>[Called By]<UL><LI><a href="#[1c]">&gt;&gt;</a>&nbsp;&nbsp;&nbsp;main
</UL>

<P><STRONG><a name="[75]"></a>pid_position_to_pwm</STRONG> (Thumb, 458 bytes, Stack size 32 bytes, smartservo.o(i.pid_position_to_pwm))
<BR><BR>[Stack]<UL><LI>Max Depth = 160<LI>Call Chain = pid_position_to_pwm &rArr; __aeabi_dmul &rArr; _double_epilogue &rArr; __aeabi_llsl
</UL>
<BR>[Calls]<UL><LI><a href="#[6e]">&gt;&gt;</a>&nbsp;&nbsp;&nbsp;adc_get_position_value
<LI><a href="#[46]">&gt;&gt;</a>&nbsp;&nbsp;&nbsp;__aeabi_i2f
<LI><a href="#[48]">&gt;&gt;</a>&nbsp;&nbsp;&nbsp;__aeabi_i2d
<LI><a href="#[89]">&gt;&gt;</a>&nbsp;&nbsp;&nbsp;__aeabi_fmul
<LI><a href="#[88]">&gt;&gt;</a>&nbsp;&nbsp;&nbsp;__aeabi_f2iz
<LI><a href="#[42]">&gt;&gt;</a>&nbsp;&nbsp;&nbsp;__aeabi_dmul
<LI><a href="#[4b]">&gt;&gt;</a>&nbsp;&nbsp;&nbsp;__aeabi_d2f
<LI><a href="#[87]">&gt;&gt;</a>&nbsp;&nbsp;&nbsp;normalize_position_difference
<LI><a href="#[8a]">&gt;&gt;</a>&nbsp;&nbsp;&nbsp;check_pwm_output_staturation
<LI><a href="#[40]">&gt;&gt;</a>&nbsp;&nbsp;&nbsp;__aeabi_idivmod
</UL>
<BR>[Called By]<UL><LI><a href="#[74]">&gt;&gt;</a>&nbsp;&nbsp;&nbsp;device_neep_loop_in_sampling
</UL>

<P><STRONG><a name="[7d]"></a>pinMode</STRONG> (Thumb, 110 bytes, Stack size 24 bytes, mygpio.o(i.pinMode))
<BR><BR>[Stack]<UL><LI>Max Depth = 40<LI>Call Chain = pinMode &rArr; GPIO_SetMode
</UL>
<BR>[Calls]<UL><LI><a href="#[8b]">&gt;&gt;</a>&nbsp;&nbsp;&nbsp;GPIO_SetMode
<LI><a href="#[71]">&gt;&gt;</a>&nbsp;&nbsp;&nbsp;__ARM_common_switch8
</UL>
<BR>[Called By]<UL><LI><a href="#[7c]">&gt;&gt;</a>&nbsp;&nbsp;&nbsp;samrt_servo_init
<LI><a href="#[7b]">&gt;&gt;</a>&nbsp;&nbsp;&nbsp;init_local_device
</UL>

<P><STRONG><a name="[6d]"></a>processSysexMessage</STRONG> (Thumb, 184 bytes, Stack size 8 bytes, protocol.o(i.processSysexMessage))
<BR><BR>[Stack]<UL><LI>Max Depth = 12<LI>Call Chain = processSysexMessage &rArr; SendErrorUart0
</UL>
<BR>[Calls]<UL><LI><a href="#[72]">&gt;&gt;</a>&nbsp;&nbsp;&nbsp;write_byte_uart1
<LI><a href="#[8c]">&gt;&gt;</a>&nbsp;&nbsp;&nbsp;flush_uart0_forward_buffer
<LI><a href="#[5e]">&gt;&gt;</a>&nbsp;&nbsp;&nbsp;SendErrorUart0
</UL>
<BR>[Called By]<UL><LI><a href="#[65]">&gt;&gt;</a>&nbsp;&nbsp;&nbsp;Uart0_Handle
</UL>

<P><STRONG><a name="[7f]"></a>pwm_init</STRONG> (Thumb, 922 bytes, Stack size 16 bytes, mepwm.o(i.pwm_init))
<BR><BR>[Stack]<UL><LI>Max Depth = 44<LI>Call Chain = pwm_init &rArr; __aeabi_idivmod &rArr; __aeabi_uidivmod
</UL>
<BR>[Calls]<UL><LI><a href="#[71]">&gt;&gt;</a>&nbsp;&nbsp;&nbsp;__ARM_common_switch8
<LI><a href="#[40]">&gt;&gt;</a>&nbsp;&nbsp;&nbsp;__aeabi_idivmod
</UL>
<BR>[Called By]<UL><LI><a href="#[7c]">&gt;&gt;</a>&nbsp;&nbsp;&nbsp;samrt_servo_init
<LI><a href="#[7b]">&gt;&gt;</a>&nbsp;&nbsp;&nbsp;init_local_device
</UL>

<P><STRONG><a name="[8e]"></a>pwm_write</STRONG> (Thumb, 88 bytes, Stack size 48 bytes, mepwm.o(i.pwm_write))
<BR><BR>[Stack]<UL><LI>Max Depth = 100<LI>Call Chain = pwm_write &rArr; map &rArr; __aeabi_idivmod &rArr; __aeabi_uidivmod
</UL>
<BR>[Calls]<UL><LI><a href="#[86]">&gt;&gt;</a>&nbsp;&nbsp;&nbsp;map
<LI><a href="#[8f]">&gt;&gt;</a>&nbsp;&nbsp;&nbsp;pwm_writeMicroseconds
<LI><a href="#[40]">&gt;&gt;</a>&nbsp;&nbsp;&nbsp;__aeabi_idivmod
</UL>
<BR>[Called By]<UL><LI><a href="#[28]">&gt;&gt;</a>&nbsp;&nbsp;&nbsp;pwm_rgb_led_response
<LI><a href="#[9c]">&gt;&gt;</a>&nbsp;&nbsp;&nbsp;smart_servo_stop
<LI><a href="#[9a]">&gt;&gt;</a>&nbsp;&nbsp;&nbsp;smart_servo_cw
<LI><a href="#[96]">&gt;&gt;</a>&nbsp;&nbsp;&nbsp;smart_servo_ccw
</UL>

<P><STRONG><a name="[8f]"></a>pwm_writeMicroseconds</STRONG> (Thumb, 168 bytes, Stack size 4 bytes, mepwm.o(i.pwm_writeMicroseconds))
<BR><BR>[Stack]<UL><LI>Max Depth = 12<LI>Call Chain = pwm_writeMicroseconds &rArr; __ARM_common_switch8
</UL>
<BR>[Calls]<UL><LI><a href="#[71]">&gt;&gt;</a>&nbsp;&nbsp;&nbsp;__ARM_common_switch8
</UL>
<BR>[Called By]<UL><LI><a href="#[8e]">&gt;&gt;</a>&nbsp;&nbsp;&nbsp;pwm_write
</UL>

<P><STRONG><a name="[97]"></a>readShort</STRONG> (Thumb, 66 bytes, Stack size 12 bytes, protocol.o(i.readShort))
<BR><BR>[Stack]<UL><LI>Max Depth = 12<LI>Call Chain = readShort
</UL>
<BR>[Called By]<UL><LI><a href="#[3c]">&gt;&gt;</a>&nbsp;&nbsp;&nbsp;smart_servo_cmd_process
</UL>

<P><STRONG><a name="[8d]"></a>readbyte</STRONG> (Thumb, 36 bytes, Stack size 8 bytes, protocol.o(i.readbyte))
<BR><BR>[Stack]<UL><LI>Max Depth = 8<LI>Call Chain = readbyte
</UL>
<BR>[Called By]<UL><LI><a href="#[28]">&gt;&gt;</a>&nbsp;&nbsp;&nbsp;pwm_rgb_led_response
</UL>

<P><STRONG><a name="[7c]"></a>samrt_servo_init</STRONG> (Thumb, 120 bytes, Stack size 8 bytes, smartservo.o(i.samrt_servo_init))
<BR><BR>[Stack]<UL><LI>Max Depth = 52<LI>Call Chain = samrt_servo_init &rArr; pwm_init &rArr; __aeabi_idivmod &rArr; __aeabi_uidivmod
</UL>
<BR>[Calls]<UL><LI><a href="#[7f]">&gt;&gt;</a>&nbsp;&nbsp;&nbsp;pwm_init
<LI><a href="#[7d]">&gt;&gt;</a>&nbsp;&nbsp;&nbsp;pinMode
<LI><a href="#[77]">&gt;&gt;</a>&nbsp;&nbsp;&nbsp;digitalWrite
<LI><a href="#[6e]">&gt;&gt;</a>&nbsp;&nbsp;&nbsp;adc_get_position_value
</UL>
<BR>[Called By]<UL><LI><a href="#[7b]">&gt;&gt;</a>&nbsp;&nbsp;&nbsp;init_local_device
</UL>

<P><STRONG><a name="[90]"></a>sendShort</STRONG> (Thumb, 84 bytes, Stack size 12 bytes, protocol.o(i.sendShort))
<BR><BR>[Stack]<UL><LI>Max Depth = 12<LI>Call Chain = sendShort
</UL>
<BR>[Calls]<UL><LI><a href="#[5f]">&gt;&gt;</a>&nbsp;&nbsp;&nbsp;write_byte_uart0
</UL>
<BR>[Called By]<UL><LI><a href="#[95]">&gt;&gt;</a>&nbsp;&nbsp;&nbsp;send_smart_pos
<LI><a href="#[80]">&gt;&gt;</a>&nbsp;&nbsp;&nbsp;send_analog_signal_value
<LI><a href="#[27]">&gt;&gt;</a>&nbsp;&nbsp;&nbsp;read_analog_response
</UL>

<P><STRONG><a name="[85]"></a>send_sensor_report</STRONG> (Thumb, 264 bytes, Stack size 8 bytes, protocol.o(i.send_sensor_report))
<BR><BR>[Stack]<UL><LI>Max Depth = 28<LI>Call Chain = send_sensor_report &rArr; send_smart_pos &rArr; sendShort
</UL>
<BR>[Calls]<UL><LI><a href="#[93]">&gt;&gt;</a>&nbsp;&nbsp;&nbsp;send_temperature_18b20_value
<LI><a href="#[95]">&gt;&gt;</a>&nbsp;&nbsp;&nbsp;send_smart_pos
<LI><a href="#[94]">&gt;&gt;</a>&nbsp;&nbsp;&nbsp;send_joystick_value
<LI><a href="#[71]">&gt;&gt;</a>&nbsp;&nbsp;&nbsp;__ARM_common_switch8
</UL>
<BR>[Called By]<UL><LI><a href="#[1c]">&gt;&gt;</a>&nbsp;&nbsp;&nbsp;main
</UL>

<P><STRONG><a name="[92]"></a>sendbyte</STRONG> (Thumb, 46 bytes, Stack size 8 bytes, protocol.o(i.sendbyte))
<BR><BR>[Stack]<UL><LI>Max Depth = 8<LI>Call Chain = sendbyte
</UL>
<BR>[Calls]<UL><LI><a href="#[5f]">&gt;&gt;</a>&nbsp;&nbsp;&nbsp;write_byte_uart0
</UL>
<BR>[Called By]<UL><LI><a href="#[7a]">&gt;&gt;</a>&nbsp;&nbsp;&nbsp;send_infrared_receiver_value
</UL>

<P><STRONG><a name="[84]"></a>service_detect</STRONG> (Thumb, 24 bytes, Stack size 8 bytes, adc.o(i.service_detect))
<BR><BR>[Stack]<UL><LI>Max Depth = 68<LI>Call Chain = service_detect &rArr; init_local_device &rArr; samrt_servo_init &rArr; pwm_init &rArr; __aeabi_idivmod &rArr; __aeabi_uidivmod
</UL>
<BR>[Calls]<UL><LI><a href="#[7b]">&gt;&gt;</a>&nbsp;&nbsp;&nbsp;init_local_device
</UL>
<BR>[Called By]<UL><LI><a href="#[1c]">&gt;&gt;</a>&nbsp;&nbsp;&nbsp;main
</UL>

<P><STRONG><a name="[99]"></a>smart_servo_move</STRONG> (Thumb, 22 bytes, Stack size 16 bytes, smartservo.o(i.smart_servo_move))
<BR><BR>[Stack]<UL><LI>Max Depth = 68<LI>Call Chain = smart_servo_move &rArr; smart_servo_move_to &rArr; __aeabi_idivmod &rArr; __aeabi_uidivmod
</UL>
<BR>[Calls]<UL><LI><a href="#[98]">&gt;&gt;</a>&nbsp;&nbsp;&nbsp;smart_servo_move_to
</UL>
<BR>[Called By]<UL><LI><a href="#[3c]">&gt;&gt;</a>&nbsp;&nbsp;&nbsp;smart_servo_cmd_process
</UL>

<P><STRONG><a name="[98]"></a>smart_servo_move_to</STRONG> (Thumb, 66 bytes, Stack size 24 bytes, smartservo.o(i.smart_servo_move_to))
<BR><BR>[Stack]<UL><LI>Max Depth = 52<LI>Call Chain = smart_servo_move_to &rArr; __aeabi_idivmod &rArr; __aeabi_uidivmod
</UL>
<BR>[Calls]<UL><LI><a href="#[46]">&gt;&gt;</a>&nbsp;&nbsp;&nbsp;__aeabi_i2f
<LI><a href="#[88]">&gt;&gt;</a>&nbsp;&nbsp;&nbsp;__aeabi_f2iz
<LI><a href="#[9b]">&gt;&gt;</a>&nbsp;&nbsp;&nbsp;__aeabi_cfrcmple
<LI><a href="#[40]">&gt;&gt;</a>&nbsp;&nbsp;&nbsp;__aeabi_idivmod
</UL>
<BR>[Called By]<UL><LI><a href="#[99]">&gt;&gt;</a>&nbsp;&nbsp;&nbsp;smart_servo_move
<LI><a href="#[3c]">&gt;&gt;</a>&nbsp;&nbsp;&nbsp;smart_servo_cmd_process
</UL>

<P><STRONG><a name="[76]"></a>smart_servo_speed_update</STRONG> (Thumb, 132 bytes, Stack size 40 bytes, smartservo.o(i.smart_servo_speed_update))
<BR><BR>[Stack]<UL><LI>Max Depth = 168<LI>Call Chain = smart_servo_speed_update &rArr; __aeabi_dmul &rArr; _double_epilogue &rArr; __aeabi_llsl
</UL>
<BR>[Calls]<UL><LI><a href="#[6e]">&gt;&gt;</a>&nbsp;&nbsp;&nbsp;adc_get_position_value
<LI><a href="#[48]">&gt;&gt;</a>&nbsp;&nbsp;&nbsp;__aeabi_i2d
<LI><a href="#[42]">&gt;&gt;</a>&nbsp;&nbsp;&nbsp;__aeabi_dmul
<LI><a href="#[44]">&gt;&gt;</a>&nbsp;&nbsp;&nbsp;__aeabi_ddiv
<LI><a href="#[49]">&gt;&gt;</a>&nbsp;&nbsp;&nbsp;__aeabi_d2iz
<LI><a href="#[9c]">&gt;&gt;</a>&nbsp;&nbsp;&nbsp;smart_servo_stop
<LI><a href="#[9a]">&gt;&gt;</a>&nbsp;&nbsp;&nbsp;smart_servo_cw
<LI><a href="#[96]">&gt;&gt;</a>&nbsp;&nbsp;&nbsp;smart_servo_ccw
</UL>
<BR>[Called By]<UL><LI><a href="#[74]">&gt;&gt;</a>&nbsp;&nbsp;&nbsp;device_neep_loop_in_sampling
</UL>

<P><STRONG><a name="[9c]"></a>smart_servo_stop</STRONG> (Thumb, 28 bytes, Stack size 8 bytes, smartservo.o(i.smart_servo_stop))
<BR><BR>[Stack]<UL><LI>Max Depth = 108<LI>Call Chain = smart_servo_stop &rArr; pwm_write &rArr; map &rArr; __aeabi_idivmod &rArr; __aeabi_uidivmod
</UL>
<BR>[Calls]<UL><LI><a href="#[8e]">&gt;&gt;</a>&nbsp;&nbsp;&nbsp;pwm_write
</UL>
<BR>[Called By]<UL><LI><a href="#[76]">&gt;&gt;</a>&nbsp;&nbsp;&nbsp;smart_servo_speed_update
</UL>

<P><STRONG><a name="[5f]"></a>write_byte_uart0</STRONG> (Thumb, 50 bytes, Stack size 0 bytes, protocol.o(i.write_byte_uart0))
<BR><BR>[Called By]<UL><LI><a href="#[92]">&gt;&gt;</a>&nbsp;&nbsp;&nbsp;sendbyte
<LI><a href="#[90]">&gt;&gt;</a>&nbsp;&nbsp;&nbsp;sendShort
<LI><a href="#[5e]">&gt;&gt;</a>&nbsp;&nbsp;&nbsp;SendErrorUart0
<LI><a href="#[95]">&gt;&gt;</a>&nbsp;&nbsp;&nbsp;send_smart_pos
<LI><a href="#[7a]">&gt;&gt;</a>&nbsp;&nbsp;&nbsp;send_infrared_receiver_value
<LI><a href="#[73]">&gt;&gt;</a>&nbsp;&nbsp;&nbsp;send_digital_signal_value
<LI><a href="#[80]">&gt;&gt;</a>&nbsp;&nbsp;&nbsp;send_analog_signal_value
<LI><a href="#[26]">&gt;&gt;</a>&nbsp;&nbsp;&nbsp;read_digital_response
<LI><a href="#[27]">&gt;&gt;</a>&nbsp;&nbsp;&nbsp;read_analog_response
<LI><a href="#[1f]">&gt;&gt;</a>&nbsp;&nbsp;&nbsp;assign_dev_id_response
</UL>

<P><STRONG><a name="[72]"></a>write_byte_uart1</STRONG> (Thumb, 24 bytes, Stack size 0 bytes, protocol.o(i.write_byte_uart1))
<BR><BR>[Called By]<UL><LI><a href="#[6d]">&gt;&gt;</a>&nbsp;&nbsp;&nbsp;processSysexMessage
<LI><a href="#[1f]">&gt;&gt;</a>&nbsp;&nbsp;&nbsp;assign_dev_id_response
</UL>
<P>
<H3>
Local Symbols
</H3>
<P><STRONG><a name="[19]"></a>Default_Handler</STRONG> (Thumb, 2 bytes, Stack size 0 bytes, startup_m051series.o(.text))
<BR><BR>[Calls]<UL><LI><a href="#[19]">&gt;&gt;</a>&nbsp;&nbsp;&nbsp;Default_Handler
</UL>
<BR>[Called By]<UL><LI><a href="#[19]">&gt;&gt;</a>&nbsp;&nbsp;&nbsp;Default_Handler
</UL>
<BR>[Address Reference Count : 1]<UL><LI> startup_m051series.o(RESET)
</UL>
<P><STRONG><a name="[53]"></a>CLK_GetPLLClockFreq</STRONG> (Thumb, 112 bytes, Stack size 32 bytes, system_m051series.o(i.CLK_GetPLLClockFreq))
<BR><BR>[Stack]<UL><LI>Max Depth = 44<LI>Call Chain = CLK_GetPLLClockFreq &rArr; __aeabi_uidivmod
</UL>
<BR>[Calls]<UL><LI><a href="#[41]">&gt;&gt;</a>&nbsp;&nbsp;&nbsp;__aeabi_uidivmod
</UL>
<BR>[Called By]<UL><LI><a href="#[57]">&gt;&gt;</a>&nbsp;&nbsp;&nbsp;SystemCoreClockUpdate
</UL>

<P><STRONG><a name="[1f]"></a>assign_dev_id_response</STRONG> (Thumb, 82 bytes, Stack size 4 bytes, protocol.o(i.assign_dev_id_response))
<BR><BR>[Stack]<UL><LI>Max Depth = 4<LI>Call Chain = assign_dev_id_response
</UL>
<BR>[Calls]<UL><LI><a href="#[72]">&gt;&gt;</a>&nbsp;&nbsp;&nbsp;write_byte_uart1
<LI><a href="#[5f]">&gt;&gt;</a>&nbsp;&nbsp;&nbsp;write_byte_uart0
</UL>
<BR>[Address Reference Count : 1]<UL><LI> protocol.o(.constdata)
</UL>
<P><STRONG><a name="[3b]"></a>button_key_1_response</STRONG> (Thumb, 24 bytes, Stack size 8 bytes, protocol.o(i.button_key_1_response))
<BR><BR>[Stack]<UL><LI>Max Depth = 16<LI>Call Chain = button_key_1_response &rArr; send_digital_signal_value
</UL>
<BR>[Calls]<UL><LI><a href="#[73]">&gt;&gt;</a>&nbsp;&nbsp;&nbsp;send_digital_signal_value
</UL>
<BR>[Address Reference Count : 1]<UL><LI> protocol.o(.constdata)
</UL>
<P><STRONG><a name="[37]"></a>infrared_receiver_response</STRONG> (Thumb, 26 bytes, Stack size 8 bytes, protocol.o(i.infrared_receiver_response))
<BR><BR>[Stack]<UL><LI>Max Depth = 28<LI>Call Chain = infrared_receiver_response &rArr; send_infrared_receiver_value &rArr; sendbyte
</UL>
<BR>[Calls]<UL><LI><a href="#[7a]">&gt;&gt;</a>&nbsp;&nbsp;&nbsp;send_infrared_receiver_value
</UL>
<BR>[Address Reference Count : 1]<UL><LI> protocol.o(.constdata)
</UL>
<P><STRONG><a name="[2c]"></a>infrared_send_response</STRONG> (Thumb, 2 bytes, Stack size 0 bytes, protocol.o(i.infrared_send_response))
<BR>[Address Reference Count : 1]<UL><LI> protocol.o(.constdata)
</UL>
<P><STRONG><a name="[36]"></a>joystick_response</STRONG> (Thumb, 2 bytes, Stack size 0 bytes, protocol.o(i.joystick_response))
<BR>[Address Reference Count : 1]<UL><LI> protocol.o(.constdata)
</UL>
<P><STRONG><a name="[32]"></a>laser_device_response</STRONG> (Thumb, 2 bytes, Stack size 0 bytes, protocol.o(i.laser_device_response))
<BR>[Address Reference Count : 1]<UL><LI> protocol.o(.constdata)
</UL>
<P><STRONG><a name="[39]"></a>light_sensor_response</STRONG> (Thumb, 24 bytes, Stack size 8 bytes, protocol.o(i.light_sensor_response))
<BR><BR>[Stack]<UL><LI>Max Depth = 32<LI>Call Chain = light_sensor_response &rArr; send_analog_signal_value &rArr; sendShort
</UL>
<BR>[Calls]<UL><LI><a href="#[80]">&gt;&gt;</a>&nbsp;&nbsp;&nbsp;send_analog_signal_value
</UL>
<BR>[Address Reference Count : 1]<UL><LI> protocol.o(.constdata)
</UL>
<P><STRONG><a name="[35]"></a>limit_switch_response</STRONG> (Thumb, 2 bytes, Stack size 0 bytes, protocol.o(i.limit_switch_response))
<BR>[Address Reference Count : 1]<UL><LI> protocol.o(.constdata)
</UL>
<P><STRONG><a name="[38]"></a>mic_sensor_response</STRONG> (Thumb, 24 bytes, Stack size 8 bytes, protocol.o(i.mic_sensor_response))
<BR><BR>[Stack]<UL><LI>Max Depth = 32<LI>Call Chain = mic_sensor_response &rArr; send_analog_signal_value &rArr; sendShort
</UL>
<BR>[Calls]<UL><LI><a href="#[80]">&gt;&gt;</a>&nbsp;&nbsp;&nbsp;send_analog_signal_value
</UL>
<BR>[Address Reference Count : 1]<UL><LI> protocol.o(.constdata)
</UL>
<P><STRONG><a name="[2a]"></a>monochrome_led_response</STRONG> (Thumb, 2 bytes, Stack size 0 bytes, protocol.o(i.monochrome_led_response))
<BR>[Address Reference Count : 1]<UL><LI> protocol.o(.constdata)
</UL>
<P><STRONG><a name="[2d]"></a>motor_dc_response</STRONG> (Thumb, 2 bytes, Stack size 0 bytes, protocol.o(i.motor_dc_response))
<BR>[Address Reference Count : 1]<UL><LI> protocol.o(.constdata)
</UL>
<P><STRONG><a name="[2f]"></a>motor_encoder_response</STRONG> (Thumb, 2 bytes, Stack size 0 bytes, protocol.o(i.motor_encoder_response))
<BR>[Address Reference Count : 1]<UL><LI> protocol.o(.constdata)
</UL>
<P><STRONG><a name="[30]"></a>motor_servo_response</STRONG> (Thumb, 2 bytes, Stack size 0 bytes, protocol.o(i.motor_servo_response))
<BR>[Address Reference Count : 1]<UL><LI> protocol.o(.constdata)
</UL>
<P><STRONG><a name="[2e]"></a>motor_step_response</STRONG> (Thumb, 2 bytes, Stack size 0 bytes, protocol.o(i.motor_step_response))
<BR>[Address Reference Count : 1]<UL><LI> protocol.o(.constdata)
</UL>
<P><STRONG><a name="[34]"></a>mpu6050_response</STRONG> (Thumb, 2 bytes, Stack size 0 bytes, protocol.o(i.mpu6050_response))
<BR>[Address Reference Count : 1]<UL><LI> protocol.o(.constdata)
</UL>
<P><STRONG><a name="[28]"></a>pwm_rgb_led_response</STRONG> (Thumb, 72 bytes, Stack size 24 bytes, protocol.o(i.pwm_rgb_led_response))
<BR><BR>[Stack]<UL><LI>Max Depth = 124<LI>Call Chain = pwm_rgb_led_response &rArr; pwm_write &rArr; map &rArr; __aeabi_idivmod &rArr; __aeabi_uidivmod
</UL>
<BR>[Calls]<UL><LI><a href="#[8e]">&gt;&gt;</a>&nbsp;&nbsp;&nbsp;pwm_write
<LI><a href="#[8d]">&gt;&gt;</a>&nbsp;&nbsp;&nbsp;readbyte
</UL>
<BR>[Address Reference Count : 1]<UL><LI> protocol.o(.constdata)
</UL>
<P><STRONG><a name="[27]"></a>read_analog_response</STRONG> (Thumb, 52 bytes, Stack size 16 bytes, protocol.o(i.read_analog_response))
<BR><BR>[Stack]<UL><LI>Max Depth = 28<LI>Call Chain = read_analog_response &rArr; sendShort
</UL>
<BR>[Calls]<UL><LI><a href="#[5f]">&gt;&gt;</a>&nbsp;&nbsp;&nbsp;write_byte_uart0
<LI><a href="#[90]">&gt;&gt;</a>&nbsp;&nbsp;&nbsp;sendShort
<LI><a href="#[6f]">&gt;&gt;</a>&nbsp;&nbsp;&nbsp;analogRead
</UL>
<BR>[Address Reference Count : 1]<UL><LI> protocol.o(.constdata)
</UL>
<P><STRONG><a name="[26]"></a>read_digital_response</STRONG> (Thumb, 50 bytes, Stack size 16 bytes, protocol.o(i.read_digital_response))
<BR><BR>[Stack]<UL><LI>Max Depth = 24<LI>Call Chain = read_digital_response &rArr; digitalRead
</UL>
<BR>[Calls]<UL><LI><a href="#[5f]">&gt;&gt;</a>&nbsp;&nbsp;&nbsp;write_byte_uart0
<LI><a href="#[91]">&gt;&gt;</a>&nbsp;&nbsp;&nbsp;digitalRead
</UL>
<BR>[Address Reference Count : 1]<UL><LI> protocol.o(.constdata)
</UL>
<P><STRONG><a name="[24]"></a>report_analog_response</STRONG> (Thumb, 2 bytes, Stack size 0 bytes, protocol.o(i.report_analog_response))
<BR>[Address Reference Count : 1]<UL><LI> protocol.o(.constdata)
</UL>
<P><STRONG><a name="[23]"></a>report_digital_response</STRONG> (Thumb, 2 bytes, Stack size 0 bytes, protocol.o(i.report_digital_response))
<BR>[Address Reference Count : 1]<UL><LI> protocol.o(.constdata)
</UL>
<P><STRONG><a name="[3a]"></a>rtc_clock_response</STRONG> (Thumb, 2 bytes, Stack size 0 bytes, protocol.o(i.rtc_clock_response))
<BR>[Address Reference Count : 1]<UL><LI> protocol.o(.constdata)
</UL>
<P><STRONG><a name="[2b]"></a>segment_dis_response</STRONG> (Thumb, 2 bytes, Stack size 0 bytes, protocol.o(i.segment_dis_response))
<BR>[Address Reference Count : 1]<UL><LI> protocol.o(.constdata)
</UL>
<P><STRONG><a name="[80]"></a>send_analog_signal_value</STRONG> (Thumb, 42 bytes, Stack size 12 bytes, protocol.o(i.send_analog_signal_value))
<BR><BR>[Stack]<UL><LI>Max Depth = 24<LI>Call Chain = send_analog_signal_value &rArr; sendShort
</UL>
<BR>[Calls]<UL><LI><a href="#[5f]">&gt;&gt;</a>&nbsp;&nbsp;&nbsp;write_byte_uart0
<LI><a href="#[90]">&gt;&gt;</a>&nbsp;&nbsp;&nbsp;sendShort
</UL>
<BR>[Called By]<UL><LI><a href="#[38]">&gt;&gt;</a>&nbsp;&nbsp;&nbsp;mic_sensor_response
<LI><a href="#[39]">&gt;&gt;</a>&nbsp;&nbsp;&nbsp;light_sensor_response
</UL>

<P><STRONG><a name="[73]"></a>send_digital_signal_value</STRONG> (Thumb, 40 bytes, Stack size 8 bytes, protocol.o(i.send_digital_signal_value))
<BR><BR>[Stack]<UL><LI>Max Depth = 8<LI>Call Chain = send_digital_signal_value
</UL>
<BR>[Calls]<UL><LI><a href="#[5f]">&gt;&gt;</a>&nbsp;&nbsp;&nbsp;write_byte_uart0
</UL>
<BR>[Called By]<UL><LI><a href="#[3b]">&gt;&gt;</a>&nbsp;&nbsp;&nbsp;button_key_1_response
</UL>

<P><STRONG><a name="[7a]"></a>send_infrared_receiver_value</STRONG> (Thumb, 46 bytes, Stack size 12 bytes, protocol.o(i.send_infrared_receiver_value))
<BR><BR>[Stack]<UL><LI>Max Depth = 20<LI>Call Chain = send_infrared_receiver_value &rArr; sendbyte
</UL>
<BR>[Calls]<UL><LI><a href="#[5f]">&gt;&gt;</a>&nbsp;&nbsp;&nbsp;write_byte_uart0
<LI><a href="#[92]">&gt;&gt;</a>&nbsp;&nbsp;&nbsp;sendbyte
</UL>
<BR>[Called By]<UL><LI><a href="#[37]">&gt;&gt;</a>&nbsp;&nbsp;&nbsp;infrared_receiver_response
</UL>

<P><STRONG><a name="[94]"></a>send_joystick_value</STRONG> (Thumb, 2 bytes, Stack size 0 bytes, protocol.o(i.send_joystick_value))
<BR><BR>[Called By]<UL><LI><a href="#[85]">&gt;&gt;</a>&nbsp;&nbsp;&nbsp;send_sensor_report
</UL>

<P><STRONG><a name="[95]"></a>send_smart_pos</STRONG> (Thumb, 46 bytes, Stack size 8 bytes, protocol.o(i.send_smart_pos))
<BR><BR>[Stack]<UL><LI>Max Depth = 20<LI>Call Chain = send_smart_pos &rArr; sendShort
</UL>
<BR>[Calls]<UL><LI><a href="#[5f]">&gt;&gt;</a>&nbsp;&nbsp;&nbsp;write_byte_uart0
<LI><a href="#[90]">&gt;&gt;</a>&nbsp;&nbsp;&nbsp;sendShort
</UL>
<BR>[Called By]<UL><LI><a href="#[3c]">&gt;&gt;</a>&nbsp;&nbsp;&nbsp;smart_servo_cmd_process
<LI><a href="#[85]">&gt;&gt;</a>&nbsp;&nbsp;&nbsp;send_sensor_report
</UL>

<P><STRONG><a name="[93]"></a>send_temperature_18b20_value</STRONG> (Thumb, 2 bytes, Stack size 0 bytes, protocol.o(i.send_temperature_18b20_value))
<BR><BR>[Called By]<UL><LI><a href="#[85]">&gt;&gt;</a>&nbsp;&nbsp;&nbsp;send_sensor_report
</UL>

<P><STRONG><a name="[25]"></a>set_pin_mode_response</STRONG> (Thumb, 2 bytes, Stack size 0 bytes, protocol.o(i.set_pin_mode_response))
<BR>[Address Reference Count : 1]<UL><LI> protocol.o(.constdata)
</UL>
<P><STRONG><a name="[3c]"></a>smart_servo_cmd_process</STRONG> (Thumb, 218 bytes, Stack size 24 bytes, protocol.o(i.smart_servo_cmd_process))
<BR><BR>[Stack]<UL><LI>Max Depth = 92<LI>Call Chain = smart_servo_cmd_process &rArr; smart_servo_move &rArr; smart_servo_move_to &rArr; __aeabi_idivmod &rArr; __aeabi_uidivmod
</UL>
<BR>[Calls]<UL><LI><a href="#[98]">&gt;&gt;</a>&nbsp;&nbsp;&nbsp;smart_servo_move_to
<LI><a href="#[99]">&gt;&gt;</a>&nbsp;&nbsp;&nbsp;smart_servo_move
<LI><a href="#[97]">&gt;&gt;</a>&nbsp;&nbsp;&nbsp;readShort
<LI><a href="#[5e]">&gt;&gt;</a>&nbsp;&nbsp;&nbsp;SendErrorUart0
<LI><a href="#[95]">&gt;&gt;</a>&nbsp;&nbsp;&nbsp;send_smart_pos
<LI><a href="#[6e]">&gt;&gt;</a>&nbsp;&nbsp;&nbsp;adc_get_position_value
</UL>
<BR>[Address Reference Count : 1]<UL><LI> protocol.o(.constdata)
</UL>
<P><STRONG><a name="[20]"></a>system_reset_response</STRONG> (Thumb, 2 bytes, Stack size 0 bytes, protocol.o(i.system_reset_response))
<BR>[Address Reference Count : 1]<UL><LI> protocol.o(.constdata)
</UL>
<P><STRONG><a name="[33]"></a>temperature_18b20_response</STRONG> (Thumb, 2 bytes, Stack size 0 bytes, protocol.o(i.temperature_18b20_response))
<BR>[Address Reference Count : 1]<UL><LI> protocol.o(.constdata)
</UL>
<P><STRONG><a name="[31]"></a>voice_buzzer_tone_response</STRONG> (Thumb, 2 bytes, Stack size 0 bytes, protocol.o(i.voice_buzzer_tone_response))
<BR>[Address Reference Count : 1]<UL><LI> protocol.o(.constdata)
</UL>
<P><STRONG><a name="[22]"></a>write_analog_response</STRONG> (Thumb, 2 bytes, Stack size 0 bytes, protocol.o(i.write_analog_response))
<BR>[Address Reference Count : 1]<UL><LI> protocol.o(.constdata)
</UL>
<P><STRONG><a name="[21]"></a>write_digital_response</STRONG> (Thumb, 2 bytes, Stack size 0 bytes, protocol.o(i.write_digital_response))
<BR>[Address Reference Count : 1]<UL><LI> protocol.o(.constdata)
</UL>
<P><STRONG><a name="[29]"></a>ws2812_display_response</STRONG> (Thumb, 2 bytes, Stack size 0 bytes, protocol.o(i.ws2812_display_response))
<BR>[Address Reference Count : 1]<UL><LI> protocol.o(.constdata)
</UL>
<P><STRONG><a name="[65]"></a>Uart0_Handle</STRONG> (Thumb, 116 bytes, Stack size 16 bytes, interrupt.o(i.Uart0_Handle))
<BR><BR>[Stack]<UL><LI>Max Depth = 28<LI>Call Chain = Uart0_Handle &rArr; processSysexMessage &rArr; SendErrorUart0
</UL>
<BR>[Calls]<UL><LI><a href="#[6d]">&gt;&gt;</a>&nbsp;&nbsp;&nbsp;processSysexMessage
</UL>
<BR>[Called By]<UL><LI><a href="#[12]">&gt;&gt;</a>&nbsp;&nbsp;&nbsp;UART0_IRQHandler
</UL>

<P><STRONG><a name="[69]"></a>Uart1_Handle</STRONG> (Thumb, 100 bytes, Stack size 0 bytes, interrupt.o(i.Uart1_Handle))
<BR><BR>[Called By]<UL><LI><a href="#[13]">&gt;&gt;</a>&nbsp;&nbsp;&nbsp;UART1_IRQHandler
</UL>

<P><STRONG><a name="[64]"></a>NVIC_EnableIRQ</STRONG> (Thumb, 14 bytes, Stack size 0 bytes, sysinit.o(i.NVIC_EnableIRQ))
<BR><BR>[Called By]<UL><LI><a href="#[6b]">&gt;&gt;</a>&nbsp;&nbsp;&nbsp;UART_Function_Init
<LI><a href="#[63]">&gt;&gt;</a>&nbsp;&nbsp;&nbsp;TMR0_Init
</UL>

<P><STRONG><a name="[8a]"></a>check_pwm_output_staturation</STRONG> (Thumb, 22 bytes, Stack size 0 bytes, smartservo.o(i.check_pwm_output_staturation))
<BR><BR>[Called By]<UL><LI><a href="#[75]">&gt;&gt;</a>&nbsp;&nbsp;&nbsp;pid_position_to_pwm
</UL>

<P><STRONG><a name="[87]"></a>normalize_position_difference</STRONG> (Thumb, 30 bytes, Stack size 0 bytes, smartservo.o(i.normalize_position_difference))
<BR><BR>[Called By]<UL><LI><a href="#[75]">&gt;&gt;</a>&nbsp;&nbsp;&nbsp;pid_position_to_pwm
</UL>

<P><STRONG><a name="[96]"></a>smart_servo_ccw</STRONG> (Thumb, 30 bytes, Stack size 8 bytes, smartservo.o(i.smart_servo_ccw))
<BR><BR>[Stack]<UL><LI>Max Depth = 108<LI>Call Chain = smart_servo_ccw &rArr; pwm_write &rArr; map &rArr; __aeabi_idivmod &rArr; __aeabi_uidivmod
</UL>
<BR>[Calls]<UL><LI><a href="#[8e]">&gt;&gt;</a>&nbsp;&nbsp;&nbsp;pwm_write
</UL>
<BR>[Called By]<UL><LI><a href="#[76]">&gt;&gt;</a>&nbsp;&nbsp;&nbsp;smart_servo_speed_update
</UL>

<P><STRONG><a name="[9a]"></a>smart_servo_cw</STRONG> (Thumb, 30 bytes, Stack size 8 bytes, smartservo.o(i.smart_servo_cw))
<BR><BR>[Stack]<UL><LI>Max Depth = 108<LI>Call Chain = smart_servo_cw &rArr; pwm_write &rArr; map &rArr; __aeabi_idivmod &rArr; __aeabi_uidivmod
</UL>
<BR>[Calls]<UL><LI><a href="#[8e]">&gt;&gt;</a>&nbsp;&nbsp;&nbsp;pwm_write
</UL>
<BR>[Called By]<UL><LI><a href="#[76]">&gt;&gt;</a>&nbsp;&nbsp;&nbsp;smart_servo_speed_update
</UL>

<P><STRONG><a name="[54]"></a>CLK_GetPLLClockFreq</STRONG> (Thumb, 112 bytes, Stack size 32 bytes, uart.o(i.CLK_GetPLLClockFreq))
<BR><BR>[Stack]<UL><LI>Max Depth = 44<LI>Call Chain = CLK_GetPLLClockFreq &rArr; __aeabi_uidivmod
</UL>
<BR>[Calls]<UL><LI><a href="#[41]">&gt;&gt;</a>&nbsp;&nbsp;&nbsp;__aeabi_uidivmod
</UL>
<BR>[Called By]<UL><LI><a href="#[68]">&gt;&gt;</a>&nbsp;&nbsp;&nbsp;UART_Open
<LI><a href="#[6c]">&gt;&gt;</a>&nbsp;&nbsp;&nbsp;UART_SetLine_Config
</UL>

<P><STRONG><a name="[52]"></a>CLK_GetPLLClockFreq</STRONG> (Thumb, 112 bytes, Stack size 32 bytes, clk.o(i.CLK_GetPLLClockFreq))
<BR><BR>[Stack]<UL><LI>Max Depth = 44<LI>Call Chain = CLK_GetPLLClockFreq &rArr; __aeabi_uidivmod
</UL>
<BR>[Calls]<UL><LI><a href="#[41]">&gt;&gt;</a>&nbsp;&nbsp;&nbsp;__aeabi_uidivmod
</UL>
<BR>[Called By]<UL><LI><a href="#[50]">&gt;&gt;</a>&nbsp;&nbsp;&nbsp;CLK_EnablePLL
</UL>
<P>
<H3>
Undefined Global Symbols
</H3><HR></body></html>
