<html>
<body>
<pre>
<h1>µVision Build Log</h1>
<h2>Tool Versions:</h2>
IDE-Version: ¦ÌVision V5.13.0.0
Copyright (C) 2014 ARM Ltd and ARM Germany GmbH. All rights reserved.
License Information: myan Microsoft, Microsoft, LIC=X96FW-QIPVB-QDMKD-8FIJS-5CILH-WIJ8C
 
Tool Versions:
Toolchain:       MDK-ARM Standard  Version: 5.13.0.0
Toolchain Path:  D:\Keil_v5\ARM\ARMCC\Bin
C Compiler:      Armcc.exe V5.05 update 1 (build 106)
Assembler:       Armasm.exe V5.05 update 1 (build 106)
Linker/Locator:  ArmLink.exe V5.05 update 1 (build 106)
Library Manager: ArmAr.exe V5.05 update 1 (build 106)
Hex Converter:   FromElf.exe V5.05 update 1 (build 106)
CPU DLL:         SARMCM3.DLL V5.13.0.0
Dialog DLL:      DARMCM1.DLL V1.12.0.0
Target DLL:      STLink\ST-LINKIII-KEIL_SWO.dll V2.0.14.0_KEIL
Dialog DLL:      TARMCM1.DLL V1.9.0.0
 
<h2>Project:</h2>
E:\2015\Neuron_servo\keil\Neuron.uvprojx
Project File Date:  08/11/2015

<h2>Output:</h2>
Rebuild target 'Target 1'
assembling startup_M051Series.s...
compiling system_M051Series.c...
compiling main.c...
compiling uart_printf.c...
compiling systime.c...
compiling mygpio.c...
compiling protocol.c...
compiling MePwm.c...
compiling Interrupt.c...
compiling sysinit.c...
compiling dataflash.c...
compiling smartservo.c...
compiling retarget.c...
compiling sys.c...
compiling uart.c...
compiling i2c.c...
compiling timer.c...
compiling clk.c...
compiling gpio.c...
compiling fmc.c...
compiling pwm.c...
linking...
Program Size: Code=10168 RO-data=696 RW-data=252 ZI-data=1572  
FromELF: creating hex file...
".\Objects\Neuron.axf" - 0 Error(s), 0 Warning(s).

<h2>Collection of Component include folders:</h2>
  E:\2015\Neuron_servo\keil\RTE
  D:\Keil_v5\ARM\PACK\Nuvoton\NuMicro_DFP\1.0.4\Device\M051\Include

<h2>Collection of Component Files used:</h2>
</pre>
</body>
</html>
