Component: ARM Compiler 5.05 update 1 (build 106) Tool: armlink [4d0efa]

==============================================================================

Section Cross References

    startup_m051series.o(RESET) refers to startup_m051series.o(STACK) for __initial_sp
    startup_m051series.o(RESET) refers to startup_m051series.o(.text) for Reset_Handler
    startup_m051series.o(RESET) refers to interrupt.o(i.GPIOP2P3P4_IRQHandler) for GPIOP2P3P4_IRQHandler
    startup_m051series.o(RESET) refers to interrupt.o(i.TMR0_IRQHandler) for TMR0_IRQHandler
    startup_m051series.o(RESET) refers to interrupt.o(i.UART0_IRQHandler) for UART0_IRQHandler
    startup_m051series.o(RESET) refers to interrupt.o(i.UART1_IRQHandler) for UART1_IRQHandler
    startup_m051series.o(RESET) refers to interrupt.o(i.I2C_IRQHandler) for I2C_IRQHandler
    startup_m051series.o(.text) refers to system_m051series.o(i.SystemInit) for SystemInit
    startup_m051series.o(.text) refers to entry.o(.ARM.Collect$$$$00000000) for __main
    system_m051series.o(i.CLK_GetPLLClockFreq) refers to uidiv.o(.text) for __aeabi_uidivmod
    system_m051series.o(i.SystemCoreClockUpdate) refers to system_m051series.o(i.CLK_GetPLLClockFreq) for CLK_GetPLLClockFreq
    system_m051series.o(i.SystemCoreClockUpdate) refers to uidiv.o(.text) for __aeabi_uidivmod
    system_m051series.o(i.SystemCoreClockUpdate) refers to system_m051series.o(.data) for PllClock
    system_m051series.o(i.SystemCoreClockUpdate) refers to system_m051series.o(.constdata) for gau32ClkSrcTbl
    adc.o(i.debounced_read_button_key) refers to systime.o(i.millis) for millis
    adc.o(i.debounced_read_button_key) refers to mygpio.o(i.digitalRead) for digitalRead
    adc.o(i.debounced_read_button_key) refers to adc.o(.data) for key_debounced_time
    adc.o(i.debounced_read_button_key) refers to protocol.o(.data) for button_key_val
    adc.o(i.get_sensor_data) refers to smartservo.o(i.adc_get_position_value) for adc_get_position_value
    adc.o(i.get_sensor_data) refers to protocol.o(.data) for device_type
    adc.o(i.init_local_device) refers to adc.o(i.__ARM_common_switch8) for __ARM_common_switch8
    adc.o(i.init_local_device) refers to smartservo.o(i.samrt_servo_init) for samrt_servo_init
    adc.o(i.init_local_device) refers to mygpio.o(i.pinMode) for pinMode
    adc.o(i.init_local_device) refers to gpio.o(i.GPIO_EnableInt) for GPIO_EnableInt
    adc.o(i.init_local_device) refers to mepwm.o(i.pwm_init) for pwm_init
    adc.o(i.init_local_device) refers to mygpio.o(i.digitalWrite) for digitalWrite
    adc.o(i.init_local_device) refers to protocol.o(.data) for device_type
    adc.o(i.main) refers to sysinit.o(i.SYS_Init) for SYS_Init
    adc.o(i.main) refers to uart_printf.o(i.UART0_Init) for UART0_Init
    adc.o(i.main) refers to uart_printf.o(i.UART1_Init) for UART1_Init
    adc.o(i.main) refers to uart.o(i.UART_SetLine_Config) for UART_SetLine_Config
    adc.o(i.main) refers to sysinit.o(i.UART_Function_Init) for UART_Function_Init
    adc.o(i.main) refers to sysinit.o(i.TMR0_Init) for TMR0_Init
    adc.o(i.main) refers to protocol.o(i.flush_uart1_forward_buffer) for flush_uart1_forward_buffer
    adc.o(i.main) refers to protocol.o(i.flush_uart0_local_buffer) for flush_uart0_local_buffer
    adc.o(i.main) refers to adc.o(i.get_sensor_data) for get_sensor_data
    adc.o(i.main) refers to systime.o(i.millis) for millis
    adc.o(i.main) refers to adc.o(i.service_detect) for service_detect
    adc.o(i.main) refers to protocol.o(i.device_neep_loop_in_sampling) for device_neep_loop_in_sampling
    adc.o(i.main) refers to protocol.o(i.send_sensor_report) for send_sensor_report
    adc.o(i.main) refers to adc.o(.data) for currentMillis
    adc.o(i.service_detect) refers to adc.o(i.init_local_device) for init_local_device
    adc.o(i.service_detect) refers to adc.o(.data) for Previous_service_val
    uart_printf.o(i.UART0_Init) refers to sys.o(i.SYS_ResetModule) for SYS_ResetModule
    uart_printf.o(i.UART0_Init) refers to uart.o(i.UART_Open) for UART_Open
    uart_printf.o(i.UART1_Init) refers to sys.o(i.SYS_ResetModule) for SYS_ResetModule
    uart_printf.o(i.UART1_Init) refers to uart.o(i.UART_Open) for UART_Open
    uart_printf.o(i.uart_printf) refers to printfa.o(i.__0vsprintf) for __c89vsprintf
    uart_printf.o(i.uart_printf) refers to uart_printf.o(i.send_string) for send_string
    systime.o(i.delay) refers to systime.o(i.millis) for millis
    systime.o(i.delayMicroseconds) refers to system_m051series.o(.data) for CyclesPerUs
    systime.o(i.millis) refers to uidiv.o(.text) for __aeabi_uidivmod
    systime.o(i.millis) refers to adc.o(.data) for system_time
    mygpio.o(i.analogRead) refers to mygpio.o(i.is_pin_analog) for is_pin_analog
    mygpio.o(i.analogRead) refers to adc.o(i.__ARM_common_switch8) for __ARM_common_switch8
    mygpio.o(i.digitalWrite) refers to mygpio.o(i.Pin2Addr) for Pin2Addr
    mygpio.o(i.map) refers to idiv.o(.text) for __aeabi_idivmod
[...]
    i2c.o(i.I2C_SetBusClockFreq) refers to system_m051series.o(.data) for SystemCoreClock
    timer.o(i.TIMER_Delay) refers to timer.o(i.TIMER_GetModuleClock) for TIMER_GetModuleClock
    timer.o(i.TIMER_Delay) refers to uidiv.o(.text) for __aeabi_uidivmod
    timer.o(i.TIMER_Delay) refers to system_m051series.o(.data) for SystemCoreClock
    timer.o(i.TIMER_GetModuleClock) refers to memcpya.o(.text) for __aeabi_memcpy4
    timer.o(i.TIMER_GetModuleClock) refers to timer.o(.constdata) for .constdata
    timer.o(i.TIMER_GetModuleClock) refers to system_m051series.o(.data) for SystemCoreClock
    timer.o(i.TIMER_Open) refers to timer.o(i.TIMER_GetModuleClock) for TIMER_GetModuleClock
    timer.o(i.TIMER_Open) refers to uidiv.o(.text) for __aeabi_uidivmod
    clk.o(i.CLK_DisableCKO) refers to clk.o(i.CLK_DisableModuleClock) for CLK_DisableModuleClock
    clk.o(i.CLK_EnableCKO) refers to clk.o(i.CLK_EnableModuleClock) for CLK_EnableModuleClock
    clk.o(i.CLK_EnableCKO) refers to clk.o(i.CLK_SetModuleClock) for CLK_SetModuleClock
    clk.o(i.CLK_EnablePLL) refers to clk.o(i.CLK_WaitClockReady) for CLK_WaitClockReady
    clk.o(i.CLK_EnablePLL) refers to clk.o(i.CLK_GetPLLClockFreq) for CLK_GetPLLClockFreq
    clk.o(i.CLK_EnablePLL) refers to uidiv.o(.text) for __aeabi_uidivmod
    clk.o(i.CLK_GetCPUFreq) refers to system_m051series.o(i.SystemCoreClockUpdate) for SystemCoreClockUpdate
    clk.o(i.CLK_GetCPUFreq) refers to system_m051series.o(.data) for SystemCoreClock
    clk.o(i.CLK_GetHCLKFreq) refers to system_m051series.o(i.SystemCoreClockUpdate) for SystemCoreClockUpdate
    clk.o(i.CLK_GetHCLKFreq) refers to system_m051series.o(.data) for SystemCoreClock
    clk.o(i.CLK_GetPLLClockFreq) refers to uidiv.o(.text) for __aeabi_uidivmod
    clk.o(i.CLK_SetCoreClock) refers to clk.o(i.CLK_EnablePLL) for CLK_EnablePLL
    clk.o(i.CLK_SetCoreClock) refers to clk.o(i.CLK_SetHCLK) for CLK_SetHCLK
    clk.o(i.CLK_SetHCLK) refers to system_m051series.o(i.SystemCoreClockUpdate) for SystemCoreClockUpdate
    fmc.o(i.FMC_ReadConfig) refers to fmc.o(i.FMC_Read) for FMC_Read
    fmc.o(i.FMC_WriteConfig) refers to fmc.o(i.FMC_Read) for FMC_Read
    pwm.o(i.PWM_ConfigCaptureChannel) refers to memcpya.o(.text) for __aeabi_memcpy4
    pwm.o(i.PWM_ConfigCaptureChannel) refers to system_m051series.o(i.SystemCoreClockUpdate) for SystemCoreClockUpdate
    pwm.o(i.PWM_ConfigCaptureChannel) refers to uidiv.o(.text) for __aeabi_uidivmod
    pwm.o(i.PWM_ConfigCaptureChannel) refers to pwm.o(.constdata) for .constdata
    pwm.o(i.PWM_ConfigCaptureChannel) refers to system_m051series.o(.data) for SystemCoreClock
    pwm.o(i.PWM_ConfigOutputChannel) refers to memcpya.o(.text) for __aeabi_memcpy4
    pwm.o(i.PWM_ConfigOutputChannel) refers to system_m051series.o(i.SystemCoreClockUpdate) for SystemCoreClockUpdate
    pwm.o(i.PWM_ConfigOutputChannel) refers to uidiv.o(.text) for __aeabi_uidivmod
    pwm.o(i.PWM_ConfigOutputChannel) refers to pwm.o(.constdata) for .constdata
    pwm.o(i.PWM_ConfigOutputChannel) refers to system_m051series.o(.data) for SystemCoreClock
    entry.o(.ARM.Collect$$$$00000000) refers (Special) to entry10a.o(.ARM.Collect$$$$0000000D) for __rt_final_cpp
    entry.o(.ARM.Collect$$$$00000000) refers (Special) to entry11a.o(.ARM.Collect$$$$0000000F) for __rt_final_exit
    entry.o(.ARM.Collect$$$$00000000) refers (Special) to entry7b.o(.ARM.Collect$$$$00000008) for _main_clock
    entry.o(.ARM.Collect$$$$00000000) refers (Special) to entry8b.o(.ARM.Collect$$$$0000000A) for _main_cpp_init
    entry.o(.ARM.Collect$$$$00000000) refers (Special) to entry9a.o(.ARM.Collect$$$$0000000B) for _main_init
    entry.o(.ARM.Collect$$$$00000000) refers (Special) to entry5.o(.ARM.Collect$$$$00000004) for _main_scatterload
    entry.o(.ARM.Collect$$$$00000000) refers (Special) to entry2.o(.ARM.Collect$$$$00000001) for _main_stk
    idiv.o(.text) refers to uidiv.o(.text) for __aeabi_uidivmod
    printfa.o(i.__0fprintf) refers (Special) to iusefp.o(.text) for __I$use$fp
    printfa.o(i.__0fprintf) refers to printfa.o(i._printf_core) for _printf_core
    printfa.o(i.__0fprintf) refers to retarget.o(i.fputc) for fputc
    printfa.o(i.__0printf) refers (Special) to iusefp.o(.text) for __I$use$fp
    printfa.o(i.__0printf) refers to printfa.o(i._printf_core) for _printf_core
    printfa.o(i.__0printf) refers to retarget.o(i.fputc) for fputc
    printfa.o(i.__0printf) refers to retarget.o(.data) for __stdout
    printfa.o(i.__0snprintf) refers (Special) to iusefp.o(.text) for __I$use$fp
    printfa.o(i.__0snprintf) refers to printfa.o(i._printf_core) for _printf_core
    printfa.o(i.__0snprintf) refers to printfa.o(i._snputc) for _snputc
    printfa.o(i.__0sprintf) refers (Special) to iusefp.o(.text) for __I$use$fp
    printfa.o(i.__0sprintf) refers to printfa.o(i._printf_core) for _printf_core
    printfa.o(i.__0sprintf) refers to printfa.o(i._sputc) for _sputc
    printfa.o(i.__0vfprintf) refers (Special) to iusefp.o(.text) for __I$use$fp
    printfa.o(i.__0vfprintf) refers to printfa.o(i._printf_core) for _printf_core
    printfa.o(i.__0vfprintf) refers to retarget.o(i.fputc) for fputc
    printfa.o(i.__0vprintf) refers (Special) to iusefp.o(.text) for __I$use$fp
    printfa.o(i.__0vprintf) refers to printfa.o(i._printf_core) for _printf_core
    printfa.o(i.__0vprintf) refers to retarget.o(i.fputc) for fputc
    printfa.o(i.__0vprintf) refers to retarget.o(.data) for __stdout
    printfa.o(i.__0vsnprintf) refers (Special) to iusefp.o(.text) for __I$use$fp
    printfa.o(i.__0vsnprintf) refers to printfa.o(i._printf_core) for _printf_core
    printfa.o(i.__0vsnprintf) refers to printfa.o(i._snputc) for _snputc
    printfa.o(i.__0vsprintf) refers (Special) to iusefp.o(.text) for __I$use$fp
    printfa.o(i.__0vsprintf) refers to printfa.o(i._printf_core) for _printf_core
    printfa.o(i.__0vsprintf) refers to printfa.o(i._sputc) for _sputc
    printfa.o(i._fp_digits) refers (Special) to iusefp.o(.text) for __I$use$fp
    printfa.o(i._fp_digits) refers to dmul.o(.text) for __aeabi_dmul
    printfa.o(i._fp_digits) refers to ddiv.o(.text) for __aeabi_ddiv
    printfa.o(i._fp_digits) refers to cdrcmple.o(.text) for __aeabi_cdrcmple
    printfa.o(i._fp_digits) refers to dadd.o(.text) for __aeabi_dadd
    printfa.o(i._fp_digits) refers to dfixul.o(.text) for __aeabi_d2ulz
    printfa.o(i._fp_digits) refers to uldiv.o(.text) for __aeabi_uldivmod
    printfa.o(i._printf_core) refers (Special) to iusefp.o(.text) for __I$use$fp
    printfa.o(i._printf_core) refers to printfa.o(i._printf_pre_padding) for _printf_pre_padding
    printfa.o(i._printf_core) refers to uldiv.o(.text) for __aeabi_uldivmod
    printfa.o(i._printf_core) refers to printfa.o(i._printf_post_padding) for _printf_post_padding
    printfa.o(i._printf_core) refers to printfa.o(i._fp_digits) for _fp_digits
    printfa.o(i._printf_core) refers to uidiv.o(.text) for __aeabi_uidivmod
    printfa.o(i._printf_post_padding) refers (Special) to iusefp.o(.text) for __I$use$fp
    printfa.o(i._printf_pre_padding) refers (Special) to iusefp.o(.text) for __I$use$fp
    printfa.o(i._snputc) refers (Special) to iusefp.o(.text) for __I$use$fp
    printfa.o(i._sputc) refers (Special) to iusefp.o(.text) for __I$use$fp
    fmul.o(.text) refers (Special) to iusefp.o(.text) for __I$use$fp
    dmul.o(.text) refers (Special) to iusefp.o(.text) for __I$use$fp
    dmul.o(.text) refers to depilogue.o(.text) for _double_epilogue
    ddiv.o(.text) refers (Special) to iusefp.o(.text) for __I$use$fp
    ddiv.o(.text) refers to depilogue.o(.text) for _double_round
    fflti.o(.text) refers (Special) to iusefp.o(.text) for __I$use$fp
    fflti.o(.text) refers to fepilogue.o(.text) for _float_epilogue
    dflti.o(.text) refers (Special) to iusefp.o(.text) for __I$use$fp
    dflti.o(.text) refers to depilogue.o(.text) for _double_epilogue
    ffixi.o(.text) refers (Special) to iusefp.o(.text) for __I$use$fp
    dfixi.o(.text) refers (Special) to iusefp.o(.text) for __I$use$fp
    dfixi.o(.text) refers to llushr.o(.text) for __aeabi_llsr
    d2f.o(.text) refers (Special) to iusefp.o(.text) for __I$use$fp
    d2f.o(.text) refers to fepilogue.o(.text) for _float_round
    cfrcmple.o(.text) refers (Special) to iusefp.o(.text) for __I$use$fp
    entry2.o(.ARM.Collect$$$$00000001) refers to entry2.o(.ARM.Collect$$$$00002712) for __lit__00000000
    entry2.o(.ARM.Collect$$$$00002712) refers to startup_m051series.o(STACK) for __initial_sp
    entry2.o(__vectab_stack_and_reset_area) refers to startup_m051series.o(STACK) for __initial_sp
    entry2.o(__vectab_stack_and_reset_area) refers to entry.o(.ARM.Collect$$$$00000000) for __main
    entry5.o(.ARM.Collect$$$$00000004) refers to init.o(.text) for __scatterload
    entry9a.o(.ARM.Collect$$$$0000000B) refers to adc.o(i.main) for main
    entry9b.o(.ARM.Collect$$$$0000000C) refers to adc.o(i.main) for main
    uldiv.o(.text) refers to llushr.o(.text) for __aeabi_llsr
    uldiv.o(.text) refers to llshl.o(.text) for __aeabi_llsl
    depilogue.o(.text) refers to depilogue.o(i.__ARM_clz) for __ARM_clz
    depilogue.o(.text) refers to llshl.o(.text) for __aeabi_llsl
    depilogue.o(.text) refers to llushr.o(.text) for __aeabi_llsr
    dadd.o(.text) refers to llshl.o(.text) for __aeabi_llsl
    dadd.o(.text) refers to llsshr.o(.text) for __aeabi_lasr
    dadd.o(.text) refers to depilogue.o(.text) for _double_epilogue
    dfixul.o(.text) refers to llushr.o(.text) for __aeabi_llsr
    dfixul.o(.text) refers to llshl.o(.text) for __aeabi_llsl
    init.o(.text) refers to entry5.o(.ARM.Collect$$$$00000004) for __main_after_scatterload


==============================================================================

Removing Unused input sections from the image.

    Removing startup_m051series.o(HEAP), (256 bytes).
    Removing system_m051series.o(.rev16_text), (4 bytes).
    Removing system_m051series.o(.revsh_text), (4 bytes).
    Removing adc.o(.rev16_text), (4 bytes).
    Removing adc.o(.revsh_text), (4 bytes).
    Removing adc.o(i.debounced_read_button_key), (124 bytes).
    Removing adc.o(i.resistance_value_conversion), (476 bytes).
    Removing uart_printf.o(.rev16_text), (4 bytes).
    Removing uart_printf.o(.revsh_text), (4 bytes).
    Removing uart_printf.o(i.send_string), (36 bytes).
    Removing uart_printf.o(i.uart_printf), (44 bytes).
    Removing systime.o(.rev16_text), (4 bytes).
    Removing systime.o(.revsh_text), (4 bytes).
    Removing systime.o(i.delay), (24 bytes).
    Removing systime.o(i.delayMicroseconds), (52 bytes).
    Removing mygpio.o(.rev16_text), (4 bytes).
    Removing mygpio.o(.revsh_text), (4 bytes).
    Removing mygpio.o(i.is_pin_pwm), (18 bytes).
    Removing mygpio.o(i.is_pin_servo), (18 bytes).
    Removing mygpio.o(i.pin_to_index), (16 bytes).
    Removing protocol.o(.rev16_text), (4 bytes).
    Removing protocol.o(.revsh_text), (4 bytes).
    Removing protocol.o(i.check_analog_report), (2 bytes).
    Removing protocol.o(i.check_digital_report), (2 bytes).
    Removing protocol.o(i.device_neep_loop), (292 bytes).
    Removing protocol.o(i.readFloat), (112 bytes).
    Removing protocol.o(i.sendFloat), (136 bytes).
    Removing mepwm.o(.rev16_text), (4 bytes).
    Removing mepwm.o(.revsh_text), (4 bytes).
    Removing mepwm.o(i.pwm_canceled), (284 bytes).
    Removing interrupt.o(.rev16_text), (4 bytes).
    Removing interrupt.o(.revsh_text), (4 bytes).
    Removing sysinit.o(.rev16_text), (4 bytes).
    Removing sysinit.o(.revsh_text), (4 bytes).
    Removing sysinit.o(i.GPIO_P23_INT_init), (36 bytes).
    Removing dataflash.o(.rev16_text), (4 bytes).
    Removing dataflash.o(.revsh_text), (4 bytes).
    Removing dataflash.o(i.SYS_UnlockReg), (32 bytes).
    Removing dataflash.o(i.flash_checksum), (24 bytes).
    Removing dataflash.o(i.spi_flash_erase_sector), (164 bytes).
    Removing dataflash.o(i.spi_flash_read), (352 bytes).
    Removing dataflash.o(i.spi_flash_restore_registers), (108 bytes).
    Removing dataflash.o(i.spi_flash_write), (328 bytes).
    Removing smartservo.o(.rev16_text), (4 bytes).
    Removing smartservo.o(.revsh_text), (4 bytes).
    Removing smartservo.o(i.servo_move_test), (10 bytes).
    Removing retarget.o(.rev16_text), (4 bytes).
    Removing retarget.o(.revsh_text), (4 bytes).
    Removing retarget.o(i.GetChar), (32 bytes).
    Removing retarget.o(i.IsDebugFifoEmpty), (20 bytes).
    Removing retarget.o(i.SendChar), (12 bytes).
    Removing retarget.o(i.SendChar_ToUART), (52 bytes).
    Removing retarget.o(i._ttywrch), (12 bytes).
    Removing retarget.o(i.ferror), (8 bytes).
    Removing retarget.o(i.fgetc), (10 bytes).
    Removing retarget.o(i.fputc), (16 bytes).
    Removing retarget.o(i.kbhit), (20 bytes).
    Removing retarget.o(.data), (8 bytes).
    Removing sys.o(.rev16_text), (4 bytes).
    Removing sys.o(.revsh_text), (4 bytes).
    Removing sys.o(i.SYS_ClearResetSrc), (16 bytes).
    Removing sys.o(i.SYS_DisableBOD), (18 bytes).
    Removing sys.o(i.SYS_EnableBOD), (50 bytes).
    Removing sys.o(i.SYS_GetBODStatus), (14 bytes).
    Removing sys.o(i.SYS_GetResetSrc), (8 bytes).
    Removing sys.o(i.SYS_IsRegLocked), (20 bytes).
    Removing sys.o(i.SYS_ReadPDID), (8 bytes).
    Removing sys.o(i.SYS_ResetCPU), (18 bytes).
    Removing sys.o(i.SYS_ResetChip), (18 bytes).
    Removing uart.o(.rev16_text), (4 bytes).
    Removing uart.o(.revsh_text), (4 bytes).
    Removing uart.o(i.NVIC_DisableIRQ), (20 bytes).
    Removing uart.o(i.NVIC_EnableIRQ), (20 bytes).
    Removing uart.o(i.UART_ClearIntFlag), (88 bytes).
    Removing uart.o(i.UART_Close), (6 bytes).
    Removing uart.o(i.UART_DisableFlowCtrl), (12 bytes).
    Removing uart.o(i.UART_DisableInt), (40 bytes).
    Removing uart.o(i.UART_EnableFlowCtrl), (30 bytes).
    Removing uart.o(i.UART_EnableInt), (40 bytes).
    Removing uart.o(i.UART_Read), (54 bytes).
    Removing uart.o(i.UART_SelectIrDAMode), (164 bytes).
    Removing uart.o(i.UART_SelectLINMode), (26 bytes).
    Removing uart.o(i.UART_SelectRS485Mode), (32 bytes).
    Removing uart.o(i.UART_SetTimeoutCnt), (22 bytes).
    Removing uart.o(i.UART_Write), (54 bytes).
    Removing i2c.o(.rev16_text), (4 bytes).
    Removing i2c.o(.revsh_text), (4 bytes).
    Removing i2c.o(i.I2C_Close), (44 bytes).
    Removing i2c.o(i.I2C_DisableInt), (10 bytes).
    Removing i2c.o(i.I2C_DisableTimeout), (10 bytes).
    Removing i2c.o(i.I2C_DisableWakeup), (10 bytes).
    Removing i2c.o(i.I2C_EnableInt), (10 bytes).
    Removing i2c.o(i.I2C_EnableTimeout), (32 bytes).
    Removing i2c.o(i.I2C_EnableWakeup), (10 bytes).
    Removing i2c.o(i.I2C_GetBusClockFreq), (24 bytes).
    Removing i2c.o(i.I2C_GetData), (8 bytes).
    Removing i2c.o(i.I2C_GetIntFlag), (12 bytes).
    Removing i2c.o(i.I2C_Open), (64 bytes).
    Removing i2c.o(i.I2C_SetBusClockFreq), (56 bytes).
    Removing i2c.o(i.I2C_SetData), (4 bytes).
    Removing i2c.o(i.I2C_SetSlaveAddr), (58 bytes).
    Removing i2c.o(i.I2C_SetSlaveAddrMask), (48 bytes).
    Removing i2c.o(i.I2C_Trigger), (50 bytes).
    Removing timer.o(.rev16_text), (4 bytes).
    Removing timer.o(.revsh_text), (4 bytes).
    Removing timer.o(i.TIMER_Close), (8 bytes).
    Removing timer.o(i.TIMER_Delay), (272 bytes).
    Removing timer.o(i.TIMER_DisableCapture), (10 bytes).
    Removing timer.o(i.TIMER_DisableEventCounter), (12 bytes).
    Removing timer.o(i.TIMER_EnableCapture), (20 bytes).
    Removing timer.o(i.TIMER_EnableEventCounter), (22 bytes).
    Removing clk.o(.rev16_text), (4 bytes).
    Removing clk.o(.revsh_text), (4 bytes).
    Removing clk.o(i.CLK_DisableCKO), (16 bytes).
    Removing clk.o(i.CLK_DisableModuleClock), (36 bytes).
    Removing clk.o(i.CLK_DisablePLL), (20 bytes).
    Removing clk.o(i.CLK_DisableXtalRC), (16 bytes).
    Removing clk.o(i.CLK_EnableCKO), (48 bytes).
    Removing clk.o(i.CLK_GetCPUFreq), (16 bytes).
    Removing clk.o(i.CLK_GetHCLKFreq), (16 bytes).
    Removing clk.o(i.CLK_GetHXTFreq), (28 bytes).
    Removing clk.o(i.CLK_Idle), (36 bytes).
    Removing clk.o(i.CLK_PowerDown), (40 bytes).
    Removing clk.o(i.CLK_SetSysTickClockSrc), (20 bytes).
    Removing gpio.o(.rev16_text), (4 bytes).
    Removing gpio.o(.revsh_text), (4 bytes).
    Removing gpio.o(i.GPIO_DisableInt), (28 bytes).
    Removing fmc.o(.rev16_text), (4 bytes).
    Removing fmc.o(.revsh_text), (4 bytes).
    Removing fmc.o(i.FMC_Close), (20 bytes).
    Removing fmc.o(i.FMC_DisableAPUpdate), (20 bytes).
    Removing fmc.o(i.FMC_DisableConfigUpdate), (20 bytes).
    Removing fmc.o(i.FMC_DisableLDUpdate), (20 bytes).
    Removing fmc.o(i.FMC_EnableAPUpdate), (20 bytes).
    Removing fmc.o(i.FMC_EnableConfigUpdate), (20 bytes).
    Removing fmc.o(i.FMC_EnableLDUpdate), (20 bytes).
    Removing fmc.o(i.FMC_GetBootSource), (24 bytes).
    Removing fmc.o(i.FMC_Open), (20 bytes).
    Removing fmc.o(i.FMC_Read), (40 bytes).
    Removing fmc.o(i.FMC_ReadConfig), (36 bytes).
    Removing fmc.o(i.FMC_ReadDataFlashBaseAddr), (12 bytes).
    Removing fmc.o(i.FMC_SetBootSource), (36 bytes).
    Removing fmc.o(i.FMC_WriteConfig), (100 bytes).
    Removing pwm.o(.rev16_text), (4 bytes).
    Removing pwm.o(.revsh_text), (4 bytes).
    Removing pwm.o(i.PWM_ClearADCTriggerFlag), (12 bytes).
    Removing pwm.o(i.PWM_ClearCaptureIntFlag), (72 bytes).
    Removing pwm.o(i.PWM_ClearDutyIntFlag), (10 bytes).
    Removing pwm.o(i.PWM_ClearPeriodIntFlag), (8 bytes).
    Removing pwm.o(i.PWM_ConfigCaptureChannel), (356 bytes).
    Removing pwm.o(i.PWM_ConfigOutputChannel), (396 bytes).
    Removing pwm.o(i.PWM_DisableADCTrigger), (18 bytes).
    Removing pwm.o(i.PWM_DisableCapture), (64 bytes).
    Removing pwm.o(i.PWM_DisableCaptureInt), (40 bytes).
    Removing pwm.o(i.PWM_DisableDeadZone), (14 bytes).
    Removing pwm.o(i.PWM_DisableDutyInt), (14 bytes).
    Removing pwm.o(i.PWM_DisableOutput), (8 bytes).
    Removing pwm.o(i.PWM_DisablePeriodInt), (12 bytes).
    Removing pwm.o(i.PWM_EnableADCTrigger), (26 bytes).
    Removing pwm.o(i.PWM_EnableCapture), (64 bytes).
    Removing pwm.o(i.PWM_EnableCaptureInt), (36 bytes).
    Removing pwm.o(i.PWM_EnableDeadZone), (40 bytes).
    Removing pwm.o(i.PWM_EnableDutyInt), (34 bytes).
    Removing pwm.o(i.PWM_EnableOutput), (8 bytes).
    Removing pwm.o(i.PWM_EnablePeriodInt), (32 bytes).
    Removing pwm.o(i.PWM_ForceStop), (42 bytes).
    Removing pwm.o(i.PWM_GetADCTriggerFlag), (24 bytes).
    Removing pwm.o(i.PWM_GetCaptureIntFlag), (48 bytes).
    Removing pwm.o(i.PWM_GetDutyIntFlag), (24 bytes).
    Removing pwm.o(i.PWM_GetPeriodIntFlag), (22 bytes).
    Removing pwm.o(i.PWM_Start), (42 bytes).
    Removing pwm.o(i.PWM_Stop), (38 bytes).
    Removing pwm.o(.constdata), (168 bytes).
    Removing dadd.o(.text), (356 bytes).
    Removing dfixul.o(.text), (64 bytes).
    Removing cdrcmple.o(.text), (40 bytes).

176 unused section(s) (total 7728 bytes) removed from the image.

==============================================================================

Image Symbol Table

    Local Symbols

    Symbol Name                              Value     Ov Type        Size  Object(Section)

    RESET                                    0x00000000   Section      192  startup_m051series.o(RESET)
    ../clib/microlib/division.c              0x00000000   Number         0  uidiv.o ABSOLUTE
    ../clib/microlib/division.c              0x00000000   Number         0  idiv.o ABSOLUTE
    ../clib/microlib/division.c              0x00000000   Number         0  uldiv.o ABSOLUTE
    ../clib/microlib/init/entry.s            0x00000000   Number         0  entry11b.o ABSOLUTE
    ../clib/microlib/init/entry.s            0x00000000   Number         0  entry2.o ABSOLUTE
    ../clib/microlib/init/entry.s            0x00000000   Number         0  entry7b.o ABSOLUTE
    ../clib/microlib/init/entry.s            0x00000000   Number         0  entry11a.o ABSOLUTE
    ../clib/microlib/init/entry.s            0x00000000   Number         0  entry10b.o ABSOLUTE
    ../clib/microlib/init/entry.s            0x00000000   Number         0  entry10a.o ABSOLUTE
    ../clib/microlib/init/entry.s            0x00000000   Number         0  entry9b.o ABSOLUTE
    ../clib/microlib/init/entry.s            0x00000000   Number         0  entry9a.o ABSOLUTE
    ../clib/microlib/init/entry.s            0x00000000   Number         0  entry8b.o ABSOLUTE
    ../clib/microlib/init/entry.s            0x00000000   Number         0  entry8a.o ABSOLUTE
    ../clib/microlib/init/entry.s            0x00000000   Number         0  entry.o ABSOLUTE
    ../clib/microlib/init/entry.s            0x00000000   Number         0  entry7a.o ABSOLUTE
    ../clib/microlib/init/entry.s            0x00000000   Number         0  entry5.o ABSOLUTE
    ../clib/microlib/longlong.c              0x00000000   Number         0  llsshr.o ABSOLUTE
    ../clib/microlib/longlong.c              0x00000000   Number         0  llushr.o ABSOLUTE
    ../clib/microlib/longlong.c              0x00000000   Number         0  llshl.o ABSOLUTE
    ../clib/microlib/printf/printf.c         0x00000000   Number         0  printfa.o ABSOLUTE
    ../clib/microlib/printf/stubs.s          0x00000000   Number         0  stubs.o ABSOLUTE
    ../clib/microlib/string/memcpy.c         0x00000000   Number         0  memcpya.o ABSOLUTE
    ../clib/microlib/string/memcpy.c         0x00000000   Number         0  memcpyb.o ABSOLUTE
    ../clib/microlib/stubs.s                 0x00000000   Number         0  iusefp.o ABSOLUTE
    ../fplib/microlib/d2f.c                  0x00000000   Number         0  d2f.o ABSOLUTE
    ../fplib/microlib/fpadd.c                0x00000000   Number         0  dadd.o ABSOLUTE
    ../fplib/microlib/fpdiv.c                0x00000000   Number         0  ddiv.o ABSOLUTE
    ../fplib/microlib/fpepilogue.c           0x00000000   Number         0  depilogue.o ABSOLUTE
    ../fplib/microlib/fpepilogue.c           0x00000000   Number         0  fepilogue.o ABSOLUTE
    ../fplib/microlib/fpfix.c                0x00000000   Number         0  dfixi.o ABSOLUTE
    ../fplib/microlib/fpfix.c                0x00000000   Number         0  dfixul.o ABSOLUTE
    ../fplib/microlib/fpfix.c                0x00000000   Number         0  ffixi.o ABSOLUTE
    ../fplib/microlib/fpflt.c                0x00000000   Number         0  fflti.o ABSOLUTE
    ../fplib/microlib/fpflt.c                0x00000000   Number         0  dflti.o ABSOLUTE
    ../fplib/microlib/fpmul.c                0x00000000   Number         0  dmul.o ABSOLUTE
    ../fplib/microlib/fpmul.c                0x00000000   Number         0  fmul.o ABSOLUTE
    ..\Library\Device\Nuvoton\M051Series\Source\system_M051Series.c 0x00000000   Number         0  system_m051series.o ABSOLUTE
    ..\Library\StdDriver\src\clk.c           0x00000000   Number         0  clk.o ABSOLUTE
    ..\Library\StdDriver\src\fmc.c           0x00000000   Number         0  fmc.o ABSOLUTE
    ..\Library\StdDriver\src\gpio.c          0x00000000   Number         0  gpio.o ABSOLUTE
    ..\Library\StdDriver\src\i2c.c           0x00000000   Number         0  i2c.o ABSOLUTE
    ..\Library\StdDriver\src\pwm.c           0x00000000   Number         0  pwm.o ABSOLUTE
    ..\Library\StdDriver\src\retarget.c      0x00000000   Number         0  retarget.o ABSOLUTE
    ..\Library\StdDriver\src\sys.c           0x00000000   Number         0  sys.o ABSOLUTE
    ..\Library\StdDriver\src\timer.c         0x00000000   Number         0  timer.o ABSOLUTE
    ..\Library\StdDriver\src\uart.c          0x00000000   Number         0  uart.o ABSOLUTE
    ..\\Library\\Device\\Nuvoton\\M051Series\\Source\\system_M051Series.c 0x00000000   Number         0  system_m051series.o ABSOLUTE
    ..\\Library\\StdDriver\\src\\clk.c       0x00000000   Number         0  clk.o ABSOLUTE
    ..\\Library\\StdDriver\\src\\fmc.c       0x00000000   Number         0  fmc.o ABSOLUTE
    ..\\Library\\StdDriver\\src\\gpio.c      0x00000000   Number         0  gpio.o ABSOLUTE
    ..\\Library\\StdDriver\\src\\i2c.c       0x00000000   Number         0  i2c.o ABSOLUTE
    ..\\Library\\StdDriver\\src\\pwm.c       0x00000000   Number         0  pwm.o ABSOLUTE
    ..\\Library\\StdDriver\\src\\retarget.c  0x00000000   Number         0  retarget.o ABSOLUTE
    ..\\Library\\StdDriver\\src\\sys.c       0x00000000   Number         0  sys.o ABSOLUTE
    ..\\Library\\StdDriver\\src\\timer.c     0x00000000   Number         0  timer.o ABSOLUTE
    ..\\Library\\StdDriver\\src\\uart.c      0x00000000   Number         0  uart.o ABSOLUTE
    ..\\src\\Interrupt.c                     0x00000000   Number         0  interrupt.o ABSOLUTE
    ..\\src\\MePwm.c                         0x00000000   Number         0  mepwm.o ABSOLUTE
    ..\\src\\dataflash.c                     0x00000000   Number         0  dataflash.o ABSOLUTE
    ..\\src\\main.c                          0x00000000   Number         0  adc.o ABSOLUTE
    ..\\src\\mygpio.c                        0x00000000   Number         0  mygpio.o ABSOLUTE
    ..\\src\\protocol.c                      0x00000000   Number         0  protocol.o ABSOLUTE
    ..\\src\\smartservo.c                    0x00000000   Number         0  smartservo.o ABSOLUTE
    ..\\src\\sysinit.c                       0x00000000   Number         0  sysinit.o ABSOLUTE
    ..\\src\\systime.c                       0x00000000   Number         0  systime.o ABSOLUTE
    ..\\src\\uart_printf.c                   0x00000000   Number         0  uart_printf.o ABSOLUTE
    ..\src\Interrupt.c                       0x00000000   Number         0  interrupt.o ABSOLUTE
    ..\src\MePwm.c                           0x00000000   Number         0  mepwm.o ABSOLUTE
    ..\src\dataflash.c                       0x00000000   Number         0  dataflash.o ABSOLUTE
    ..\src\main.c                            0x00000000   Number         0  adc.o ABSOLUTE
    ..\src\mygpio.c                          0x00000000   Number         0  mygpio.o ABSOLUTE
    ..\src\protocol.c                        0x00000000   Number         0  protocol.o ABSOLUTE
    ..\src\smartservo.c                      0x00000000   Number         0  smartservo.o ABSOLUTE
    ..\src\sysinit.c                         0x00000000   Number         0  sysinit.o ABSOLUTE
    ..\src\systime.c                         0x00000000   Number         0  systime.o ABSOLUTE
    ..\src\uart_printf.c                     0x00000000   Number         0  uart_printf.o ABSOLUTE
    cdrcmple.s                               0x00000000   Number         0  cdrcmple.o ABSOLUTE
    cfrcmple.s                               0x00000000   Number         0  cfrcmple.o ABSOLUTE
    dc.s                                     0x00000000   Number         0  dc.o ABSOLUTE
    handlers.s                               0x00000000   Number         0  handlers.o ABSOLUTE
    init.s                                   0x00000000   Number         0  init.o ABSOLUTE
    startup_M051Series.s                     0x00000000   Number         0  startup_m051series.o ABSOLUTE
    .ARM.Collect$$$$00000000                 0x000000c0   Section        0  entry.o(.ARM.Collect$$$$00000000)
    .ARM.Collect$$$$00000001                 0x000000c0   Section        4  entry2.o(.ARM.Collect$$$$00000001)
    .ARM.Collect$$$$00000004                 0x000000c4   Section        4  entry5.o(.ARM.Collect$$$$00000004)
    .ARM.Collect$$$$00000008                 0x000000c8   Section        0  entry7b.o(.ARM.Collect$$$$00000008)
    .ARM.Collect$$$$0000000A                 0x000000c8   Section        0  entry8b.o(.ARM.Collect$$$$0000000A)
    .ARM.Collect$$$$0000000B                 0x000000c8   Section        8  entry9a.o(.ARM.Collect$$$$0000000B)
    .ARM.Collect$$$$0000000D                 0x000000d0   Section        0  entry10a.o(.ARM.Collect$$$$0000000D)
    .ARM.Collect$$$$0000000F                 0x000000d0   Section        0  entry11a.o(.ARM.Collect$$$$0000000F)
    .ARM.Collect$$$$00002712                 0x000000d0   Section        4  entry2.o(.ARM.Collect$$$$00002712)
    __lit__00000000                          0x000000d0   Data           4  entry2.o(.ARM.Collect$$$$00002712)
    .text                                    0x000000d4   Section       92  startup_m051series.o(.text)
    Default_Handler                          0x00000105   Thumb Code     2  startup_m051series.o(.text)
    .text                                    0x00000130   Section        0  uidiv.o(.text)
    .text                                    0x0000015c   Section        0  idiv.o(.text)
    .text                                    0x00000184   Section        0  memcpya.o(.text)
    .text                                    0x000001a8   Section        0  fmul.o(.text)
    .text                                    0x00000224   Section        0  dmul.o(.text)
    .text                                    0x000002f4   Section        0  ddiv.o(.text)
    .text                                    0x000003e4   Section        0  fflti.o(.text)
    .text                                    0x000003fc   Section        0  dflti.o(.text)
    .text                                    0x00000424   Section        0  ffixi.o(.text)
    .text                                    0x00000458   Section        0  dfixi.o(.text)
    .text                                    0x000004a0   Section        0  d2f.o(.text)
    .text                                    0x000004d8   Section       20  cfrcmple.o(.text)
    .text                                    0x000004ec   Section        0  llushr.o(.text)
    .text                                    0x0000050e   Section        0  fepilogue.o(.text)
    .text                                    0x0000050e   Section        0  iusefp.o(.text)
    .text                                    0x00000590   Section        0  depilogue.o(.text)
    .text                                    0x00000650   Section       36  init.o(.text)
    .text                                    0x00000674   Section        0  llshl.o(.text)
    i.CLK_EnableModuleClock                  0x00000694   Section        0  clk.o(i.CLK_EnableModuleClock)
    i.CLK_EnablePLL                          0x000006b8   Section        0  clk.o(i.CLK_EnablePLL)
    i.CLK_EnableXtalRC                       0x000007e0   Section        0  clk.o(i.CLK_EnableXtalRC)
    i.CLK_GetPLLClockFreq                    0x000007f0   Section        0  system_m051series.o(i.CLK_GetPLLClockFreq)
    CLK_GetPLLClockFreq                      0x000007f1   Thumb Code   112  system_m051series.o(i.CLK_GetPLLClockFreq)
    i.CLK_GetPLLClockFreq                    0x00000870   Section        0  uart.o(i.CLK_GetPLLClockFreq)
    CLK_GetPLLClockFreq                      0x00000871   Thumb Code   112  uart.o(i.CLK_GetPLLClockFreq)
    i.CLK_GetPLLClockFreq                    0x000008f0   Section        0  clk.o(i.CLK_GetPLLClockFreq)
    CLK_GetPLLClockFreq                      0x000008f1   Thumb Code   112  clk.o(i.CLK_GetPLLClockFreq)
    i.CLK_SetCoreClock                       0x00000970   Section        0  clk.o(i.CLK_SetCoreClock)
    i.CLK_SetHCLK                            0x000009c4   Section        0  clk.o(i.CLK_SetHCLK)
    i.CLK_SetModuleClock                     0x000009f0   Section        0  clk.o(i.CLK_SetModuleClock)
    i.CLK_WaitClockReady                     0x00000a54   Section        0  clk.o(i.CLK_WaitClockReady)
    i.GPIOP2P3P4_IRQHandler                  0x00000a7c   Section        0  interrupt.o(i.GPIOP2P3P4_IRQHandler)
    i.GPIO_EnableInt                         0x00000ab8   Section        0  gpio.o(i.GPIO_EnableInt)
    i.GPIO_SetMode                           0x00000ad2   Section        0  gpio.o(i.GPIO_SetMode)
    i.I2C_ClearTimeoutFlag                   0x00000b00   Section        0  i2c.o(i.I2C_ClearTimeoutFlag)
    i.I2C_GetStatus                          0x00000b0a   Section        0  i2c.o(i.I2C_GetStatus)
    i.I2C_IRQHandler                         0x00000b10   Section        0  interrupt.o(i.I2C_IRQHandler)
    i.NVIC_EnableIRQ                         0x00000b50   Section        0  sysinit.o(i.NVIC_EnableIRQ)
    NVIC_EnableIRQ                           0x00000b51   Thumb Code    14  sysinit.o(i.NVIC_EnableIRQ)
    i.Pin2Addr                               0x00000b64   Section        0  mygpio.o(i.Pin2Addr)
    i.SYS_Init                               0x00000b84   Section        0  sysinit.o(i.SYS_Init)
    i.SYS_ResetModule                        0x00000c34   Section        0  sys.o(i.SYS_ResetModule)
    i.SendErrorUart0                         0x00000c64   Section        0  protocol.o(i.SendErrorUart0)
    i.SystemCoreClockUpdate                  0x00000c90   Section        0  system_m051series.o(i.SystemCoreClockUpdate)
    i.SystemInit                             0x00000cf4   Section        0  system_m051series.o(i.SystemInit)
    i.TIMER_GetModuleClock                   0x00000cf8   Section        0  timer.o(i.TIMER_GetModuleClock)
    i.TIMER_Open                             0x00000d7c   Section        0  timer.o(i.TIMER_Open)
    i.TMR0_IRQHandler                        0x00000df4   Section        0  interrupt.o(i.TMR0_IRQHandler)
    i.TMR0_Init                              0x00000e20   Section        0  sysinit.o(i.TMR0_Init)
    i.UART0_IRQHandler                       0x00000e60   Section        0  interrupt.o(i.UART0_IRQHandler)
    i.UART0_Init                             0x00000e68   Section        0  uart_printf.o(i.UART0_Init)
    i.UART1_IRQHandler                       0x00000e84   Section        0  interrupt.o(i.UART1_IRQHandler)
    i.UART1_Init                             0x00000e8c   Section        0  uart_printf.o(i.UART1_Init)
    i.UART_Function_Init                     0x00000ea8   Section        0  sysinit.o(i.UART_Function_Init)
    i.UART_Open                              0x00000ed8   Section        0  uart.o(i.UART_Open)
    i.UART_SetLine_Config                    0x00000f90   Section        0  uart.o(i.UART_SetLine_Config)
    i.Uart0_Handle                           0x00001048   Section        0  interrupt.o(i.Uart0_Handle)
    Uart0_Handle                             0x00001049   Thumb Code   116  interrupt.o(i.Uart0_Handle)
    i.Uart1_Handle                           0x000010cc   Section        0  interrupt.o(i.Uart1_Handle)
    Uart1_Handle                             0x000010cd   Thumb Code   100  interrupt.o(i.Uart1_Handle)
    i.__ARM_clz                              0x00001144   Section        0  depilogue.o(i.__ARM_clz)
    i.__ARM_common_switch8                   0x00001172   Section        0  adc.o(i.__ARM_common_switch8)
    i.__scatterload_copy                     0x0000118e   Section       14  handlers.o(i.__scatterload_copy)
    i.__scatterload_null                     0x0000119c   Section        2  handlers.o(i.__scatterload_null)
    i.__scatterload_zeroinit                 0x0000119e   Section       14  handlers.o(i.__scatterload_zeroinit)
    i.adc_get_position_value                 0x000011ac   Section        0  smartservo.o(i.adc_get_position_value)
    i.analogRead                             0x000011c0   Section        0  mygpio.o(i.analogRead)
    i.assign_dev_id_response                 0x000012f8   Section        0  protocol.o(i.assign_dev_id_response)
    assign_dev_id_response                   0x000012f9   Thumb Code    82  protocol.o(i.assign_dev_id_response)
    i.button_key_1_response                  0x00001358   Section        0  protocol.o(i.button_key_1_response)
    button_key_1_response                    0x00001359   Thumb Code    24  protocol.o(i.button_key_1_response)
    i.check_pwm_output_staturation           0x0000137c   Section        0  smartservo.o(i.check_pwm_output_staturation)
    check_pwm_output_staturation             0x0000137d   Thumb Code    22  smartservo.o(i.check_pwm_output_staturation)
    i.device_neep_loop_in_sampling           0x00001398   Section        0  protocol.o(i.device_neep_loop_in_sampling)
    i.digitalRead                            0x000013cc   Section        0  mygpio.o(i.digitalRead)
    i.digitalWrite                           0x000013ec   Section        0  mygpio.o(i.digitalWrite)
    i.flush_uart0_forward_buffer             0x000013fc   Section        0  protocol.o(i.flush_uart0_forward_buffer)
    i.flush_uart0_local_buffer               0x00001440   Section        0  protocol.o(i.flush_uart0_local_buffer)
    i.flush_uart1_forward_buffer             0x000014c8   Section        0  protocol.o(i.flush_uart1_forward_buffer)
    i.get_sensor_data                        0x00001550   Section        0  adc.o(i.get_sensor_data)
    i.infrared_receiver_response             0x0000156c   Section        0  protocol.o(i.infrared_receiver_response)
    infrared_receiver_response               0x0000156d   Thumb Code    26  protocol.o(i.infrared_receiver_response)
    i.infrared_send_response                 0x00001598   Section        0  protocol.o(i.infrared_send_response)
    infrared_send_response                   0x00001599   Thumb Code     2  protocol.o(i.infrared_send_response)
    i.init_local_device                      0x0000159c   Section        0  adc.o(i.init_local_device)
    i.is_pin_analog                          0x000017b4   Section        0  mygpio.o(i.is_pin_analog)
    i.joystick_response                      0x000017d2   Section        0  protocol.o(i.joystick_response)
    joystick_response                        0x000017d3   Thumb Code     2  protocol.o(i.joystick_response)
    i.laser_device_response                  0x000017d4   Section        0  protocol.o(i.laser_device_response)
    laser_device_response                    0x000017d5   Thumb Code     2  protocol.o(i.laser_device_response)
    i.light_sensor_response                  0x000017d8   Section        0  protocol.o(i.light_sensor_response)
    light_sensor_response                    0x000017d9   Thumb Code    24  protocol.o(i.light_sensor_response)
    i.limit_switch_response                  0x000017fc   Section        0  protocol.o(i.limit_switch_response)
    limit_switch_response                    0x000017fd   Thumb Code     2  protocol.o(i.limit_switch_response)
    i.main                                   0x00001800   Section        0  adc.o(i.main)
    i.map                                    0x000018c8   Section        0  mygpio.o(i.map)
    i.mic_sensor_response                    0x000018e8   Section        0  protocol.o(i.mic_sensor_response)
    mic_sensor_response                      0x000018e9   Thumb Code    24  protocol.o(i.mic_sensor_response)
    i.millis                                 0x0000190c   Section        0  systime.o(i.millis)
    i.monochrome_led_response                0x00001920   Section        0  protocol.o(i.monochrome_led_response)
    monochrome_led_response                  0x00001921   Thumb Code     2  protocol.o(i.monochrome_led_response)
    i.motor_dc_response                      0x00001922   Section        0  protocol.o(i.motor_dc_response)
    motor_dc_response                        0x00001923   Thumb Code     2  protocol.o(i.motor_dc_response)
    i.motor_encoder_response                 0x00001924   Section        0  protocol.o(i.motor_encoder_response)
    motor_encoder_response                   0x00001925   Thumb Code     2  protocol.o(i.motor_encoder_response)
    i.motor_servo_response                   0x00001926   Section        0  protocol.o(i.motor_servo_response)
    motor_servo_response                     0x00001927   Thumb Code     2  protocol.o(i.motor_servo_response)
    i.motor_step_response                    0x00001928   Section        0  protocol.o(i.motor_step_response)
    motor_step_response                      0x00001929   Thumb Code     2  protocol.o(i.motor_step_response)
    i.mpu6050_response                       0x0000192a   Section        0  protocol.o(i.mpu6050_response)
    mpu6050_response                         0x0000192b   Thumb Code     2  protocol.o(i.mpu6050_response)
    i.normalize_position_difference          0x0000192c   Section        0  smartservo.o(i.normalize_position_difference)
    normalize_position_difference            0x0000192d   Thumb Code    30  smartservo.o(i.normalize_position_difference)
    i.pid_position_to_pwm                    0x00001950   Section        0  smartservo.o(i.pid_position_to_pwm)
    i.pinMode                                0x00001b64   Section        0  mygpio.o(i.pinMode)
    i.processSysexMessage                    0x00001bd8   Section        0  protocol.o(i.processSysexMessage)
    i.pwm_init                               0x00001ca4   Section        0  mepwm.o(i.pwm_init)
    i.pwm_rgb_led_response                   0x00002058   Section        0  protocol.o(i.pwm_rgb_led_response)
    pwm_rgb_led_response                     0x00002059   Thumb Code    72  protocol.o(i.pwm_rgb_led_response)
    i.pwm_write                              0x000020a4   Section        0  mepwm.o(i.pwm_write)
    i.pwm_writeMicroseconds                  0x00002104   Section        0  mepwm.o(i.pwm_writeMicroseconds)
    i.readShort                              0x000021b4   Section        0  protocol.o(i.readShort)
    i.read_analog_response                   0x000021fc   Section        0  protocol.o(i.read_analog_response)
    read_analog_response                     0x000021fd   Thumb Code    52  protocol.o(i.read_analog_response)
    i.read_digital_response                  0x00002238   Section        0  protocol.o(i.read_digital_response)
    read_digital_response                    0x00002239   Thumb Code    50  protocol.o(i.read_digital_response)
    i.readbyte                               0x00002274   Section        0  protocol.o(i.readbyte)
    i.report_analog_response                 0x0000229c   Section        0  protocol.o(i.report_analog_response)
    report_analog_response                   0x0000229d   Thumb Code     2  protocol.o(i.report_analog_response)
    i.report_digital_response                0x0000229e   Section        0  protocol.o(i.report_digital_response)
    report_digital_response                  0x0000229f   Thumb Code     2  protocol.o(i.report_digital_response)
    i.rtc_clock_response                     0x000022a0   Section        0  protocol.o(i.rtc_clock_response)
    rtc_clock_response                       0x000022a1   Thumb Code     2  protocol.o(i.rtc_clock_response)
    i.samrt_servo_init                       0x000022a4   Section        0  smartservo.o(i.samrt_servo_init)
    i.segment_dis_response                   0x0000232c   Section        0  protocol.o(i.segment_dis_response)
    segment_dis_response                     0x0000232d   Thumb Code     2  protocol.o(i.segment_dis_response)
    i.sendShort                              0x00002330   Section        0  protocol.o(i.sendShort)
    i.send_analog_signal_value               0x00002388   Section        0  protocol.o(i.send_analog_signal_value)
    send_analog_signal_value                 0x00002389   Thumb Code    42  protocol.o(i.send_analog_signal_value)
    i.send_digital_signal_value              0x000023b8   Section        0  protocol.o(i.send_digital_signal_value)
    send_digital_signal_value                0x000023b9   Thumb Code    40  protocol.o(i.send_digital_signal_value)
    i.send_infrared_receiver_value           0x000023e4   Section        0  protocol.o(i.send_infrared_receiver_value)
    send_infrared_receiver_value             0x000023e5   Thumb Code    46  protocol.o(i.send_infrared_receiver_value)
    i.send_joystick_value                    0x00002418   Section        0  protocol.o(i.send_joystick_value)
    send_joystick_value                      0x00002419   Thumb Code     2  protocol.o(i.send_joystick_value)
    i.send_sensor_report                     0x0000241c   Section        0  protocol.o(i.send_sensor_report)
    i.send_smart_pos                         0x00002544   Section        0  protocol.o(i.send_smart_pos)
    send_smart_pos                           0x00002545   Thumb Code    46  protocol.o(i.send_smart_pos)
    i.send_temperature_18b20_value           0x00002578   Section        0  protocol.o(i.send_temperature_18b20_value)
    send_temperature_18b20_value             0x00002579   Thumb Code     2  protocol.o(i.send_temperature_18b20_value)
    i.sendbyte                               0x0000257c   Section        0  protocol.o(i.sendbyte)
    i.service_detect                         0x000025b0   Section        0  adc.o(i.service_detect)
    i.set_pin_mode_response                  0x000025cc   Section        0  protocol.o(i.set_pin_mode_response)
    set_pin_mode_response                    0x000025cd   Thumb Code     2  protocol.o(i.set_pin_mode_response)
    i.smart_servo_ccw                        0x000025ce   Section        0  smartservo.o(i.smart_servo_ccw)
    smart_servo_ccw                          0x000025cf   Thumb Code    30  smartservo.o(i.smart_servo_ccw)
    i.smart_servo_cmd_process                0x000025ec   Section        0  protocol.o(i.smart_servo_cmd_process)
    smart_servo_cmd_process                  0x000025ed   Thumb Code   218  protocol.o(i.smart_servo_cmd_process)
    i.smart_servo_cw                         0x000026d4   Section        0  smartservo.o(i.smart_servo_cw)
    smart_servo_cw                           0x000026d5   Thumb Code    30  smartservo.o(i.smart_servo_cw)
    i.smart_servo_move                       0x000026f4   Section        0  smartservo.o(i.smart_servo_move)
    i.smart_servo_move_to                    0x00002710   Section        0  smartservo.o(i.smart_servo_move_to)
    i.smart_servo_speed_update               0x0000275c   Section        0  smartservo.o(i.smart_servo_speed_update)
    i.smart_servo_stop                       0x000027f4   Section        0  smartservo.o(i.smart_servo_stop)
    i.system_reset_response                  0x00002810   Section        0  protocol.o(i.system_reset_response)
    system_reset_response                    0x00002811   Thumb Code     2  protocol.o(i.system_reset_response)
    i.temperature_18b20_response             0x00002812   Section        0  protocol.o(i.temperature_18b20_response)
    temperature_18b20_response               0x00002813   Thumb Code     2  protocol.o(i.temperature_18b20_response)
    i.voice_buzzer_tone_response             0x00002814   Section        0  protocol.o(i.voice_buzzer_tone_response)
    voice_buzzer_tone_response               0x00002815   Thumb Code     2  protocol.o(i.voice_buzzer_tone_response)
    i.write_analog_response                  0x00002816   Section        0  protocol.o(i.write_analog_response)
    write_analog_response                    0x00002817   Thumb Code     2  protocol.o(i.write_analog_response)
    i.write_byte_uart0                       0x00002818   Section        0  protocol.o(i.write_byte_uart0)
    i.write_byte_uart1                       0x00002858   Section        0  protocol.o(i.write_byte_uart1)
    i.write_digital_response                 0x00002874   Section        0  protocol.o(i.write_digital_response)
    write_digital_response                   0x00002875   Thumb Code     2  protocol.o(i.write_digital_response)
    i.ws2812_display_response                0x00002876   Section        0  protocol.o(i.ws2812_display_response)
    ws2812_display_response                  0x00002877   Thumb Code     2  protocol.o(i.ws2812_display_response)
    .constdata                               0x00002878   Section       32  system_m051series.o(.constdata)
    .constdata                               0x00002898   Section      360  protocol.o(.constdata)
    .constdata                               0x00002a00   Section       48  uart.o(.constdata)
    .constdata                               0x00002a30   Section       32  timer.o(.constdata)
    .data                                    0x20000000   Section       12  system_m051series.o(.data)
    .data                                    0x2000000c   Section       36  adc.o(.data)
    Previous_service_val                     0x2000001c   Data           1  adc.o(.data)
    .data                                    0x20000030   Section      127  protocol.o(.data)
    monochrome_led_dis                       0x20000052   Data           2  protocol.o(.data)
    led_loop_counter                         0x20000054   Data           1  protocol.o(.data)
    .data                                    0x200000b0   Section       32  mepwm.o(.data)
    .data                                    0x200000d0   Section        4  interrupt.o(.data)
    .data                                    0x200000d4   Section       40  smartservo.o(.data)
    deadband                                 0x200000e0   Data           2  smartservo.o(.data)
    p_component                              0x200000e2   Data           2  smartservo.o(.data)
    d_component                              0x200000e4   Data           2  smartservo.o(.data)
    minimum_position                         0x200000e6   Data           2  smartservo.o(.data)
    maximum_position                         0x200000e8   Data           2  smartservo.o(.data)
    current_velocity                         0x200000ea   Data           2  smartservo.o(.data)
    seek_velocity                            0x200000ec   Data           2  smartservo.o(.data)
    pwm_output                               0x200000f0   Data           4  smartservo.o(.data)
    d_gain                                   0x200000f4   Data           4  smartservo.o(.data)
    p_gain                                   0x200000f8   Data           4  smartservo.o(.data)
    .bss                                     0x200000fc   Section      512  protocol.o(.bss)
    .bss                                     0x200002fc   Section       32  mepwm.o(.bss)
    STACK                                    0x20000320   Section     1024  startup_m051series.o(STACK)

    Global Symbols

    Symbol Name                              Value     Ov Type        Size  Object(Section)

    BuildAttributes$$THM_ISAv3M$S$PE$A:L22$X:L11$S22$IEEE1$IW$USESV6$~STKCKD$USESV7$~SHL$OTIME$ROPI$EBA8$MICROLIB$REQ8$PRES8$EABIv2 0x00000000   Number         0  anon$$obj.o ABSOLUTE
    __ARM_use_no_argv                        0x00000000   Number         0  adc.o ABSOLUTE
    __Vectors                                0x00000000   Data           4  startup_m051series.o(RESET)
    _printf_a                                0x00000000   Number         0  stubs.o ABSOLUTE
    _printf_c                                0x00000000   Number         0  stubs.o ABSOLUTE
    _printf_charcount                        0x00000000   Number         0  stubs.o ABSOLUTE
    _printf_d                                0x00000000   Number         0  stubs.o ABSOLUTE
    _printf_e                                0x00000000   Number         0  stubs.o ABSOLUTE
    _printf_f                                0x00000000   Number         0  stubs.o ABSOLUTE
    _printf_flags                            0x00000000   Number         0  stubs.o ABSOLUTE
    _printf_fp_dec                           0x00000000   Number         0  stubs.o ABSOLUTE
    _printf_fp_hex                           0x00000000   Number         0  stubs.o ABSOLUTE
    _printf_g                                0x00000000   Number         0  stubs.o ABSOLUTE
    _printf_i                                0x00000000   Number         0  stubs.o ABSOLUTE
    _printf_int_dec                          0x00000000   Number         0  stubs.o ABSOLUTE
    _printf_l                                0x00000000   Number         0  stubs.o ABSOLUTE
    _printf_lc                               0x00000000   Number         0  stubs.o ABSOLUTE
    _printf_ll                               0x00000000   Number         0  stubs.o ABSOLUTE
    _printf_lld                              0x00000000   Number         0  stubs.o ABSOLUTE
    _printf_lli                              0x00000000   Number         0  stubs.o ABSOLUTE
    _printf_llo                              0x00000000   Number         0  stubs.o ABSOLUTE
    _printf_llu                              0x00000000   Number         0  stubs.o ABSOLUTE
    _printf_llx                              0x00000000   Number         0  stubs.o ABSOLUTE
    _printf_longlong_dec                     0x00000000   Number         0  stubs.o ABSOLUTE
    _printf_longlong_hex                     0x00000000   Number         0  stubs.o ABSOLUTE
    _printf_longlong_oct                     0x00000000   Number         0  stubs.o ABSOLUTE
    _printf_ls                               0x00000000   Number         0  stubs.o ABSOLUTE
    _printf_mbtowc                           0x00000000   Number         0  stubs.o ABSOLUTE
    _printf_n                                0x00000000   Number         0  stubs.o ABSOLUTE
    _printf_o                                0x00000000   Number         0  stubs.o ABSOLUTE
    _printf_p                                0x00000000   Number         0  stubs.o ABSOLUTE
    _printf_percent                          0x00000000   Number         0  stubs.o ABSOLUTE
    _printf_pre_padding                      0x00000000   Number         0  stubs.o ABSOLUTE
    _printf_return_value                     0x00000000   Number         0  stubs.o ABSOLUTE
    _printf_s                                0x00000000   Number         0  stubs.o ABSOLUTE
    _printf_sizespec                         0x00000000   Number         0  stubs.o ABSOLUTE
    _printf_str                              0x00000000   Number         0  stubs.o ABSOLUTE
    _printf_truncate_signed                  0x00000000   Number         0  stubs.o ABSOLUTE
    _printf_truncate_unsigned                0x00000000   Number         0  stubs.o ABSOLUTE
    _printf_u                                0x00000000   Number         0  stubs.o ABSOLUTE
    _printf_wc                               0x00000000   Number         0  stubs.o ABSOLUTE
    _printf_wctomb                           0x00000000   Number         0  stubs.o ABSOLUTE
    _printf_widthprec                        0x00000000   Number         0  stubs.o ABSOLUTE
    _printf_x                                0x00000000   Number         0  stubs.o ABSOLUTE
    __cpp_initialize__aeabi_                  - Undefined Weak Reference
    __cxa_finalize                            - Undefined Weak Reference
    __decompress                              - Undefined Weak Reference
    _clock_init                               - Undefined Weak Reference
    _microlib_exit                            - Undefined Weak Reference
    __main                                   0x000000c1   Thumb Code     0  entry.o(.ARM.Collect$$$$00000000)
    _main_stk                                0x000000c1   Thumb Code     0  entry2.o(.ARM.Collect$$$$00000001)
    _main_scatterload                        0x000000c5   Thumb Code     0  entry5.o(.ARM.Collect$$$$00000004)
    __main_after_scatterload                 0x000000c9   Thumb Code     0  entry5.o(.ARM.Collect$$$$00000004)
    _main_clock                              0x000000c9   Thumb Code     0  entry7b.o(.ARM.Collect$$$$00000008)
    _main_cpp_init                           0x000000c9   Thumb Code     0  entry8b.o(.ARM.Collect$$$$0000000A)
    _main_init                               0x000000c9   Thumb Code     0  entry9a.o(.ARM.Collect$$$$0000000B)
    __rt_final_cpp                           0x000000d1   Thumb Code     0  entry10a.o(.ARM.Collect$$$$0000000D)
    __rt_final_exit                          0x000000d1   Thumb Code     0  entry11a.o(.ARM.Collect$$$$0000000F)
    Reset_Handler                            0x000000d5   Thumb Code    38  startup_m051series.o(.text)
    NMI_Handler                              0x000000fb   Thumb Code     2  startup_m051series.o(.text)
    HardFault_Handler                        0x000000fd   Thumb Code     2  startup_m051series.o(.text)
    SVC_Handler                              0x000000ff   Thumb Code     2  startup_m051series.o(.text)
    PendSV_Handler                           0x00000101   Thumb Code     2  startup_m051series.o(.text)
    SysTick_Handler                          0x00000103   Thumb Code     2  startup_m051series.o(.text)
    ADC_IRQHandler                           0x00000105   Thumb Code     0  startup_m051series.o(.text)
    BOD_IRQHandler                           0x00000105   Thumb Code     0  startup_m051series.o(.text)
    EINT0_IRQHandler                         0x00000105   Thumb Code     0  startup_m051series.o(.text)
    EINT1_IRQHandler                         0x00000105   Thumb Code     0  startup_m051series.o(.text)
    GPIOP0P1_IRQHandler                      0x00000105   Thumb Code     0  startup_m051series.o(.text)
    PWMA_IRQHandler                          0x00000105   Thumb Code     0  startup_m051series.o(.text)
    PWMB_IRQHandler                          0x00000105   Thumb Code     0  startup_m051series.o(.text)
    PWRWU_IRQHandler                         0x00000105   Thumb Code     0  startup_m051series.o(.text)
    SPI0_IRQHandler                          0x00000105   Thumb Code     0  startup_m051series.o(.text)
    SPI1_IRQHandler                          0x00000105   Thumb Code     0  startup_m051series.o(.text)
    SPI2_IRQHandler                          0x00000105   Thumb Code     0  startup_m051series.o(.text)
    SPI3_IRQHandler                          0x00000105   Thumb Code     0  startup_m051series.o(.text)
    TMR1_IRQHandler                          0x00000105   Thumb Code     0  startup_m051series.o(.text)
    TMR2_IRQHandler                          0x00000105   Thumb Code     0  startup_m051series.o(.text)
    TMR3_IRQHandler                          0x00000105   Thumb Code     0  startup_m051series.o(.text)
    WDT_IRQHandler                           0x00000105   Thumb Code     0  startup_m051series.o(.text)
    __aeabi_uidiv                            0x00000131   Thumb Code     0  uidiv.o(.text)
    __aeabi_uidivmod                         0x00000131   Thumb Code    44  uidiv.o(.text)
    __aeabi_idiv                             0x0000015d   Thumb Code     0  idiv.o(.text)
    __aeabi_idivmod                          0x0000015d   Thumb Code    40  idiv.o(.text)
    __aeabi_memcpy                           0x00000185   Thumb Code    36  memcpya.o(.text)
    __aeabi_memcpy4                          0x00000185   Thumb Code     0  memcpya.o(.text)
    __aeabi_memcpy8                          0x00000185   Thumb Code     0  memcpya.o(.text)
    __aeabi_fmul                             0x000001a9   Thumb Code   122  fmul.o(.text)
    __aeabi_dmul                             0x00000225   Thumb Code   202  dmul.o(.text)
    __aeabi_ddiv                             0x000002f5   Thumb Code   234  ddiv.o(.text)
    __aeabi_i2f                              0x000003e5   Thumb Code    22  fflti.o(.text)
    __aeabi_i2d                              0x000003fd   Thumb Code    34  dflti.o(.text)
    __aeabi_f2iz                             0x00000425   Thumb Code    50  ffixi.o(.text)
    __aeabi_d2iz                             0x00000459   Thumb Code    62  dfixi.o(.text)
    __aeabi_d2f                              0x000004a1   Thumb Code    56  d2f.o(.text)
    __aeabi_cfrcmple                         0x000004d9   Thumb Code    20  cfrcmple.o(.text)
    __aeabi_llsr                             0x000004ed   Thumb Code    34  llushr.o(.text)
    _ll_ushift_r                             0x000004ed   Thumb Code     0  llushr.o(.text)
    __I$use$fp                               0x0000050f   Thumb Code     0  iusefp.o(.text)
    _float_round                             0x0000050f   Thumb Code    16  fepilogue.o(.text)
    _float_epilogue                          0x0000051f   Thumb Code   114  fepilogue.o(.text)
    _double_round                            0x00000591   Thumb Code    26  depilogue.o(.text)
    _double_epilogue                         0x000005ab   Thumb Code   164  depilogue.o(.text)
    __scatterload                            0x00000651   Thumb Code    28  init.o(.text)
    __scatterload_rt2                        0x00000651   Thumb Code     0  init.o(.text)
    __aeabi_llsl                             0x00000675   Thumb Code    32  llshl.o(.text)
    _ll_shift_l                              0x00000675   Thumb Code     0  llshl.o(.text)
    CLK_EnableModuleClock                    0x00000695   Thumb Code    32  clk.o(i.CLK_EnableModuleClock)
    CLK_EnablePLL                            0x000006b9   Thumb Code   258  clk.o(i.CLK_EnablePLL)
    CLK_EnableXtalRC                         0x000007e1   Thumb Code    12  clk.o(i.CLK_EnableXtalRC)
    CLK_SetCoreClock                         0x00000971   Thumb Code    70  clk.o(i.CLK_SetCoreClock)
    CLK_SetHCLK                              0x000009c5   Thumb Code    38  clk.o(i.CLK_SetHCLK)
    CLK_SetModuleClock                       0x000009f1   Thumb Code    94  clk.o(i.CLK_SetModuleClock)
    CLK_WaitClockReady                       0x00000a55   Thumb Code    32  clk.o(i.CLK_WaitClockReady)
    GPIOP2P3P4_IRQHandler                    0x00000a7d   Thumb Code    54  interrupt.o(i.GPIOP2P3P4_IRQHandler)
    GPIO_EnableInt                           0x00000ab9   Thumb Code    26  gpio.o(i.GPIO_EnableInt)
    GPIO_SetMode                             0x00000ad3   Thumb Code    46  gpio.o(i.GPIO_SetMode)
    I2C_ClearTimeoutFlag                     0x00000b01   Thumb Code    10  i2c.o(i.I2C_ClearTimeoutFlag)
    I2C_GetStatus                            0x00000b0b   Thumb Code     6  i2c.o(i.I2C_GetStatus)
    I2C_IRQHandler                           0x00000b11   Thumb Code    54  interrupt.o(i.I2C_IRQHandler)
    Pin2Addr                                 0x00000b65   Thumb Code    26  mygpio.o(i.Pin2Addr)
    SYS_Init                                 0x00000b85   Thumb Code   154  sysinit.o(i.SYS_Init)
    SYS_ResetModule                          0x00000c35   Thumb Code    48  sys.o(i.SYS_ResetModule)
    SendErrorUart0                           0x00000c65   Thumb Code    38  protocol.o(i.SendErrorUart0)
    SystemCoreClockUpdate                    0x00000c91   Thumb Code    76  system_m051series.o(i.SystemCoreClockUpdate)
    SystemInit                               0x00000cf5   Thumb Code     2  system_m051series.o(i.SystemInit)
    TIMER_GetModuleClock                     0x00000cf9   Thumb Code   110  timer.o(i.TIMER_GetModuleClock)
    TIMER_Open                               0x00000d7d   Thumb Code   118  timer.o(i.TIMER_Open)
    TMR0_IRQHandler                          0x00000df5   Thumb Code    36  interrupt.o(i.TMR0_IRQHandler)
    TMR0_Init                                0x00000e21   Thumb Code    58  sysinit.o(i.TMR0_Init)
    UART0_IRQHandler                         0x00000e61   Thumb Code     8  interrupt.o(i.UART0_IRQHandler)
    UART0_Init                               0x00000e69   Thumb Code    20  uart_printf.o(i.UART0_Init)
    UART1_IRQHandler                         0x00000e85   Thumb Code     8  interrupt.o(i.UART1_IRQHandler)
    UART1_Init                               0x00000e8d   Thumb Code    20  uart_printf.o(i.UART1_Init)
    UART_Function_Init                       0x00000ea9   Thumb Code    40  sysinit.o(i.UART_Function_Init)
    UART_Open                                0x00000ed9   Thumb Code   166  uart.o(i.UART_Open)
    UART_SetLine_Config                      0x00000f91   Thumb Code   170  uart.o(i.UART_SetLine_Config)
    __ARM_clz                                0x00001145   Thumb Code    46  depilogue.o(i.__ARM_clz)
    __ARM_common_switch8                     0x00001173   Thumb Code    28  adc.o(i.__ARM_common_switch8)
    __scatterload_copy                       0x0000118f   Thumb Code    14  handlers.o(i.__scatterload_copy)
    __scatterload_null                       0x0000119d   Thumb Code     2  handlers.o(i.__scatterload_null)
    __scatterload_zeroinit                   0x0000119f   Thumb Code    14  handlers.o(i.__scatterload_zeroinit)
    adc_get_position_value                   0x000011ad   Thumb Code    18  smartservo.o(i.adc_get_position_value)
    analogRead                               0x000011c1   Thumb Code   304  mygpio.o(i.analogRead)
    device_neep_loop_in_sampling             0x00001399   Thumb Code    40  protocol.o(i.device_neep_loop_in_sampling)
    digitalRead                              0x000013cd   Thumb Code    26  mygpio.o(i.digitalRead)
    digitalWrite                             0x000013ed   Thumb Code    16  mygpio.o(i.digitalWrite)
    flush_uart0_forward_buffer               0x000013fd   Thumb Code    50  protocol.o(i.flush_uart0_forward_buffer)
    flush_uart0_local_buffer                 0x00001441   Thumb Code   112  protocol.o(i.flush_uart0_local_buffer)
    flush_uart1_forward_buffer               0x000014c9   Thumb Code   112  protocol.o(i.flush_uart1_forward_buffer)
    get_sensor_data                          0x00001551   Thumb Code    20  adc.o(i.get_sensor_data)
    init_local_device                        0x0000159d   Thumb Code   508  adc.o(i.init_local_device)
    is_pin_analog                            0x000017b5   Thumb Code    30  mygpio.o(i.is_pin_analog)
    main                                     0x00001801   Thumb Code   172  adc.o(i.main)
    map                                      0x000018c9   Thumb Code    30  mygpio.o(i.map)
    millis                                   0x0000190d   Thumb Code    14  systime.o(i.millis)
    pid_position_to_pwm                      0x00001951   Thumb Code   458  smartservo.o(i.pid_position_to_pwm)
    pinMode                                  0x00001b65   Thumb Code   110  mygpio.o(i.pinMode)
    processSysexMessage                      0x00001bd9   Thumb Code   184  protocol.o(i.processSysexMessage)
    pwm_init                                 0x00001ca5   Thumb Code   922  mepwm.o(i.pwm_init)
    pwm_write                                0x000020a5   Thumb Code    88  mepwm.o(i.pwm_write)
    pwm_writeMicroseconds                    0x00002105   Thumb Code   168  mepwm.o(i.pwm_writeMicroseconds)
    readShort                                0x000021b5   Thumb Code    66  protocol.o(i.readShort)
    readbyte                                 0x00002275   Thumb Code    36  protocol.o(i.readbyte)
    samrt_servo_init                         0x000022a5   Thumb Code   120  smartservo.o(i.samrt_servo_init)
    sendShort                                0x00002331   Thumb Code    84  protocol.o(i.sendShort)
    send_sensor_report                       0x0000241d   Thumb Code   264  protocol.o(i.send_sensor_report)
    sendbyte                                 0x0000257d   Thumb Code    46  protocol.o(i.sendbyte)
    service_detect                           0x000025b1   Thumb Code    24  adc.o(i.service_detect)
    smart_servo_move                         0x000026f5   Thumb Code    22  smartservo.o(i.smart_servo_move)
    smart_servo_move_to                      0x00002711   Thumb Code    66  smartservo.o(i.smart_servo_move_to)
    smart_servo_speed_update                 0x0000275d   Thumb Code   132  smartservo.o(i.smart_servo_speed_update)
    smart_servo_stop                         0x000027f5   Thumb Code    28  smartservo.o(i.smart_servo_stop)
    write_byte_uart0                         0x00002819   Thumb Code    50  protocol.o(i.write_byte_uart0)
    write_byte_uart1                         0x00002859   Thumb Code    24  protocol.o(i.write_byte_uart1)
    gau32ClkSrcTbl                           0x00002878   Data          32  system_m051series.o(.constdata)
    cmd_list_tab                             0x00002898   Data         360  protocol.o(.constdata)
    Region$$Table$$Base                      0x00002a50   Number         0  anon$$obj.o(Region$$Table)
    Region$$Table$$Limit                     0x00002a70   Number         0  anon$$obj.o(Region$$Table)
    SystemCoreClock                          0x20000000   Data           4  system_m051series.o(.data)
    CyclesPerUs                              0x20000004   Data           4  system_m051series.o(.data)
    PllClock                                 0x20000008   Data           4  system_m051series.o(.data)
    currentMillis                            0x2000000c   Data           4  adc.o(.data)
    previousMillis                           0x20000010   Data           4  adc.o(.data)
    samplingInterval                         0x20000014   Data           4  adc.o(.data)
    system_time                              0x20000018   Data           4  adc.o(.data)
    key_debounced_time                       0x20000020   Data           4  adc.o(.data)
    key_debounced_count                      0x20000024   Data           4  adc.o(.data)
    key_match_count                          0x20000028   Data           4  adc.o(.data)
    key_debounced_value                      0x2000002c   Data           4  adc.o(.data)
    parsingSysex                             0x20000030   Data           1  protocol.o(.data)
    parsingSysexComplete                     0x20000031   Data           1  protocol.o(.data)
    isLocalOutput                            0x20000032   Data           1  protocol.o(.data)
    isForwardOutput                          0x20000033   Data           1  protocol.o(.data)
    sysexBytesRead                           0x20000034   Data           4  protocol.o(.data)
    ForwardBytesRead                         0x20000038   Data           4  protocol.o(.data)
    Uart0SendBytes                           0x2000003c   Data           4  protocol.o(.data)
    Uart1Revhead                             0x20000040   Data           4  protocol.o(.data)
    Uart1RevRtail                            0x20000044   Data           4  protocol.o(.data)
    Uart0Sendhead                            0x20000048   Data           4  protocol.o(.data)
    Uart0SendRtail                           0x2000004c   Data           4  protocol.o(.data)
    device_id                                0x20000050   Data           1  protocol.o(.data)
    device_type                              0x20000051   Data           1  protocol.o(.data)
    report_mode                              0x20000058   Data           4  protocol.o(.data)
    temperature_val                          0x2000005c   Data           4  protocol.o(.data)
    pre_temperature_val                      0x20000060   Data           4  protocol.o(.data)
    light_sensor_val                         0x20000064   Data           4  protocol.o(.data)
    pre_light_sensor_val                     0x20000068   Data           4  protocol.o(.data)
    variable_resistor_val                    0x2000006c   Data           4  protocol.o(.data)
    pre_variable_resistor_val                0x20000070   Data           4  protocol.o(.data)
    mic_sensor_val                           0x20000074   Data           4  protocol.o(.data)
    pre_mic_sensor_val                       0x20000078   Data           4  protocol.o(.data)
    joystick_val                             0x2000007c   Data           8  protocol.o(.data)
    pre_joystick_val                         0x20000084   Data           8  protocol.o(.data)
    limit_switch_val                         0x2000008c   Data           1  protocol.o(.data)
    pre_limit_switch_val                     0x2000008d   Data           1  protocol.o(.data)
    button_key_val                           0x2000008e   Data           1  protocol.o(.data)
    pre_button_key_val                       0x2000008f   Data           1  protocol.o(.data)
    ir_receive_data                          0x20000090   Data           1  protocol.o(.data)
    pre_ir_receive_data                      0x20000091   Data           1  protocol.o(.data)
    ir_receive_devID                         0x20000092   Data           1  protocol.o(.data)
    pre_ir_receive_devID                     0x20000093   Data           1  protocol.o(.data)
    smart_servo_pos_val                      0x20000094   Data           4  protocol.o(.data)
    pre_smart_servo_pos_val                  0x20000098   Data           4  protocol.o(.data)
    val8byte                                 0x200000a0   Data           8  protocol.o(.data)
    val4byte                                 0x200000a8   Data           4  protocol.o(.data)
    val2byte                                 0x200000ac   Data           2  protocol.o(.data)
    val1byte                                 0x200000ae   Data           1  protocol.o(.data)
    fq_tab                                   0x200000b0   Data          32  mepwm.o(.data)
    s_I2C0HandlerFn                          0x200000d0   Data           4  interrupt.o(.data)
    smart_servo_pre_pos                      0x200000d4   Data           2  smartservo.o(.data)
    smart_servo_cur_pos                      0x200000d6   Data           2  smartservo.o(.data)
    smart_servo_target_pos                   0x200000d8   Data           2  smartservo.o(.data)
    smart_servo_pre_target_pos               0x200000da   Data           2  smartservo.o(.data)
    smart_servo_speed                        0x200000dc   Data           2  smartservo.o(.data)
    smart_servo_max_speed                    0x200000de   Data           2  smartservo.o(.data)
    Uart0SendData                            0x200000fc   Data         128  protocol.o(.bss)
    Uart1RecData                             0x2000017c   Data         256  protocol.o(.bss)
    Uart1SendData                            0x2000027c   Data          64  protocol.o(.bss)
    sysex                                    0x200002bc   Data          64  protocol.o(.bss)
    pw_ctl_tab                               0x200002fc   Data          32  mepwm.o(.bss)
    __initial_sp                             0x20000720   Data           0  startup_m051series.o(STACK)



==============================================================================

Memory Map of the image

  Image Entry point : 0x000000d5

  Load Region LR_1 (Base: 0x00000000, Size: 0x00002b6c, Max: 0xffffffff, ABSOLUTE)

    Execution Region ER_RO (Base: 0x00000000, Size: 0x00002a70, Max: 0xffffffff, ABSOLUTE)

    Base Addr    Size         Type   Attr      Idx    E Section Name        Object

    0x00000000   0x000000c0   Data   RO            3    RESET               startup_m051series.o
    0x000000c0   0x00000000   Code   RO         1885  * .ARM.Collect$$$$00000000  mc_p.l(entry.o)
    0x000000c0   0x00000004   Code   RO         1943    .ARM.Collect$$$$00000001  mc_p.l(entry2.o)
    0x000000c4   0x00000004   Code   RO         1946    .ARM.Collect$$$$00000004  mc_p.l(entry5.o)
    0x000000c8   0x00000000   Code   RO         1948    .ARM.Collect$$$$00000008  mc_p.l(entry7b.o)
    0x000000c8   0x00000000   Code   RO         1950    .ARM.Collect$$$$0000000A  mc_p.l(entry8b.o)
    0x000000c8   0x00000008   Code   RO         1951    .ARM.Collect$$$$0000000B  mc_p.l(entry9a.o)
    0x000000d0   0x00000000   Code   RO         1953    .ARM.Collect$$$$0000000D  mc_p.l(entry10a.o)
    0x000000d0   0x00000000   Code   RO         1955    .ARM.Collect$$$$0000000F  mc_p.l(entry11a.o)
    0x000000d0   0x00000004   Code   RO         1944    .ARM.Collect$$$$00002712  mc_p.l(entry2.o)
    0x000000d4   0x0000005c   Code   RO            4  * .text               startup_m051series.o
    0x00000130   0x0000002c   Code   RO         1888    .text               mc_p.l(uidiv.o)
    0x0000015c   0x00000028   Code   RO         1890    .text               mc_p.l(idiv.o)
    0x00000184   0x00000024   Code   RO         1892    .text               mc_p.l(memcpya.o)
    0x000001a8   0x0000007a   Code   RO         1925    .text               mf_p.l(fmul.o)
    0x00000222   0x00000002   PAD
    0x00000224   0x000000d0   Code   RO         1927    .text               mf_p.l(dmul.o)
    0x000002f4   0x000000f0   Code   RO         1929    .text               mf_p.l(ddiv.o)
    0x000003e4   0x00000016   Code   RO         1931    .text               mf_p.l(fflti.o)
    0x000003fa   0x00000002   PAD
    0x000003fc   0x00000028   Code   RO         1933    .text               mf_p.l(dflti.o)
    0x00000424   0x00000032   Code   RO         1935    .text               mf_p.l(ffixi.o)
    0x00000456   0x00000002   PAD
    0x00000458   0x00000048   Code   RO         1937    .text               mf_p.l(dfixi.o)
    0x000004a0   0x00000038   Code   RO         1939    .text               mf_p.l(d2f.o)
    0x000004d8   0x00000014   Code   RO         1941    .text               mf_p.l(cfrcmple.o)
    0x000004ec   0x00000022   Code   RO         1959    .text               mc_p.l(llushr.o)
    0x0000050e   0x00000000   Code   RO         1961    .text               mc_p.l(iusefp.o)
    0x0000050e   0x00000082   Code   RO         1962    .text               mf_p.l(fepilogue.o)
    0x00000590   0x000000be   Code   RO         1964    .text               mf_p.l(depilogue.o)
    0x0000064e   0x00000002   PAD
    0x00000650   0x00000024   Code   RO         1974    .text               mc_p.l(init.o)
    0x00000674   0x00000020   Code   RO         1976    .text               mc_p.l(llshl.o)
    0x00000694   0x00000024   Code   RO         1456    i.CLK_EnableModuleClock  clk.o
    0x000006b8   0x00000128   Code   RO         1457    i.CLK_EnablePLL     clk.o
    0x000007e0   0x00000010   Code   RO         1458    i.CLK_EnableXtalRC  clk.o
    0x000007f0   0x00000080   Code   RO           12    i.CLK_GetPLLClockFreq  system_m051series.o
    0x00000870   0x00000080   Code   RO         1146    i.CLK_GetPLLClockFreq  uart.o
    0x000008f0   0x00000080   Code   RO         1462    i.CLK_GetPLLClockFreq  clk.o
    0x00000970   0x00000054   Code   RO         1465    i.CLK_SetCoreClock  clk.o
    0x000009c4   0x0000002c   Code   RO         1466    i.CLK_SetHCLK       clk.o
    0x000009f0   0x00000064   Code   RO         1467    i.CLK_SetModuleClock  clk.o
    0x00000a54   0x00000028   Code   RO         1469    i.CLK_WaitClockReady  clk.o
    0x00000a7c   0x0000003c   Code   RO          742    i.GPIOP2P3P4_IRQHandler  interrupt.o
    0x00000ab8   0x0000001a   Code   RO         1579    i.GPIO_EnableInt    gpio.o
    0x00000ad2   0x0000002e   Code   RO         1580    i.GPIO_SetMode      gpio.o
    0x00000b00   0x0000000a   Code   RO         1266    i.I2C_ClearTimeoutFlag  i2c.o
    0x00000b0a   0x00000006   Code   RO         1277    i.I2C_GetStatus     i2c.o
    0x00000b10   0x00000040   Code   RO          743    i.I2C_IRQHandler    interrupt.o
    0x00000b50   0x00000014   Code   RO          806    i.NVIC_EnableIRQ    sysinit.o
    0x00000b64   0x00000020   Code   RO          309    i.Pin2Addr          mygpio.o
    0x00000b84   0x000000b0   Code   RO          807    i.SYS_Init          sysinit.o
    0x00000c34   0x00000030   Code   RO         1081    i.SYS_ResetModule   sys.o
    0x00000c64   0x0000002c   Code   RO          383    i.SendErrorUart0    protocol.o
    0x00000c90   0x00000064   Code   RO           13    i.SystemCoreClockUpdate  system_m051series.o
    0x00000cf4   0x00000002   Code   RO           14    i.SystemInit        system_m051series.o
    0x00000cf6   0x00000002   PAD
    0x00000cf8   0x00000084   Code   RO         1394    i.TIMER_GetModuleClock  timer.o
    0x00000d7c   0x00000076   Code   RO         1395    i.TIMER_Open        timer.o
    0x00000df2   0x00000002   PAD
    0x00000df4   0x0000002c   Code   RO          744    i.TMR0_IRQHandler   interrupt.o
    0x00000e20   0x00000040   Code   RO          808    i.TMR0_Init         sysinit.o
    0x00000e60   0x00000008   Code   RO          745    i.UART0_IRQHandler  interrupt.o
    0x00000e68   0x0000001c   Code   RO          222    i.UART0_Init        uart_printf.o
    0x00000e84   0x00000008   Code   RO          746    i.UART1_IRQHandler  interrupt.o
    0x00000e8c   0x0000001c   Code   RO          223    i.UART1_Init        uart_printf.o
    0x00000ea8   0x00000030   Code   RO          809    i.UART_Function_Init  sysinit.o
    0x00000ed8   0x000000b8   Code   RO         1155    i.UART_Open         uart.o
    0x00000f90   0x000000b8   Code   RO         1160    i.UART_SetLine_Config  uart.o
    0x00001048   0x00000084   Code   RO          747    i.Uart0_Handle      interrupt.o
    0x000010cc   0x00000078   Code   RO          748    i.Uart1_Handle      interrupt.o
    0x00001144   0x0000002e   Code   RO         1966    i.__ARM_clz         mf_p.l(depilogue.o)
    0x00001172   0x0000001c   Code   RO          163    i.__ARM_common_switch8  adc.o
    0x0000118e   0x0000000e   Code   RO         1982    i.__scatterload_copy  mc_p.l(handlers.o)
    0x0000119c   0x00000002   Code   RO         1983    i.__scatterload_null  mc_p.l(handlers.o)
    0x0000119e   0x0000000e   Code   RO         1984    i.__scatterload_zeroinit  mc_p.l(handlers.o)
    0x000011ac   0x00000012   Code   RO          909    i.adc_get_position_value  smartservo.o
    0x000011be   0x00000002   PAD
    0x000011c0   0x00000138   Code   RO          310    i.analogRead        mygpio.o
    0x000012f8   0x00000060   Code   RO          384    i.assign_dev_id_response  protocol.o
    0x00001358   0x00000024   Code   RO          385    i.button_key_1_response  protocol.o
    0x0000137c   0x0000001c   Code   RO          910    i.check_pwm_output_staturation  smartservo.o
    0x00001398   0x00000034   Code   RO          389    i.device_neep_loop_in_sampling  protocol.o
    0x000013cc   0x00000020   Code   RO          311    i.digitalRead       mygpio.o
    0x000013ec   0x00000010   Code   RO          312    i.digitalWrite      mygpio.o
    0x000013fc   0x00000044   Code   RO          390    i.flush_uart0_forward_buffer  protocol.o
    0x00001440   0x00000088   Code   RO          391    i.flush_uart0_local_buffer  protocol.o
    0x000014c8   0x00000088   Code   RO          392    i.flush_uart1_forward_buffer  protocol.o
    0x00001550   0x0000001c   Code   RO          116    i.get_sensor_data   adc.o
    0x0000156c   0x0000002c   Code   RO          393    i.infrared_receiver_response  protocol.o
    0x00001598   0x00000002   Code   RO          394    i.infrared_send_response  protocol.o
    0x0000159a   0x00000002   PAD
    0x0000159c   0x00000218   Code   RO          117    i.init_local_device  adc.o
    0x000017b4   0x0000001e   Code   RO          313    i.is_pin_analog     mygpio.o
    0x000017d2   0x00000002   Code   RO          395    i.joystick_response  protocol.o
    0x000017d4   0x00000002   Code   RO          396    i.laser_device_response  protocol.o
    0x000017d6   0x00000002   PAD
    0x000017d8   0x00000024   Code   RO          397    i.light_sensor_response  protocol.o
    0x000017fc   0x00000002   Code   RO          398    i.limit_switch_response  protocol.o
    0x000017fe   0x00000002   PAD
    0x00001800   0x000000c8   Code   RO          118    i.main              adc.o
    0x000018c8   0x0000001e   Code   RO          316    i.map               mygpio.o
    0x000018e6   0x00000002   PAD
    0x000018e8   0x00000024   Code   RO          399    i.mic_sensor_response  protocol.o
    0x0000190c   0x00000014   Code   RO          272    i.millis            systime.o
    0x00001920   0x00000002   Code   RO          400    i.monochrome_led_response  protocol.o
    0x00001922   0x00000002   Code   RO          401    i.motor_dc_response  protocol.o
    0x00001924   0x00000002   Code   RO          402    i.motor_encoder_response  protocol.o
    0x00001926   0x00000002   Code   RO          403    i.motor_servo_response  protocol.o
    0x00001928   0x00000002   Code   RO          404    i.motor_step_response  protocol.o
    0x0000192a   0x00000002   Code   RO          405    i.mpu6050_response  protocol.o
    0x0000192c   0x00000024   Code   RO          911    i.normalize_position_difference  smartservo.o
    0x00001950   0x00000214   Code   RO          912    i.pid_position_to_pwm  smartservo.o
    0x00001b64   0x00000074   Code   RO          317    i.pinMode           mygpio.o
    0x00001bd8   0x000000cc   Code   RO          406    i.processSysexMessage  protocol.o
    0x00001ca4   0x000003b4   Code   RO          701    i.pwm_init          mepwm.o
    0x00002058   0x0000004c   Code   RO          407    i.pwm_rgb_led_response  protocol.o
    0x000020a4   0x00000060   Code   RO          702    i.pwm_write         mepwm.o
    0x00002104   0x000000b0   Code   RO          703    i.pwm_writeMicroseconds  mepwm.o
    0x000021b4   0x00000048   Code   RO          409    i.readShort         protocol.o
    0x000021fc   0x0000003c   Code   RO          410    i.read_analog_response  protocol.o
    0x00002238   0x0000003c   Code   RO          411    i.read_digital_response  protocol.o
    0x00002274   0x00000028   Code   RO          412    i.readbyte          protocol.o
    0x0000229c   0x00000002   Code   RO          413    i.report_analog_response  protocol.o
    0x0000229e   0x00000002   Code   RO          414    i.report_digital_response  protocol.o
    0x000022a0   0x00000002   Code   RO          415    i.rtc_clock_response  protocol.o
    0x000022a2   0x00000002   PAD
    0x000022a4   0x00000088   Code   RO          913    i.samrt_servo_init  smartservo.o
    0x0000232c   0x00000002   Code   RO          416    i.segment_dis_response  protocol.o
    0x0000232e   0x00000002   PAD
    0x00002330   0x00000058   Code   RO          418    i.sendShort         protocol.o
    0x00002388   0x00000030   Code   RO          419    i.send_analog_signal_value  protocol.o
    0x000023b8   0x0000002c   Code   RO          420    i.send_digital_signal_value  protocol.o
    0x000023e4   0x00000034   Code   RO          421    i.send_infrared_receiver_value  protocol.o
    0x00002418   0x00000002   Code   RO          422    i.send_joystick_value  protocol.o
    0x0000241a   0x00000002   PAD
    0x0000241c   0x00000128   Code   RO          423    i.send_sensor_report  protocol.o
    0x00002544   0x00000034   Code   RO          424    i.send_smart_pos    protocol.o
    0x00002578   0x00000002   Code   RO          425    i.send_temperature_18b20_value  protocol.o
    0x0000257a   0x00000002   PAD
    0x0000257c   0x00000034   Code   RO          426    i.sendbyte          protocol.o
    0x000025b0   0x0000001c   Code   RO          120    i.service_detect    adc.o
    0x000025cc   0x00000002   Code   RO          427    i.set_pin_mode_response  protocol.o
    0x000025ce   0x0000001e   Code   RO          915    i.smart_servo_ccw   smartservo.o
    0x000025ec   0x000000e8   Code   RO          428    i.smart_servo_cmd_process  protocol.o
    0x000026d4   0x0000001e   Code   RO          916    i.smart_servo_cw    smartservo.o
    0x000026f2   0x00000002   PAD
    0x000026f4   0x0000001c   Code   RO          917    i.smart_servo_move  smartservo.o
    0x00002710   0x0000004c   Code   RO          918    i.smart_servo_move_to  smartservo.o
    0x0000275c   0x00000098   Code   RO          919    i.smart_servo_speed_update  smartservo.o
    0x000027f4   0x0000001c   Code   RO          920    i.smart_servo_stop  smartservo.o
    0x00002810   0x00000002   Code   RO          429    i.system_reset_response  protocol.o
    0x00002812   0x00000002   Code   RO          430    i.temperature_18b20_response  protocol.o
    0x00002814   0x00000002   Code   RO          431    i.voice_buzzer_tone_response  protocol.o
    0x00002816   0x00000002   Code   RO          432    i.write_analog_response  protocol.o
    0x00002818   0x00000040   Code   RO          433    i.write_byte_uart0  protocol.o
    0x00002858   0x0000001c   Code   RO          434    i.write_byte_uart1  protocol.o
    0x00002874   0x00000002   Code   RO          435    i.write_digital_response  protocol.o
    0x00002876   0x00000002   Code   RO          436    i.ws2812_display_response  protocol.o
    0x00002878   0x00000020   Data   RO           15    .constdata          system_m051series.o
    0x00002898   0x00000168   Data   RO          438    .constdata          protocol.o
    0x00002a00   0x00000030   Data   RO         1163    .constdata          uart.o
    0x00002a30   0x00000020   Data   RO         1396    .constdata          timer.o
    0x00002a50   0x00000020   Data   RO         1980    Region$$Table       anon$$obj.o


    Execution Region ER_RW (Base: 0x20000000, Size: 0x000000fc, Max: 0xffffffff, ABSOLUTE)

    Base Addr    Size         Type   Attr      Idx    E Section Name        Object

    0x20000000   0x0000000c   Data   RW           16    .data               system_m051series.o
    0x2000000c   0x00000024   Data   RW          121    .data               adc.o
    0x20000030   0x0000007f   Data   RW          439    .data               protocol.o
    0x200000af   0x00000001   PAD
    0x200000b0   0x00000020   Data   RW          705    .data               mepwm.o
    0x200000d0   0x00000004   Data   RW          749    .data               interrupt.o
    0x200000d4   0x00000028   Data   RW          921    .data               smartservo.o


    Execution Region ER_ZI (Base: 0x200000fc, Size: 0x00000624, Max: 0xffffffff, ABSOLUTE)

    Base Addr    Size         Type   Attr      Idx    E Section Name        Object

    0x200000fc   0x00000200   Zero   RW          437    .bss                protocol.o
    0x200002fc   0x00000020   Zero   RW          704    .bss                mepwm.o
    0x2000031c   0x00000004   PAD
    0x20000320   0x00000400   Zero   RW            1    STACK               startup_m051series.o


==============================================================================

Image component sizes


      Code (inc. data)   RO Data    RW Data    ZI Data      Debug   Object Name

       820         80          0         36          0      69465   adc.o
       744         96          0          0          0       4858   clk.o
        72          0          0          0          0       1420   gpio.o
        16          0          0          0          0       1199   i2c.o
       436         60          0          4          0       6515   interrupt.o
      1220         62          0         32         32       2411   mepwm.o
       568         42          0          0          0       3873   mygpio.o
      2198        308        360        127        512      26439   protocol.o
      1094        138          0         40          0       6389   smartservo.o
        92         42        192          0       1024        608   startup_m051series.o
        48          0          0          0          0        450   sys.o
       308         42          0          0          0       4304   sysinit.o
       230         40         32         12          0      63631   system_m051series.o
        20          6          0          0          0        413   systime.o
       250         22         32          0          0       1708   timer.o
       496         48         48          0          0       2714   uart.o
        56         16          0          0          0        882   uart_printf.o

    ----------------------------------------------------------------------
      8692       1002        696        252       1572     197279   Object Totals
         0          0         32          0          0          0   (incl. Generated)
        24          0          0          1          4          0   (incl. Padding)

    ----------------------------------------------------------------------

      Code (inc. data)   RO Data    RW Data    ZI Data      Debug   Library Member Name

         0          0          0          0          0          0   entry.o
         0          0          0          0          0          0   entry10a.o
         0          0          0          0          0          0   entry11a.o
         8          4          0          0          0          0   entry2.o
         4          0          0          0          0          0   entry5.o
         0          0          0          0          0          0   entry7b.o
         0          0          0          0          0          0   entry8b.o
         8          4          0          0          0          0   entry9a.o
        30          0          0          0          0          0   handlers.o
        40          0          0          0          0         72   idiv.o
        36          8          0          0          0         68   init.o
         0          0          0          0          0          0   iusefp.o
        32          0          0          0          0         68   llshl.o
        34          0          0          0          0         68   llushr.o
        36          0          0          0          0         60   memcpya.o
        44          0          0          0          0         72   uidiv.o
        20          0          0          0          0         68   cfrcmple.o
        56          0          0          0          0         68   d2f.o
       240          6          0          0          0         84   ddiv.o
       236          0          0          0          0        216   depilogue.o
        72         10          0          0          0         72   dfixi.o
        40          6          0          0          0         68   dflti.o
       208          6          0          0          0         88   dmul.o
       130          0          0          0          0        144   fepilogue.o
        50          0          0          0          0         60   ffixi.o
        22          0          0          0          0         68   fflti.o
       122          0          0          0          0         72   fmul.o

    ----------------------------------------------------------------------
      1476         44          0          0          0       1416   Library Totals
         8          0          0          0          0          0   (incl. Padding)

    ----------------------------------------------------------------------

      Code (inc. data)   RO Data    RW Data    ZI Data      Debug   Library Name

       272         16          0          0          0        408   mc_p.l
      1196         28          0          0          0       1008   mf_p.l

    ----------------------------------------------------------------------
      1476         44          0          0          0       1416   Library Totals

    ----------------------------------------------------------------------

==============================================================================


      Code (inc. data)   RO Data    RW Data    ZI Data      Debug   

     10168       1046        696        252       1572     193427   Grand Totals
     10168       1046        696        252       1572     193427   ELF Image Totals
     10168       1046        696        252          0          0   ROM Totals

==============================================================================

    Total RO  Size (Code + RO Data)                10864 (  10.61kB)
    Total RW  Size (RW Data + ZI Data)              1824 (   1.78kB)
    Total ROM Size (Code + RO Data + RW Data)      11116 (  10.86kB)

==============================================================================

