Component: ARM Compiler 5.05 update 1 (build 106) Tool: armlink [4d0efa]

==============================================================================

Section Cross References

    startup_m051series.o(RESET) refers to startup_m051series.o(STACK) for __initial_sp
    startup_m051series.o(RESET) refers to startup_m051series.o(.text) for Reset_Handler
    startup_m051series.o(RESET) refers to adc.o(i.TMR0_IRQHandler) for TMR0_IRQHandler
    startup_m051series.o(RESET) refers to adc.o(i.UART0_IRQHandler) for UART0_IRQHandler
    startup_m051series.o(.text) refers to system_m051series.o(i.SystemInit) for SystemInit
    startup_m051series.o(.text) refers to entry.o(.ARM.Collect$$$$00000000) for __main
    system_m051series.o(i.CLK_GetPLLClockFreq) refers to uidiv.o(.text) for __aeabi_uidivmod
    system_m051series.o(i.SystemCoreClockUpdate) refers to system_m051series.o(i.CLK_GetPLLClockFreq) for CLK_GetPLLClockFreq
    system_m051series.o(i.SystemCoreClockUpdate) refers to uidiv.o(.text) for __aeabi_uidivmod
    system_m051series.o(i.SystemCoreClockUpdate) refers to system_m051series.o(.data) for PllClock
    system_m051series.o(i.SystemCoreClockUpdate) refers to system_m051series.o(.constdata) for gau32ClkSrcTbl
    adc.o(i.SYS_Init) refers to clk.o(i.CLK_EnableXtalRC) for CLK_EnableXtalRC
    adc.o(i.SYS_Init) refers to clk.o(i.CLK_WaitClockReady) for CLK_WaitClockReady
    adc.o(i.SYS_Init) refers to clk.o(i.CLK_SetHCLK) for CLK_SetHCLK
    adc.o(i.SYS_Init) refers to clk.o(i.CLK_SetCoreClock) for CLK_SetCoreClock
    adc.o(i.SYS_Init) refers to clk.o(i.CLK_EnableModuleClock) for CLK_EnableModuleClock
    adc.o(i.SYS_Init) refers to clk.o(i.CLK_SetModuleClock) for CLK_SetModuleClock
    adc.o(i.SYS_Init) refers to gpio.o(i.GPIO_SetMode) for GPIO_SetMode
    adc.o(i.TMR0_IRQHandler) refers to adc.o(.data) for system_time
    adc.o(i.TMR0_Init) refers to timer.o(i.TIMER_Open) for TIMER_Open
    adc.o(i.TMR0_Init) refers to adc.o(i.NVIC_EnableIRQ) for NVIC_EnableIRQ
    adc.o(i.UART0_IRQHandler) refers to adc.o(i.Uart0_Handle) for Uart0_Handle
    adc.o(i.UART_Function_Init) refers to adc.o(i.NVIC_EnableIRQ) for NVIC_EnableIRQ
    adc.o(i.Uart0_Handle) refers to uart_printf.o(i.uart_printf) for uart_printf
    adc.o(i.Uart0_Handle) refers to adc.o(.data) for g_bWait
    adc.o(i.Uart0_Handle) refers to adc.o(.bss) for g_u8RecData
    adc.o(i.main) refers to adc.o(i.SYS_Init) for SYS_Init
    adc.o(i.main) refers to uart_printf.o(i.UART0_Init) for UART0_Init
    adc.o(i.main) refers to uart_printf.o(i.UART1_Init) for UART1_Init
    adc.o(i.main) refers to uart.o(i.UART_SetLine_Config) for UART_SetLine_Config
    adc.o(i.main) refers to adc.o(i.UART_Function_Init) for UART_Function_Init
    adc.o(i.main) refers to adc.o(i.TMR0_Init) for TMR0_Init
    adc.o(i.main) refers to mergbled.o(i.rgb_init) for rgb_init
    adc.o(i.main) refers to uart_printf.o(i.uart_printf) for uart_printf
    adc.o(i.main) refers to mergbled.o(i.setColorAll) for setColorAll
    adc.o(i.main) refers to mergbled.o(i.rgb_show) for rgb_show
    uart_printf.o(i.UART0_Init) refers to sys.o(i.SYS_ResetModule) for SYS_ResetModule
    uart_printf.o(i.UART0_Init) refers to uart.o(i.UART_Open) for UART_Open
    uart_printf.o(i.UART1_Init) refers to sys.o(i.SYS_ResetModule) for SYS_ResetModule
    uart_printf.o(i.UART1_Init) refers to uart.o(i.UART_Open) for UART_Open
    uart_printf.o(i.uart_printf) refers to printfa.o(i.__0vsprintf) for __c89vsprintf
    uart_printf.o(i.uart_printf) refers to uart_printf.o(i.send_string) for send_string
    systime.o(i.delay) refers to systime.o(i.millis) for millis
    systime.o(i.delayMicroseconds) refers to system_m051series.o(.data) for CyclesPerUs
    systime.o(i.millis) refers to adc.o(.data) for system_time
    mergbled.o(i.h_dat0) refers to mergbled.o(.data) for di_gpio_addr
    mergbled.o(i.h_dat1) refers to mergbled.o(.data) for di_gpio_addr
    mergbled.o(i.led_reset) refers to systime.o(i.delayMicroseconds) for delayMicroseconds
    mergbled.o(i.led_reset) refers to mergbled.o(.data) for di_gpio_addr
    mergbled.o(i.rgb_clear) refers to mergbled.o(i.rgb_show) for rgb_show
    mergbled.o(i.rgb_clear) refers to mergbled.o(.bss) for pixels
    mergbled.o(i.rgb_clear) refers to mergbled.o(.data) for rgb_led_num
    mergbled.o(i.rgb_init) refers to mygpio.o(i.pinMode) for pinMode
    mergbled.o(i.rgb_init) refers to mergbled.o(i.setNumber) for setNumber
    mergbled.o(i.rgb_init) refers to mygpio.o(i.Pin2Addr) for Pin2Addr
    mergbled.o(i.rgb_init) refers to mergbled.o(i.rgb_clear) for rgb_clear
    mergbled.o(i.rgb_init) refers to mergbled.o(.data) for di_gpio_addr
    mergbled.o(i.rgb_show) refers to mergbled.o(i.send_byte) for send_byte
    mergbled.o(i.rgb_show) refers to mergbled.o(i.led_reset) for led_reset
    mergbled.o(i.rgb_show) refers to mergbled.o(.data) for rgb_led_num
    mergbled.o(i.rgb_show) refers to mergbled.o(.bss) for pixels
    mergbled.o(i.send_byte) refers to mergbled.o(i.h_dat1) for h_dat1
    mergbled.o(i.send_byte) refers to mergbled.o(i.h_dat0) for h_dat0
    mergbled.o(i.setColor) refers to mergbled.o(i.setColorAll) for setColorAll
    mergbled.o(i.setColor) refers to mergbled.o(i.setColorIndex) for setColorIndex
    mergbled.o(i.setColorAll) refers to mergbled.o(i.setColorIndex) for setColorIndex
    mergbled.o(i.setColorAll) refers to mergbled.o(.data) for rgb_led_num
    mergbled.o(i.setColorIndex) refers to mergbled.o(.data) for rgb_led_num
    mergbled.o(i.setColorIndex) refers to mergbled.o(.bss) for pixels
    mergbled.o(i.setNumber) refers to mergbled.o(.data) for rgb_led_num
    mygpio.o(i.digitalWrite) refers to mygpio.o(i.Pin2Addr) for Pin2Addr
    mygpio.o(i.pinMode) refers to mygpio.o(i.__ARM_common_switch8) for __ARM_common_switch8
    mygpio.o(i.pinMode) refers to gpio.o(i.GPIO_SetMode) for GPIO_SetMode
    retarget.o(i.SendChar) refers to retarget.o(i.SendChar_ToUART) for SendChar_ToUART
    retarget.o(i._ttywrch) refers to retarget.o(i.SendChar) for SendChar
    retarget.o(i.fgetc) refers to retarget.o(i.GetChar) for GetChar
    retarget.o(i.fputc) refers to retarget.o(i.SendChar) for SendChar
    uart.o(i.CLK_GetPLLClockFreq) refers to uidiv.o(.text) for __aeabi_uidivmod
    uart.o(i.UART_DisableInt) refers to uart.o(i.NVIC_DisableIRQ) for NVIC_DisableIRQ
    uart.o(i.UART_EnableInt) refers to uart.o(i.NVIC_EnableIRQ) for NVIC_EnableIRQ
    uart.o(i.UART_Open) refers to uart.o(i.CLK_GetPLLClockFreq) for CLK_GetPLLClockFreq
    uart.o(i.UART_Open) refers to uidiv.o(.text) for __aeabi_uidivmod
    uart.o(i.UART_Open) refers to uart.o(.constdata) for .constdata
    uart.o(i.UART_SelectIrDAMode) refers to uart.o(i.CLK_GetPLLClockFreq) for CLK_GetPLLClockFreq
    uart.o(i.UART_SelectIrDAMode) refers to uidiv.o(.text) for __aeabi_uidivmod
    uart.o(i.UART_SelectIrDAMode) refers to uart.o(.constdata) for .constdata
    uart.o(i.UART_SetLine_Config) refers to uart.o(i.CLK_GetPLLClockFreq) for CLK_GetPLLClockFreq
    uart.o(i.UART_SetLine_Config) refers to uidiv.o(.text) for __aeabi_uidivmod
    uart.o(i.UART_SetLine_Config) refers to uart.o(.constdata) for .constdata
    i2c.o(i.I2C_GetBusClockFreq) refers to uidiv.o(.text) for __aeabi_uidivmod
    i2c.o(i.I2C_GetBusClockFreq) refers to system_m051series.o(.data) for SystemCoreClock
    i2c.o(i.I2C_Open) refers to uidiv.o(.text) for __aeabi_uidivmod
    i2c.o(i.I2C_Open) refers to system_m051series.o(.data) for SystemCoreClock
    i2c.o(i.I2C_SetBusClockFreq) refers to uidiv.o(.text) for __aeabi_uidivmod
    i2c.o(i.I2C_SetBusClockFreq) refers to system_m051series.o(.data) for SystemCoreClock
    timer.o(i.TIMER_Delay) refers to timer.o(i.TIMER_GetModuleClock) for TIMER_GetModuleClock
    timer.o(i.TIMER_Delay) refers to uidiv.o(.text) for __aeabi_uidivmod
    timer.o(i.TIMER_Delay) refers to system_m051series.o(.data) for SystemCoreClock
    timer.o(i.TIMER_GetModuleClock) refers to memcpya.o(.text) for __aeabi_memcpy4
    timer.o(i.TIMER_GetModuleClock) refers to timer.o(.constdata) for .constdata
    timer.o(i.TIMER_GetModuleClock) refers to system_m051series.o(.data) for SystemCoreClock
    timer.o(i.TIMER_Open) refers to timer.o(i.TIMER_GetModuleClock) for TIMER_GetModuleClock
    timer.o(i.TIMER_Open) refers to uidiv.o(.text) for __aeabi_uidivmod
    clk.o(i.CLK_DisableCKO) refers to clk.o(i.CLK_DisableModuleClock) for CLK_DisableModuleClock
    clk.o(i.CLK_EnableCKO) refers to clk.o(i.CLK_EnableModuleClock) for CLK_EnableModuleClock
    clk.o(i.CLK_EnableCKO) refers to clk.o(i.CLK_SetModuleClock) for CLK_SetModuleClock
    clk.o(i.CLK_EnablePLL) refers to clk.o(i.CLK_WaitClockReady) for CLK_WaitClockReady
    clk.o(i.CLK_EnablePLL) refers to clk.o(i.CLK_GetPLLClockFreq) for CLK_GetPLLClockFreq
    clk.o(i.CLK_EnablePLL) refers to uidiv.o(.text) for __aeabi_uidivmod
    clk.o(i.CLK_GetCPUFreq) refers to system_m051series.o(i.SystemCoreClockUpdate) for SystemCoreClockUpdate
    clk.o(i.CLK_GetCPUFreq) refers to system_m051series.o(.data) for SystemCoreClock
    clk.o(i.CLK_GetHCLKFreq) refers to system_m051series.o(i.SystemCoreClockUpdate) for SystemCoreClockUpdate
    clk.o(i.CLK_GetHCLKFreq) refers to system_m051series.o(.data) for SystemCoreClock
    clk.o(i.CLK_GetPLLClockFreq) refers to uidiv.o(.text) for __aeabi_uidivmod
    clk.o(i.CLK_SetCoreClock) refers to clk.o(i.CLK_EnablePLL) for CLK_EnablePLL
    clk.o(i.CLK_SetCoreClock) refers to clk.o(i.CLK_SetHCLK) for CLK_SetHCLK
    clk.o(i.CLK_SetHCLK) refers to system_m051series.o(i.SystemCoreClockUpdate) for SystemCoreClockUpdate
    entry.o(.ARM.Collect$$$$00000000) refers (Special) to entry10a.o(.ARM.Collect$$$$0000000D) for __rt_final_cpp
    entry.o(.ARM.Collect$$$$00000000) refers (Special) to entry11a.o(.ARM.Collect$$$$0000000F) for __rt_final_exit
    entry.o(.ARM.Collect$$$$00000000) refers (Special) to entry7b.o(.ARM.Collect$$$$00000008) for _main_clock
    entry.o(.ARM.Collect$$$$00000000) refers (Special) to entry8b.o(.ARM.Collect$$$$0000000A) for _main_cpp_init
    entry.o(.ARM.Collect$$$$00000000) refers (Special) to entry9a.o(.ARM.Collect$$$$0000000B) for _main_init
    entry.o(.ARM.Collect$$$$00000000) refers (Special) to entry5.o(.ARM.Collect$$$$00000004) for _main_scatterload
    entry.o(.ARM.Collect$$$$00000000) refers (Special) to entry2.o(.ARM.Collect$$$$00000001) for _main_stk
    printfa.o(i.__0fprintf) refers (Special) to iusefp.o(.text) for __I$use$fp
    printfa.o(i.__0fprintf) refers to printfa.o(i._printf_core) for _printf_core
    printfa.o(i.__0fprintf) refers to retarget.o(i.fputc) for fputc
    printfa.o(i.__0printf) refers (Special) to iusefp.o(.text) for __I$use$fp
    printfa.o(i.__0printf) refers to printfa.o(i._printf_core) for _printf_core
    printfa.o(i.__0printf) refers to retarget.o(i.fputc) for fputc
    printfa.o(i.__0printf) refers to retarget.o(.data) for __stdout
    printfa.o(i.__0snprintf) refers (Special) to iusefp.o(.text) for __I$use$fp
    printfa.o(i.__0snprintf) refers to printfa.o(i._printf_core) for _printf_core
    printfa.o(i.__0snprintf) refers to printfa.o(i._snputc) for _snputc
    printfa.o(i.__0sprintf) refers (Special) to iusefp.o(.text) for __I$use$fp
    printfa.o(i.__0sprintf) refers to printfa.o(i._printf_core) for _printf_core
    printfa.o(i.__0sprintf) refers to printfa.o(i._sputc) for _sputc
    printfa.o(i.__0vfprintf) refers (Special) to iusefp.o(.text) for __I$use$fp
    printfa.o(i.__0vfprintf) refers to printfa.o(i._printf_core) for _printf_core
    printfa.o(i.__0vfprintf) refers to retarget.o(i.fputc) for fputc
    printfa.o(i.__0vprintf) refers (Special) to iusefp.o(.text) for __I$use$fp
    printfa.o(i.__0vprintf) refers to printfa.o(i._printf_core) for _printf_core
    printfa.o(i.__0vprintf) refers to retarget.o(i.fputc) for fputc
    printfa.o(i.__0vprintf) refers to retarget.o(.data) for __stdout
    printfa.o(i.__0vsnprintf) refers (Special) to iusefp.o(.text) for __I$use$fp
    printfa.o(i.__0vsnprintf) refers to printfa.o(i._printf_core) for _printf_core
    printfa.o(i.__0vsnprintf) refers to printfa.o(i._snputc) for _snputc
    printfa.o(i.__0vsprintf) refers (Special) to iusefp.o(.text) for __I$use$fp
    printfa.o(i.__0vsprintf) refers to printfa.o(i._printf_core) for _printf_core
    printfa.o(i.__0vsprintf) refers to printfa.o(i._sputc) for _sputc
    printfa.o(i._fp_digits) refers (Special) to iusefp.o(.text) for __I$use$fp
    printfa.o(i._fp_digits) refers to dmul.o(.text) for __aeabi_dmul
    printfa.o(i._fp_digits) refers to ddiv.o(.text) for __aeabi_ddiv
    printfa.o(i._fp_digits) refers to cdrcmple.o(.text) for __aeabi_cdrcmple
    printfa.o(i._fp_digits) refers to dadd.o(.text) for __aeabi_dadd
    printfa.o(i._fp_digits) refers to dfixul.o(.text) for __aeabi_d2ulz
    printfa.o(i._fp_digits) refers to uldiv.o(.text) for __aeabi_uldivmod
    printfa.o(i._printf_core) refers (Special) to iusefp.o(.text) for __I$use$fp
    printfa.o(i._printf_core) refers to printfa.o(i._printf_pre_padding) for _printf_pre_padding
    printfa.o(i._printf_core) refers to uldiv.o(.text) for __aeabi_uldivmod
    printfa.o(i._printf_core) refers to printfa.o(i._printf_post_padding) for _printf_post_padding
    printfa.o(i._printf_core) refers to printfa.o(i._fp_digits) for _fp_digits
    printfa.o(i._printf_core) refers to uidiv.o(.text) for __aeabi_uidivmod
    printfa.o(i._printf_post_padding) refers (Special) to iusefp.o(.text) for __I$use$fp
    printfa.o(i._printf_pre_padding) refers (Special) to iusefp.o(.text) for __I$use$fp
    printfa.o(i._snputc) refers (Special) to iusefp.o(.text) for __I$use$fp
    printfa.o(i._sputc) refers (Special) to iusefp.o(.text) for __I$use$fp
    entry2.o(.ARM.Collect$$$$00000001) refers to entry2.o(.ARM.Collect$$$$00002712) for __lit__00000000
    entry2.o(.ARM.Collect$$$$00002712) refers to startup_m051series.o(STACK) for __initial_sp
    entry2.o(__vectab_stack_and_reset_area) refers to startup_m051series.o(STACK) for __initial_sp
    entry2.o(__vectab_stack_and_reset_area) refers to entry.o(.ARM.Collect$$$$00000000) for __main
    entry5.o(.ARM.Collect$$$$00000004) refers to init.o(.text) for __scatterload
    entry9a.o(.ARM.Collect$$$$0000000B) refers to adc.o(i.main) for main
    entry9b.o(.ARM.Collect$$$$0000000C) refers to adc.o(i.main) for main
    uldiv.o(.text) refers to llushr.o(.text) for __aeabi_llsr
    uldiv.o(.text) refers to llshl.o(.text) for __aeabi_llsl
    dadd.o(.text) refers to llshl.o(.text) for __aeabi_llsl
    dadd.o(.text) refers to llsshr.o(.text) for __aeabi_lasr
    dadd.o(.text) refers to depilogue.o(.text) for _double_epilogue
    dmul.o(.text) refers to depilogue.o(.text) for _double_epilogue
    ddiv.o(.text) refers to depilogue.o(.text) for _double_round
    dfixul.o(.text) refers to llushr.o(.text) for __aeabi_llsr
    dfixul.o(.text) refers to llshl.o(.text) for __aeabi_llsl
    init.o(.text) refers to entry5.o(.ARM.Collect$$$$00000004) for __main_after_scatterload
    depilogue.o(.text) refers to depilogue.o(i.__ARM_clz) for __ARM_clz
    depilogue.o(.text) refers to llshl.o(.text) for __aeabi_llsl
    depilogue.o(.text) refers to llushr.o(.text) for __aeabi_llsr


==============================================================================

Removing Unused input sections from the image.

    Removing startup_m051series.o(HEAP), (1024 bytes).
    Removing system_m051series.o(.rev16_text), (4 bytes).
    Removing system_m051series.o(.revsh_text), (4 bytes).
    Removing adc.o(.rev16_text), (4 bytes).
    Removing adc.o(.revsh_text), (4 bytes).
    Removing uart_printf.o(.rev16_text), (4 bytes).
    Removing uart_printf.o(.revsh_text), (4 bytes).
    Removing systime.o(.rev16_text), (4 bytes).
    Removing systime.o(.revsh_text), (4 bytes).
    Removing systime.o(i.delay), (24 bytes).
    Removing systime.o(i.millis), (12 bytes).
    Removing mergbled.o(.rev16_text), (4 bytes).
    Removing mergbled.o(.revsh_text), (4 bytes).
    Removing mergbled.o(i.setColor), (40 bytes).
    Removing mygpio.o(.rev16_text), (4 bytes).
    Removing mygpio.o(.revsh_text), (4 bytes).
    Removing mygpio.o(i.digitalRead), (32 bytes).
    Removing mygpio.o(i.digitalWrite), (16 bytes).
    Removing retarget.o(.rev16_text), (4 bytes).
    Removing retarget.o(.revsh_text), (4 bytes).
    Removing retarget.o(i.GetChar), (32 bytes).
    Removing retarget.o(i.IsDebugFifoEmpty), (20 bytes).
    Removing retarget.o(i.SendChar), (12 bytes).
    Removing retarget.o(i.SendChar_ToUART), (52 bytes).
    Removing retarget.o(i._ttywrch), (12 bytes).
    Removing retarget.o(i.ferror), (8 bytes).
    Removing retarget.o(i.fgetc), (10 bytes).
    Removing retarget.o(i.fputc), (16 bytes).
    Removing retarget.o(i.kbhit), (20 bytes).
    Removing retarget.o(.data), (8 bytes).
    Removing sys.o(.rev16_text), (4 bytes).
    Removing sys.o(.revsh_text), (4 bytes).
    Removing sys.o(i.SYS_ClearResetSrc), (16 bytes).
    Removing sys.o(i.SYS_DisableBOD), (18 bytes).
    Removing sys.o(i.SYS_EnableBOD), (50 bytes).
    Removing sys.o(i.SYS_GetBODStatus), (14 bytes).
    Removing sys.o(i.SYS_GetResetSrc), (8 bytes).
    Removing sys.o(i.SYS_IsRegLocked), (20 bytes).
    Removing sys.o(i.SYS_ReadPDID), (8 bytes).
    Removing sys.o(i.SYS_ResetCPU), (18 bytes).
    Removing sys.o(i.SYS_ResetChip), (18 bytes).
    Removing uart.o(.rev16_text), (4 bytes).
    Removing uart.o(.revsh_text), (4 bytes).
    Removing uart.o(i.NVIC_DisableIRQ), (20 bytes).
    Removing uart.o(i.NVIC_EnableIRQ), (20 bytes).
    Removing uart.o(i.UART_ClearIntFlag), (88 bytes).
    Removing uart.o(i.UART_Close), (6 bytes).
    Removing uart.o(i.UART_DisableFlowCtrl), (12 bytes).
    Removing uart.o(i.UART_DisableInt), (40 bytes).
    Removing uart.o(i.UART_EnableFlowCtrl), (30 bytes).
    Removing uart.o(i.UART_EnableInt), (40 bytes).
    Removing uart.o(i.UART_Read), (54 bytes).
    Removing uart.o(i.UART_SelectIrDAMode), (164 bytes).
    Removing uart.o(i.UART_SelectLINMode), (26 bytes).
    Removing uart.o(i.UART_SelectRS485Mode), (32 bytes).
    Removing uart.o(i.UART_SetTimeoutCnt), (22 bytes).
    Removing uart.o(i.UART_Write), (54 bytes).
    Removing i2c.o(.rev16_text), (4 bytes).
    Removing i2c.o(.revsh_text), (4 bytes).
    Removing i2c.o(i.I2C_ClearTimeoutFlag), (10 bytes).
    Removing i2c.o(i.I2C_Close), (44 bytes).
    Removing i2c.o(i.I2C_DisableInt), (10 bytes).
    Removing i2c.o(i.I2C_DisableTimeout), (10 bytes).
    Removing i2c.o(i.I2C_DisableWakeup), (10 bytes).
    Removing i2c.o(i.I2C_EnableInt), (10 bytes).
    Removing i2c.o(i.I2C_EnableTimeout), (32 bytes).
    Removing i2c.o(i.I2C_EnableWakeup), (10 bytes).
    Removing i2c.o(i.I2C_GetBusClockFreq), (24 bytes).
    Removing i2c.o(i.I2C_GetData), (8 bytes).
    Removing i2c.o(i.I2C_GetIntFlag), (12 bytes).
    Removing i2c.o(i.I2C_GetStatus), (6 bytes).
    Removing i2c.o(i.I2C_Open), (64 bytes).
    Removing i2c.o(i.I2C_SetBusClockFreq), (56 bytes).
    Removing i2c.o(i.I2C_SetData), (4 bytes).
    Removing i2c.o(i.I2C_SetSlaveAddr), (58 bytes).
    Removing i2c.o(i.I2C_SetSlaveAddrMask), (48 bytes).
    Removing i2c.o(i.I2C_Trigger), (50 bytes).
    Removing timer.o(.rev16_text), (4 bytes).
    Removing timer.o(.revsh_text), (4 bytes).
    Removing timer.o(i.TIMER_Close), (8 bytes).
    Removing timer.o(i.TIMER_Delay), (272 bytes).
    Removing timer.o(i.TIMER_DisableCapture), (10 bytes).
    Removing timer.o(i.TIMER_DisableEventCounter), (12 bytes).
    Removing timer.o(i.TIMER_EnableCapture), (20 bytes).
    Removing timer.o(i.TIMER_EnableEventCounter), (22 bytes).
    Removing clk.o(.rev16_text), (4 bytes).
    Removing clk.o(.revsh_text), (4 bytes).
    Removing clk.o(i.CLK_DisableCKO), (16 bytes).
    Removing clk.o(i.CLK_DisableModuleClock), (36 bytes).
    Removing clk.o(i.CLK_DisablePLL), (20 bytes).
    Removing clk.o(i.CLK_DisableXtalRC), (16 bytes).
    Removing clk.o(i.CLK_EnableCKO), (48 bytes).
    Removing clk.o(i.CLK_GetCPUFreq), (16 bytes).
    Removing clk.o(i.CLK_GetHCLKFreq), (16 bytes).
    Removing clk.o(i.CLK_GetHXTFreq), (28 bytes).
    Removing clk.o(i.CLK_Idle), (36 bytes).
    Removing clk.o(i.CLK_PowerDown), (40 bytes).
    Removing clk.o(i.CLK_SetSysTickClockSrc), (20 bytes).
    Removing gpio.o(.rev16_text), (4 bytes).
    Removing gpio.o(.revsh_text), (4 bytes).
    Removing gpio.o(i.GPIO_DisableInt), (28 bytes).
    Removing gpio.o(i.GPIO_EnableInt), (26 bytes).

102 unused section(s) (total 3376 bytes) removed from the image.

==============================================================================

Image Symbol Table

    Local Symbols

    Symbol Name                              Value     Ov Type        Size  Object(Section)

    RESET                                    0x00000000   Section      192  startup_m051series.o(RESET)
    ../clib/microlib/division.c              0x00000000   Number         0  uidiv.o ABSOLUTE
    ../clib/microlib/division.c              0x00000000   Number         0  uldiv.o ABSOLUTE
    ../clib/microlib/init/entry.s            0x00000000   Number         0  entry11a.o ABSOLUTE
    ../clib/microlib/init/entry.s            0x00000000   Number         0  entry.o ABSOLUTE
    ../clib/microlib/init/entry.s            0x00000000   Number         0  entry9a.o ABSOLUTE
    ../clib/microlib/init/entry.s            0x00000000   Number         0  entry7a.o ABSOLUTE
    ../clib/microlib/init/entry.s            0x00000000   Number         0  entry7b.o ABSOLUTE
    ../clib/microlib/init/entry.s            0x00000000   Number         0  entry8a.o ABSOLUTE
    ../clib/microlib/init/entry.s            0x00000000   Number         0  entry8b.o ABSOLUTE
    ../clib/microlib/init/entry.s            0x00000000   Number         0  entry10a.o ABSOLUTE
    ../clib/microlib/init/entry.s            0x00000000   Number         0  entry9b.o ABSOLUTE
    ../clib/microlib/init/entry.s            0x00000000   Number         0  entry10b.o ABSOLUTE
    ../clib/microlib/init/entry.s            0x00000000   Number         0  entry11b.o ABSOLUTE
    ../clib/microlib/init/entry.s            0x00000000   Number         0  entry5.o ABSOLUTE
    ../clib/microlib/init/entry.s            0x00000000   Number         0  entry2.o ABSOLUTE
    ../clib/microlib/longlong.c              0x00000000   Number         0  llshl.o ABSOLUTE
    ../clib/microlib/longlong.c              0x00000000   Number         0  llushr.o ABSOLUTE
    ../clib/microlib/longlong.c              0x00000000   Number         0  llsshr.o ABSOLUTE
    ../clib/microlib/printf/printf.c         0x00000000   Number         0  printfa.o ABSOLUTE
    ../clib/microlib/printf/stubs.s          0x00000000   Number         0  stubs.o ABSOLUTE
    ../clib/microlib/string/memcpy.c         0x00000000   Number         0  memcpyb.o ABSOLUTE
    ../clib/microlib/string/memcpy.c         0x00000000   Number         0  memcpya.o ABSOLUTE
    ../clib/microlib/stubs.s                 0x00000000   Number         0  iusefp.o ABSOLUTE
    ../fplib/microlib/fpadd.c                0x00000000   Number         0  dadd.o ABSOLUTE
    ../fplib/microlib/fpdiv.c                0x00000000   Number         0  ddiv.o ABSOLUTE
    ../fplib/microlib/fpepilogue.c           0x00000000   Number         0  depilogue.o ABSOLUTE
    ../fplib/microlib/fpfix.c                0x00000000   Number         0  dfixul.o ABSOLUTE
    ../fplib/microlib/fpmul.c                0x00000000   Number         0  dmul.o ABSOLUTE
    ..\Library\Device\Nuvoton\M051Series\Source\system_M051Series.c 0x00000000   Number         0  system_m051series.o ABSOLUTE
    ..\Library\StdDriver\src\clk.c           0x00000000   Number         0  clk.o ABSOLUTE
    ..\Library\StdDriver\src\gpio.c          0x00000000   Number         0  gpio.o ABSOLUTE
    ..\Library\StdDriver\src\i2c.c           0x00000000   Number         0  i2c.o ABSOLUTE
    ..\Library\StdDriver\src\retarget.c      0x00000000   Number         0  retarget.o ABSOLUTE
    ..\Library\StdDriver\src\sys.c           0x00000000   Number         0  sys.o ABSOLUTE
    ..\Library\StdDriver\src\timer.c         0x00000000   Number         0  timer.o ABSOLUTE
    ..\Library\StdDriver\src\uart.c          0x00000000   Number         0  uart.o ABSOLUTE
    ..\\Library\\Device\\Nuvoton\\M051Series\\Source\\system_M051Series.c 0x00000000   Number         0  system_m051series.o ABSOLUTE
    ..\\Library\\StdDriver\\src\\clk.c       0x00000000   Number         0  clk.o ABSOLUTE
    ..\\Library\\StdDriver\\src\\gpio.c      0x00000000   Number         0  gpio.o ABSOLUTE
    ..\\Library\\StdDriver\\src\\i2c.c       0x00000000   Number         0  i2c.o ABSOLUTE
    ..\\Library\\StdDriver\\src\\retarget.c  0x00000000   Number         0  retarget.o ABSOLUTE
    ..\\Library\\StdDriver\\src\\sys.c       0x00000000   Number         0  sys.o ABSOLUTE
    ..\\Library\\StdDriver\\src\\timer.c     0x00000000   Number         0  timer.o ABSOLUTE
    ..\\Library\\StdDriver\\src\\uart.c      0x00000000   Number         0  uart.o ABSOLUTE
    ..\\src\\MeRGBLed.c                      0x00000000   Number         0  mergbled.o ABSOLUTE
    ..\\src\\main.c                          0x00000000   Number         0  adc.o ABSOLUTE
    ..\\src\\mygpio.c                        0x00000000   Number         0  mygpio.o ABSOLUTE
    ..\\src\\systime.c                       0x00000000   Number         0  systime.o ABSOLUTE
    ..\\src\\uart_printf.c                   0x00000000   Number         0  uart_printf.o ABSOLUTE
    ..\src\MeRGBLed.c                        0x00000000   Number         0  mergbled.o ABSOLUTE
    ..\src\main.c                            0x00000000   Number         0  adc.o ABSOLUTE
    ..\src\mygpio.c                          0x00000000   Number         0  mygpio.o ABSOLUTE
    ..\src\systime.c                         0x00000000   Number         0  systime.o ABSOLUTE
    ..\src\uart_printf.c                     0x00000000   Number         0  uart_printf.o ABSOLUTE
    cdrcmple.s                               0x00000000   Number         0  cdrcmple.o ABSOLUTE
    dc.s                                     0x00000000   Number         0  dc.o ABSOLUTE
    handlers.s                               0x00000000   Number         0  handlers.o ABSOLUTE
    init.s                                   0x00000000   Number         0  init.o ABSOLUTE
    startup_M051Series.s                     0x00000000   Number         0  startup_m051series.o ABSOLUTE
    .ARM.Collect$$$$00000000                 0x000000c0   Section        0  entry.o(.ARM.Collect$$$$00000000)
    .ARM.Collect$$$$00000001                 0x000000c0   Section        4  entry2.o(.ARM.Collect$$$$00000001)
    .ARM.Collect$$$$00000004                 0x000000c4   Section        4  entry5.o(.ARM.Collect$$$$00000004)
    .ARM.Collect$$$$00000008                 0x000000c8   Section        0  entry7b.o(.ARM.Collect$$$$00000008)
    .ARM.Collect$$$$0000000A                 0x000000c8   Section        0  entry8b.o(.ARM.Collect$$$$0000000A)
    .ARM.Collect$$$$0000000B                 0x000000c8   Section        8  entry9a.o(.ARM.Collect$$$$0000000B)
    .ARM.Collect$$$$0000000D                 0x000000d0   Section        0  entry10a.o(.ARM.Collect$$$$0000000D)
    .ARM.Collect$$$$0000000F                 0x000000d0   Section        0  entry11a.o(.ARM.Collect$$$$0000000F)
    .ARM.Collect$$$$00002712                 0x000000d0   Section        4  entry2.o(.ARM.Collect$$$$00002712)
    __lit__00000000                          0x000000d0   Data           4  entry2.o(.ARM.Collect$$$$00002712)
    .text                                    0x000000d4   Section       92  startup_m051series.o(.text)
    Default_Handler                          0x00000105   Thumb Code     2  startup_m051series.o(.text)
    .text                                    0x00000130   Section        0  uidiv.o(.text)
    .text                                    0x0000015c   Section        0  memcpya.o(.text)
    .text                                    0x00000180   Section        0  uldiv.o(.text)
    .text                                    0x000001e0   Section        0  iusefp.o(.text)
    .text                                    0x000001e0   Section        0  dadd.o(.text)
    .text                                    0x00000344   Section        0  dmul.o(.text)
    .text                                    0x00000414   Section        0  ddiv.o(.text)
    .text                                    0x00000504   Section        0  dfixul.o(.text)
    .text                                    0x00000544   Section       40  cdrcmple.o(.text)
    .text                                    0x0000056c   Section       36  init.o(.text)
    .text                                    0x00000590   Section        0  llshl.o(.text)
    .text                                    0x000005b0   Section        0  llushr.o(.text)
    .text                                    0x000005d2   Section        0  llsshr.o(.text)
    .text                                    0x000005f8   Section        0  depilogue.o(.text)
    i.CLK_EnableModuleClock                  0x000006b8   Section        0  clk.o(i.CLK_EnableModuleClock)
    i.CLK_EnablePLL                          0x000006dc   Section        0  clk.o(i.CLK_EnablePLL)
    i.CLK_EnableXtalRC                       0x00000804   Section        0  clk.o(i.CLK_EnableXtalRC)
    i.CLK_GetPLLClockFreq                    0x00000814   Section        0  system_m051series.o(i.CLK_GetPLLClockFreq)
    CLK_GetPLLClockFreq                      0x00000815   Thumb Code   112  system_m051series.o(i.CLK_GetPLLClockFreq)
    i.CLK_GetPLLClockFreq                    0x00000894   Section        0  uart.o(i.CLK_GetPLLClockFreq)
    CLK_GetPLLClockFreq                      0x00000895   Thumb Code   112  uart.o(i.CLK_GetPLLClockFreq)
    i.CLK_GetPLLClockFreq                    0x00000914   Section        0  clk.o(i.CLK_GetPLLClockFreq)
    CLK_GetPLLClockFreq                      0x00000915   Thumb Code   112  clk.o(i.CLK_GetPLLClockFreq)
    i.CLK_SetCoreClock                       0x00000994   Section        0  clk.o(i.CLK_SetCoreClock)
    i.CLK_SetHCLK                            0x000009e8   Section        0  clk.o(i.CLK_SetHCLK)
    i.CLK_SetModuleClock                     0x00000a14   Section        0  clk.o(i.CLK_SetModuleClock)
    i.CLK_WaitClockReady                     0x00000a78   Section        0  clk.o(i.CLK_WaitClockReady)
    i.GPIO_SetMode                           0x00000aa0   Section        0  gpio.o(i.GPIO_SetMode)
    i.NVIC_EnableIRQ                         0x00000ad0   Section        0  adc.o(i.NVIC_EnableIRQ)
    NVIC_EnableIRQ                           0x00000ad1   Thumb Code    14  adc.o(i.NVIC_EnableIRQ)
    i.Pin2Addr                               0x00000ae4   Section        0  mygpio.o(i.Pin2Addr)
    i.SYS_Init                               0x00000b04   Section        0  adc.o(i.SYS_Init)
    i.SYS_ResetModule                        0x00000bc0   Section        0  sys.o(i.SYS_ResetModule)
    i.SystemCoreClockUpdate                  0x00000bf0   Section        0  system_m051series.o(i.SystemCoreClockUpdate)
    i.SystemInit                             0x00000c54   Section        0  system_m051series.o(i.SystemInit)
    i.TIMER_GetModuleClock                   0x00000c58   Section        0  timer.o(i.TIMER_GetModuleClock)
    i.TIMER_Open                             0x00000cdc   Section        0  timer.o(i.TIMER_Open)
    i.TMR0_IRQHandler                        0x00000d54   Section        0  adc.o(i.TMR0_IRQHandler)
    i.TMR0_Init                              0x00000d80   Section        0  adc.o(i.TMR0_Init)
    i.UART0_IRQHandler                       0x00000dc0   Section        0  adc.o(i.UART0_IRQHandler)
    i.UART0_Init                             0x00000dc8   Section        0  uart_printf.o(i.UART0_Init)
    i.UART1_Init                             0x00000de4   Section        0  uart_printf.o(i.UART1_Init)
    i.UART_Function_Init                     0x00000e00   Section        0  adc.o(i.UART_Function_Init)
    i.UART_Open                              0x00000e1c   Section        0  uart.o(i.UART_Open)
    i.UART_SetLine_Config                    0x00000ed4   Section        0  uart.o(i.UART_SetLine_Config)
    i.Uart0_Handle                           0x00000f8c   Section        0  adc.o(i.Uart0_Handle)
    i.__0vsprintf                            0x00001010   Section        0  printfa.o(i.__0vsprintf)
    i.__ARM_clz                              0x00001034   Section        0  depilogue.o(i.__ARM_clz)
    i.__ARM_common_switch8                   0x00001062   Section        0  mygpio.o(i.__ARM_common_switch8)
    i.__scatterload_copy                     0x0000107e   Section       14  handlers.o(i.__scatterload_copy)
    i.__scatterload_null                     0x0000108c   Section        2  handlers.o(i.__scatterload_null)
    i.__scatterload_zeroinit                 0x0000108e   Section       14  handlers.o(i.__scatterload_zeroinit)
    i._fp_digits                             0x0000109c   Section        0  printfa.o(i._fp_digits)
    _fp_digits                               0x0000109d   Thumb Code   316  printfa.o(i._fp_digits)
    i._printf_core                           0x000011f4   Section        0  printfa.o(i._printf_core)
    _printf_core                             0x000011f5   Thumb Code  1754  printfa.o(i._printf_core)
    i._printf_post_padding                   0x000018e0   Section        0  printfa.o(i._printf_post_padding)
    _printf_post_padding                     0x000018e1   Thumb Code    32  printfa.o(i._printf_post_padding)
    i._printf_pre_padding                    0x00001900   Section        0  printfa.o(i._printf_pre_padding)
    _printf_pre_padding                      0x00001901   Thumb Code    44  printfa.o(i._printf_pre_padding)
    i._sputc                                 0x0000192c   Section        0  printfa.o(i._sputc)
    _sputc                                   0x0000192d   Thumb Code    10  printfa.o(i._sputc)
    i.delayMicroseconds                      0x00001938   Section        0  systime.o(i.delayMicroseconds)
    i.h_dat0                                 0x0000196c   Section        0  mergbled.o(i.h_dat0)
    i.h_dat1                                 0x000019c8   Section        0  mergbled.o(i.h_dat1)
    i.led_reset                              0x00001a34   Section        0  mergbled.o(i.led_reset)
    i.main                                   0x00001a4c   Section        0  adc.o(i.main)
    i.pinMode                                0x00001af8   Section        0  mygpio.o(i.pinMode)
    i.rgb_clear                              0x00001b6c   Section        0  mergbled.o(i.rgb_clear)
    i.rgb_init                               0x00001b98   Section        0  mergbled.o(i.rgb_init)
    i.rgb_show                               0x00001bc0   Section        0  mergbled.o(i.rgb_show)
    i.send_byte                              0x00001bfc   Section        0  mergbled.o(i.send_byte)
    i.send_string                            0x00001c24   Section        0  uart_printf.o(i.send_string)
    i.setColorAll                            0x00001c48   Section        0  mergbled.o(i.setColorAll)
    i.setColorIndex                          0x00001c74   Section        0  mergbled.o(i.setColorIndex)
    i.setNumber                              0x00001ca8   Section        0  mergbled.o(i.setNumber)
    i.uart_printf                            0x00001cb4   Section        0  uart_printf.o(i.uart_printf)
    .constdata                               0x00001ce0   Section       32  system_m051series.o(.constdata)
    .constdata                               0x00001d00   Section       48  uart.o(.constdata)
    .constdata                               0x00001d30   Section       32  timer.o(.constdata)
    .data                                    0x20000000   Section       12  system_m051series.o(.data)
    .data                                    0x2000000c   Section       28  adc.o(.data)
    .data                                    0x20000028   Section        8  mergbled.o(.data)
    .bss                                     0x20000030   Section      256  adc.o(.bss)
    .bss                                     0x20000130   Section       90  mergbled.o(.bss)
    STACK                                    0x20000190   Section     1024  startup_m051series.o(STACK)

    Global Symbols

    Symbol Name                              Value     Ov Type        Size  Object(Section)

    BuildAttributes$$THM_ISAv3M$S$PE$A:L22$X:L11$S22$IEEE1$IW$USESV6$~STKCKD$USESV7$~SHL$OSPACE$ROPI$EBA8$MICROLIB$REQ8$PRES8$EABIv2 0x00000000   Number         0  anon$$obj.o ABSOLUTE
    __ARM_use_no_argv                        0x00000000   Number         0  adc.o ABSOLUTE
    __Vectors                                0x00000000   Data           4  startup_m051series.o(RESET)
    _printf_a                                0x00000000   Number         0  stubs.o ABSOLUTE
    _printf_c                                0x00000000   Number         0  stubs.o ABSOLUTE
    _printf_charcount                        0x00000000   Number         0  stubs.o ABSOLUTE
    _printf_d                                0x00000000   Number         0  stubs.o ABSOLUTE
    _printf_e                                0x00000000   Number         0  stubs.o ABSOLUTE
    _printf_f                                0x00000000   Number         0  stubs.o ABSOLUTE
    _printf_flags                            0x00000000   Number         0  stubs.o ABSOLUTE
    _printf_fp_dec                           0x00000000   Number         0  stubs.o ABSOLUTE
    _printf_fp_hex                           0x00000000   Number         0  stubs.o ABSOLUTE
    _printf_g                                0x00000000   Number         0  stubs.o ABSOLUTE
    _printf_i                                0x00000000   Number         0  stubs.o ABSOLUTE
    _printf_int_dec                          0x00000000   Number         0  stubs.o ABSOLUTE
    _printf_l                                0x00000000   Number         0  stubs.o ABSOLUTE
    _printf_lc                               0x00000000   Number         0  stubs.o ABSOLUTE
    _printf_ll                               0x00000000   Number         0  stubs.o ABSOLUTE
    _printf_lld                              0x00000000   Number         0  stubs.o ABSOLUTE
    _printf_lli                              0x00000000   Number         0  stubs.o ABSOLUTE
    _printf_llo                              0x00000000   Number         0  stubs.o ABSOLUTE
    _printf_llu                              0x00000000   Number         0  stubs.o ABSOLUTE
    _printf_llx                              0x00000000   Number         0  stubs.o ABSOLUTE
    _printf_longlong_dec                     0x00000000   Number         0  stubs.o ABSOLUTE
    _printf_longlong_hex                     0x00000000   Number         0  stubs.o ABSOLUTE
    _printf_longlong_oct                     0x00000000   Number         0  stubs.o ABSOLUTE
    _printf_ls                               0x00000000   Number         0  stubs.o ABSOLUTE
    _printf_mbtowc                           0x00000000   Number         0  stubs.o ABSOLUTE
    _printf_n                                0x00000000   Number         0  stubs.o ABSOLUTE
    _printf_o                                0x00000000   Number         0  stubs.o ABSOLUTE
    _printf_p                                0x00000000   Number         0  stubs.o ABSOLUTE
    _printf_percent                          0x00000000   Number         0  stubs.o ABSOLUTE
    _printf_pre_padding                      0x00000000   Number         0  stubs.o ABSOLUTE
    _printf_return_value                     0x00000000   Number         0  stubs.o ABSOLUTE
    _printf_s                                0x00000000   Number         0  stubs.o ABSOLUTE
    _printf_sizespec                         0x00000000   Number         0  stubs.o ABSOLUTE
    _printf_str                              0x00000000   Number         0  stubs.o ABSOLUTE
    _printf_truncate_signed                  0x00000000   Number         0  stubs.o ABSOLUTE
    _printf_truncate_unsigned                0x00000000   Number         0  stubs.o ABSOLUTE
    _printf_u                                0x00000000   Number         0  stubs.o ABSOLUTE
    _printf_wc                               0x00000000   Number         0  stubs.o ABSOLUTE
    _printf_wctomb                           0x00000000   Number         0  stubs.o ABSOLUTE
    _printf_widthprec                        0x00000000   Number         0  stubs.o ABSOLUTE
    _printf_x                                0x00000000   Number         0  stubs.o ABSOLUTE
    __cpp_initialize__aeabi_                  - Undefined Weak Reference
    __cxa_finalize                            - Undefined Weak Reference
    __decompress                              - Undefined Weak Reference
    _clock_init                               - Undefined Weak Reference
    _microlib_exit                            - Undefined Weak Reference
    __main                                   0x000000c1   Thumb Code     0  entry.o(.ARM.Collect$$$$00000000)
    _main_stk                                0x000000c1   Thumb Code     0  entry2.o(.ARM.Collect$$$$00000001)
    _main_scatterload                        0x000000c5   Thumb Code     0  entry5.o(.ARM.Collect$$$$00000004)
    __main_after_scatterload                 0x000000c9   Thumb Code     0  entry5.o(.ARM.Collect$$$$00000004)
    _main_clock                              0x000000c9   Thumb Code     0  entry7b.o(.ARM.Collect$$$$00000008)
    _main_cpp_init                           0x000000c9   Thumb Code     0  entry8b.o(.ARM.Collect$$$$0000000A)
    _main_init                               0x000000c9   Thumb Code     0  entry9a.o(.ARM.Collect$$$$0000000B)
    __rt_final_cpp                           0x000000d1   Thumb Code     0  entry10a.o(.ARM.Collect$$$$0000000D)
    __rt_final_exit                          0x000000d1   Thumb Code     0  entry11a.o(.ARM.Collect$$$$0000000F)
    Reset_Handler                            0x000000d5   Thumb Code    38  startup_m051series.o(.text)
    NMI_Handler                              0x000000fb   Thumb Code     2  startup_m051series.o(.text)
    HardFault_Handler                        0x000000fd   Thumb Code     2  startup_m051series.o(.text)
    SVC_Handler                              0x000000ff   Thumb Code     2  startup_m051series.o(.text)
    PendSV_Handler                           0x00000101   Thumb Code     2  startup_m051series.o(.text)
    SysTick_Handler                          0x00000103   Thumb Code     2  startup_m051series.o(.text)
    ADC_IRQHandler                           0x00000105   Thumb Code     0  startup_m051series.o(.text)
    BOD_IRQHandler                           0x00000105   Thumb Code     0  startup_m051series.o(.text)
    EINT0_IRQHandler                         0x00000105   Thumb Code     0  startup_m051series.o(.text)
    EINT1_IRQHandler                         0x00000105   Thumb Code     0  startup_m051series.o(.text)
    GPIOP0P1_IRQHandler                      0x00000105   Thumb Code     0  startup_m051series.o(.text)
    GPIOP2P3P4_IRQHandler                    0x00000105   Thumb Code     0  startup_m051series.o(.text)
    I2C_IRQHandler                           0x00000105   Thumb Code     0  startup_m051series.o(.text)
    PWMA_IRQHandler                          0x00000105   Thumb Code     0  startup_m051series.o(.text)
    PWMB_IRQHandler                          0x00000105   Thumb Code     0  startup_m051series.o(.text)
    PWRWU_IRQHandler                         0x00000105   Thumb Code     0  startup_m051series.o(.text)
    SPI0_IRQHandler                          0x00000105   Thumb Code     0  startup_m051series.o(.text)
    SPI1_IRQHandler                          0x00000105   Thumb Code     0  startup_m051series.o(.text)
    SPI2_IRQHandler                          0x00000105   Thumb Code     0  startup_m051series.o(.text)
    SPI3_IRQHandler                          0x00000105   Thumb Code     0  startup_m051series.o(.text)
    TMR1_IRQHandler                          0x00000105   Thumb Code     0  startup_m051series.o(.text)
    TMR2_IRQHandler                          0x00000105   Thumb Code     0  startup_m051series.o(.text)
    TMR3_IRQHandler                          0x00000105   Thumb Code     0  startup_m051series.o(.text)
    UART1_IRQHandler                         0x00000105   Thumb Code     0  startup_m051series.o(.text)
    WDT_IRQHandler                           0x00000105   Thumb Code     0  startup_m051series.o(.text)
    __aeabi_uidiv                            0x00000131   Thumb Code     0  uidiv.o(.text)
    __aeabi_uidivmod                         0x00000131   Thumb Code    44  uidiv.o(.text)
    __aeabi_memcpy                           0x0000015d   Thumb Code    36  memcpya.o(.text)
    __aeabi_memcpy4                          0x0000015d   Thumb Code     0  memcpya.o(.text)
    __aeabi_memcpy8                          0x0000015d   Thumb Code     0  memcpya.o(.text)
    __aeabi_uldivmod                         0x00000181   Thumb Code    96  uldiv.o(.text)
    __I$use$fp                               0x000001e1   Thumb Code     0  iusefp.o(.text)
    __aeabi_dadd                             0x000001e1   Thumb Code   328  dadd.o(.text)
    __aeabi_dsub                             0x00000329   Thumb Code    12  dadd.o(.text)
    __aeabi_drsub                            0x00000335   Thumb Code    12  dadd.o(.text)
    __aeabi_dmul                             0x00000345   Thumb Code   202  dmul.o(.text)
    __aeabi_ddiv                             0x00000415   Thumb Code   234  ddiv.o(.text)
    __aeabi_d2ulz                            0x00000505   Thumb Code    54  dfixul.o(.text)
    __aeabi_cdrcmple                         0x00000545   Thumb Code    38  cdrcmple.o(.text)
    __scatterload                            0x0000056d   Thumb Code    28  init.o(.text)
    __scatterload_rt2                        0x0000056d   Thumb Code     0  init.o(.text)
    __aeabi_llsl                             0x00000591   Thumb Code    32  llshl.o(.text)
    _ll_shift_l                              0x00000591   Thumb Code     0  llshl.o(.text)
    __aeabi_llsr                             0x000005b1   Thumb Code    34  llushr.o(.text)
    _ll_ushift_r                             0x000005b1   Thumb Code     0  llushr.o(.text)
    __aeabi_lasr                             0x000005d3   Thumb Code    38  llsshr.o(.text)
    _ll_sshift_r                             0x000005d3   Thumb Code     0  llsshr.o(.text)
    _double_round                            0x000005f9   Thumb Code    26  depilogue.o(.text)
    _double_epilogue                         0x00000613   Thumb Code   164  depilogue.o(.text)
    CLK_EnableModuleClock                    0x000006b9   Thumb Code    32  clk.o(i.CLK_EnableModuleClock)
    CLK_EnablePLL                            0x000006dd   Thumb Code   258  clk.o(i.CLK_EnablePLL)
    CLK_EnableXtalRC                         0x00000805   Thumb Code    12  clk.o(i.CLK_EnableXtalRC)
    CLK_SetCoreClock                         0x00000995   Thumb Code    70  clk.o(i.CLK_SetCoreClock)
    CLK_SetHCLK                              0x000009e9   Thumb Code    38  clk.o(i.CLK_SetHCLK)
    CLK_SetModuleClock                       0x00000a15   Thumb Code    94  clk.o(i.CLK_SetModuleClock)
    CLK_WaitClockReady                       0x00000a79   Thumb Code    32  clk.o(i.CLK_WaitClockReady)
    GPIO_SetMode                             0x00000aa1   Thumb Code    46  gpio.o(i.GPIO_SetMode)
    Pin2Addr                                 0x00000ae5   Thumb Code    26  mygpio.o(i.Pin2Addr)
    SYS_Init                                 0x00000b05   Thumb Code   164  adc.o(i.SYS_Init)
    SYS_ResetModule                          0x00000bc1   Thumb Code    48  sys.o(i.SYS_ResetModule)
    SystemCoreClockUpdate                    0x00000bf1   Thumb Code    76  system_m051series.o(i.SystemCoreClockUpdate)
    SystemInit                               0x00000c55   Thumb Code     2  system_m051series.o(i.SystemInit)
    TIMER_GetModuleClock                     0x00000c59   Thumb Code   110  timer.o(i.TIMER_GetModuleClock)
    TIMER_Open                               0x00000cdd   Thumb Code   118  timer.o(i.TIMER_Open)
    TMR0_IRQHandler                          0x00000d55   Thumb Code    36  adc.o(i.TMR0_IRQHandler)
    TMR0_Init                                0x00000d81   Thumb Code    58  adc.o(i.TMR0_Init)
    UART0_IRQHandler                         0x00000dc1   Thumb Code     8  adc.o(i.UART0_IRQHandler)
    UART0_Init                               0x00000dc9   Thumb Code    20  uart_printf.o(i.UART0_Init)
    UART1_Init                               0x00000de5   Thumb Code    20  uart_printf.o(i.UART1_Init)
    UART_Function_Init                       0x00000e01   Thumb Code    22  adc.o(i.UART_Function_Init)
    UART_Open                                0x00000e1d   Thumb Code   166  uart.o(i.UART_Open)
    UART_SetLine_Config                      0x00000ed5   Thumb Code   170  uart.o(i.UART_SetLine_Config)
    Uart0_Handle                             0x00000f8d   Thumb Code   106  adc.o(i.Uart0_Handle)
    __0vsprintf                              0x00001011   Thumb Code    30  printfa.o(i.__0vsprintf)
    __1vsprintf                              0x00001011   Thumb Code     0  printfa.o(i.__0vsprintf)
    __2vsprintf                              0x00001011   Thumb Code     0  printfa.o(i.__0vsprintf)
    __c89vsprintf                            0x00001011   Thumb Code     0  printfa.o(i.__0vsprintf)
    vsprintf                                 0x00001011   Thumb Code     0  printfa.o(i.__0vsprintf)
    __ARM_clz                                0x00001035   Thumb Code    46  depilogue.o(i.__ARM_clz)
    __ARM_common_switch8                     0x00001063   Thumb Code    28  mygpio.o(i.__ARM_common_switch8)
    __scatterload_copy                       0x0000107f   Thumb Code    14  handlers.o(i.__scatterload_copy)
    __scatterload_null                       0x0000108d   Thumb Code     2  handlers.o(i.__scatterload_null)
    __scatterload_zeroinit                   0x0000108f   Thumb Code    14  handlers.o(i.__scatterload_zeroinit)
    delayMicroseconds                        0x00001939   Thumb Code    42  systime.o(i.delayMicroseconds)
    h_dat0                                   0x0000196d   Thumb Code    86  mergbled.o(i.h_dat0)
    h_dat1                                   0x000019c9   Thumb Code   102  mergbled.o(i.h_dat1)
    led_reset                                0x00001a35   Thumb Code    18  mergbled.o(i.led_reset)
    main                                     0x00001a4d   Thumb Code   142  adc.o(i.main)
    pinMode                                  0x00001af9   Thumb Code   110  mygpio.o(i.pinMode)
    rgb_clear                                0x00001b6d   Thumb Code    34  mergbled.o(i.rgb_clear)
    rgb_init                                 0x00001b99   Thumb Code    36  mergbled.o(i.rgb_init)
    rgb_show                                 0x00001bc1   Thumb Code    50  mergbled.o(i.rgb_show)
    send_byte                                0x00001bfd   Thumb Code    40  mergbled.o(i.send_byte)
    send_string                              0x00001c25   Thumb Code    36  uart_printf.o(i.send_string)
    setColorAll                              0x00001c49   Thumb Code    40  mergbled.o(i.setColorAll)
    setColorIndex                            0x00001c75   Thumb Code    42  mergbled.o(i.setColorIndex)
    setNumber                                0x00001ca9   Thumb Code     6  mergbled.o(i.setNumber)
    uart_printf                              0x00001cb5   Thumb Code    44  uart_printf.o(i.uart_printf)
    gau32ClkSrcTbl                           0x00001ce0   Data          32  system_m051series.o(.constdata)
    Region$$Table$$Base                      0x00001d50   Number         0  anon$$obj.o(Region$$Table)
    Region$$Table$$Limit                     0x00001d70   Number         0  anon$$obj.o(Region$$Table)
    SystemCoreClock                          0x20000000   Data           4  system_m051series.o(.data)
    CyclesPerUs                              0x20000004   Data           4  system_m051series.o(.data)
    PllClock                                 0x20000008   Data           4  system_m051series.o(.data)
    currentMillis                            0x2000000c   Data           4  adc.o(.data)
    previousMillis                           0x20000010   Data           4  adc.o(.data)
    system_time                              0x20000014   Data           4  adc.o(.data)
    g_u32comRbytes                           0x20000018   Data           4  adc.o(.data)
    g_u32comRhead                            0x2000001c   Data           4  adc.o(.data)
    g_u32comRtail                            0x20000020   Data           4  adc.o(.data)
    g_bWait                                  0x20000024   Data           4  adc.o(.data)
    rgb_led_num                              0x20000028   Data           1  mergbled.o(.data)
    di_gpio_addr                             0x2000002c   Data           4  mergbled.o(.data)
    g_u8RecData                              0x20000030   Data         256  adc.o(.bss)
    pixels                                   0x20000130   Data          90  mergbled.o(.bss)
    __initial_sp                             0x20000590   Data           0  startup_m051series.o(STACK)



==============================================================================

Memory Map of the image

  Image Entry point : 0x000000d5

  Load Region LR_1 (Base: 0x00000000, Size: 0x00001da0, Max: 0xffffffff, ABSOLUTE)

    Execution Region ER_RO (Base: 0x00000000, Size: 0x00001d70, Max: 0xffffffff, ABSOLUTE)

    Base Addr    Size         Type   Attr      Idx    E Section Name        Object

    0x00000000   0x000000c0   Data   RO            3    RESET               startup_m051series.o
    0x000000c0   0x00000000   Code   RO         1046  * .ARM.Collect$$$$00000000  mc_p.l(entry.o)
    0x000000c0   0x00000004   Code   RO         1084    .ARM.Collect$$$$00000001  mc_p.l(entry2.o)
    0x000000c4   0x00000004   Code   RO         1087    .ARM.Collect$$$$00000004  mc_p.l(entry5.o)
    0x000000c8   0x00000000   Code   RO         1089    .ARM.Collect$$$$00000008  mc_p.l(entry7b.o)
    0x000000c8   0x00000000   Code   RO         1091    .ARM.Collect$$$$0000000A  mc_p.l(entry8b.o)
    0x000000c8   0x00000008   Code   RO         1092    .ARM.Collect$$$$0000000B  mc_p.l(entry9a.o)
    0x000000d0   0x00000000   Code   RO         1094    .ARM.Collect$$$$0000000D  mc_p.l(entry10a.o)
    0x000000d0   0x00000000   Code   RO         1096    .ARM.Collect$$$$0000000F  mc_p.l(entry11a.o)
    0x000000d0   0x00000004   Code   RO         1085    .ARM.Collect$$$$00002712  mc_p.l(entry2.o)
    0x000000d4   0x0000005c   Code   RO            4  * .text               startup_m051series.o
    0x00000130   0x0000002c   Code   RO         1049    .text               mc_p.l(uidiv.o)
    0x0000015c   0x00000024   Code   RO         1051    .text               mc_p.l(memcpya.o)
    0x00000180   0x00000060   Code   RO         1098    .text               mc_p.l(uldiv.o)
    0x000001e0   0x00000000   Code   RO         1100    .text               mc_p.l(iusefp.o)
    0x000001e0   0x00000164   Code   RO         1101    .text               mf_p.l(dadd.o)
    0x00000344   0x000000d0   Code   RO         1103    .text               mf_p.l(dmul.o)
    0x00000414   0x000000f0   Code   RO         1105    .text               mf_p.l(ddiv.o)
    0x00000504   0x00000040   Code   RO         1107    .text               mf_p.l(dfixul.o)
    0x00000544   0x00000028   Code   RO         1109    .text               mf_p.l(cdrcmple.o)
    0x0000056c   0x00000024   Code   RO         1111    .text               mc_p.l(init.o)
    0x00000590   0x00000020   Code   RO         1113    .text               mc_p.l(llshl.o)
    0x000005b0   0x00000022   Code   RO         1115    .text               mc_p.l(llushr.o)
    0x000005d2   0x00000026   Code   RO         1117    .text               mc_p.l(llsshr.o)
    0x000005f8   0x000000be   Code   RO         1119    .text               mf_p.l(depilogue.o)
    0x000006b6   0x00000002   PAD
    0x000006b8   0x00000024   Code   RO          894    i.CLK_EnableModuleClock  clk.o
    0x000006dc   0x00000128   Code   RO          895    i.CLK_EnablePLL     clk.o
    0x00000804   0x00000010   Code   RO          896    i.CLK_EnableXtalRC  clk.o
    0x00000814   0x00000080   Code   RO           12    i.CLK_GetPLLClockFreq  system_m051series.o
    0x00000894   0x00000080   Code   RO          584    i.CLK_GetPLLClockFreq  uart.o
    0x00000914   0x00000080   Code   RO          900    i.CLK_GetPLLClockFreq  clk.o
    0x00000994   0x00000054   Code   RO          903    i.CLK_SetCoreClock  clk.o
    0x000009e8   0x0000002c   Code   RO          904    i.CLK_SetHCLK       clk.o
    0x00000a14   0x00000064   Code   RO          905    i.CLK_SetModuleClock  clk.o
    0x00000a78   0x00000028   Code   RO          907    i.CLK_WaitClockReady  clk.o
    0x00000aa0   0x0000002e   Code   RO         1018    i.GPIO_SetMode      gpio.o
    0x00000ace   0x00000002   PAD
    0x00000ad0   0x00000014   Code   RO          115    i.NVIC_EnableIRQ    adc.o
    0x00000ae4   0x00000020   Code   RO          395    i.Pin2Addr          mygpio.o
    0x00000b04   0x000000bc   Code   RO          116    i.SYS_Init          adc.o
    0x00000bc0   0x00000030   Code   RO          519    i.SYS_ResetModule   sys.o
    0x00000bf0   0x00000064   Code   RO           13    i.SystemCoreClockUpdate  system_m051series.o
    0x00000c54   0x00000002   Code   RO           14    i.SystemInit        system_m051series.o
    0x00000c56   0x00000002   PAD
    0x00000c58   0x00000084   Code   RO          832    i.TIMER_GetModuleClock  timer.o
    0x00000cdc   0x00000076   Code   RO          833    i.TIMER_Open        timer.o
    0x00000d52   0x00000002   PAD
    0x00000d54   0x0000002c   Code   RO          117    i.TMR0_IRQHandler   adc.o
    0x00000d80   0x00000040   Code   RO          118    i.TMR0_Init         adc.o
    0x00000dc0   0x00000008   Code   RO          119    i.UART0_IRQHandler  adc.o
    0x00000dc8   0x0000001c   Code   RO          206    i.UART0_Init        uart_printf.o
    0x00000de4   0x0000001c   Code   RO          207    i.UART1_Init        uart_printf.o
    0x00000e00   0x0000001c   Code   RO          120    i.UART_Function_Init  adc.o
    0x00000e1c   0x000000b8   Code   RO          593    i.UART_Open         uart.o
    0x00000ed4   0x000000b8   Code   RO          598    i.UART_SetLine_Config  uart.o
    0x00000f8c   0x00000084   Code   RO          121    i.Uart0_Handle      adc.o
    0x00001010   0x00000024   Code   RO         1062    i.__0vsprintf       mc_p.l(printfa.o)
    0x00001034   0x0000002e   Code   RO         1121    i.__ARM_clz         mf_p.l(depilogue.o)
    0x00001062   0x0000001c   Code   RO          428    i.__ARM_common_switch8  mygpio.o
    0x0000107e   0x0000000e   Code   RO         1125    i.__scatterload_copy  mc_p.l(handlers.o)
    0x0000108c   0x00000002   Code   RO         1126    i.__scatterload_null  mc_p.l(handlers.o)
    0x0000108e   0x0000000e   Code   RO         1127    i.__scatterload_zeroinit  mc_p.l(handlers.o)
    0x0000109c   0x00000158   Code   RO         1063    i._fp_digits        mc_p.l(printfa.o)
    0x000011f4   0x000006ec   Code   RO         1064    i._printf_core      mc_p.l(printfa.o)
    0x000018e0   0x00000020   Code   RO         1065    i._printf_post_padding  mc_p.l(printfa.o)
    0x00001900   0x0000002c   Code   RO         1066    i._printf_pre_padding  mc_p.l(printfa.o)
    0x0000192c   0x0000000a   Code   RO         1068    i._sputc            mc_p.l(printfa.o)
    0x00001936   0x00000002   PAD
    0x00001938   0x00000034   Code   RO          264    i.delayMicroseconds  systime.o
    0x0000196c   0x0000005c   Code   RO          302    i.h_dat0            mergbled.o
    0x000019c8   0x0000006c   Code   RO          303    i.h_dat1            mergbled.o
    0x00001a34   0x00000018   Code   RO          304    i.led_reset         mergbled.o
    0x00001a4c   0x000000ac   Code   RO          122    i.main              adc.o
    0x00001af8   0x00000074   Code   RO          398    i.pinMode           mygpio.o
    0x00001b6c   0x0000002c   Code   RO          305    i.rgb_clear         mergbled.o
    0x00001b98   0x00000028   Code   RO          306    i.rgb_init          mergbled.o
    0x00001bc0   0x0000003c   Code   RO          307    i.rgb_show          mergbled.o
    0x00001bfc   0x00000028   Code   RO          308    i.send_byte         mergbled.o
    0x00001c24   0x00000024   Code   RO          208    i.send_string       uart_printf.o
    0x00001c48   0x0000002c   Code   RO          310    i.setColorAll       mergbled.o
    0x00001c74   0x00000034   Code   RO          311    i.setColorIndex     mergbled.o
    0x00001ca8   0x0000000c   Code   RO          312    i.setNumber         mergbled.o
    0x00001cb4   0x0000002c   Code   RO          209    i.uart_printf       uart_printf.o
    0x00001ce0   0x00000020   Data   RO           15    .constdata          system_m051series.o
    0x00001d00   0x00000030   Data   RO          601    .constdata          uart.o
    0x00001d30   0x00000020   Data   RO          834    .constdata          timer.o
    0x00001d50   0x00000020   Data   RO         1123    Region$$Table       anon$$obj.o


    Execution Region ER_RW (Base: 0x20000000, Size: 0x00000030, Max: 0xffffffff, ABSOLUTE)

    Base Addr    Size         Type   Attr      Idx    E Section Name        Object

    0x20000000   0x0000000c   Data   RW           16    .data               system_m051series.o
    0x2000000c   0x0000001c   Data   RW          124    .data               adc.o
    0x20000028   0x00000008   Data   RW          314    .data               mergbled.o


    Execution Region ER_ZI (Base: 0x20000030, Size: 0x00000560, Max: 0xffffffff, ABSOLUTE)

    Base Addr    Size         Type   Attr      Idx    E Section Name        Object

    0x20000030   0x00000100   Zero   RW          123    .bss                adc.o
    0x20000130   0x0000005a   Zero   RW          313    .bss                mergbled.o
    0x2000018a   0x00000006   PAD
    0x20000190   0x00000400   Zero   RW            1    STACK               startup_m051series.o


==============================================================================

Image component sizes


      Code (inc. data)   RO Data    RW Data    ZI Data      Debug   Object Name

       656        106          0         28        256      21809   adc.o
       744         96          0          0          0       4854   clk.o
        46          0          0          0          0        879   gpio.o
       516         62          0          8         90       6232   mergbled.o
       176         20          0          0          0       1333   mygpio.o
        92         42        192          0       1024        608   startup_m051series.o
        48          0          0          0          0        446   sys.o
       230         40         32         12          0      63623   system_m051series.o
        52         10          0          0          0       6592   systime.o
       250         22         32          0          0       1704   timer.o
       496         48         48          0          0       2710   uart.o
       136         16          0          0          0      53402   uart_printf.o

    ----------------------------------------------------------------------
      3448        462        336         48       1376     164192   Object Totals
         0          0         32          0          0          0   (incl. Generated)
         6          0          0          0          6          0   (incl. Padding)

    ----------------------------------------------------------------------

      Code (inc. data)   RO Data    RW Data    ZI Data      Debug   Library Member Name

         0          0          0          0          0          0   entry.o
         0          0          0          0          0          0   entry10a.o
         0          0          0          0          0          0   entry11a.o
         8          4          0          0          0          0   entry2.o
         4          0          0          0          0          0   entry5.o
         0          0          0          0          0          0   entry7b.o
         0          0          0          0          0          0   entry8b.o
         8          4          0          0          0          0   entry9a.o
        30          0          0          0          0          0   handlers.o
        36          8          0          0          0         68   init.o
         0          0          0          0          0          0   iusefp.o
        32          0          0          0          0         68   llshl.o
        38          0          0          0          0         68   llsshr.o
        34          0          0          0          0         68   llushr.o
        36          0          0          0          0         60   memcpya.o
      2238         96          0          0          0        460   printfa.o
        44          0          0          0          0         72   uidiv.o
        96          0          0          0          0         84   uldiv.o
        40          2          0          0          0         68   cdrcmple.o
       356          4          0          0          0        140   dadd.o
       240          6          0          0          0         84   ddiv.o
       236          0          0          0          0        216   depilogue.o
        64         10          0          0          0         68   dfixul.o
       208          6          0          0          0         88   dmul.o

    ----------------------------------------------------------------------
      3752        140          0          0          0       1612   Library Totals
         4          0          0          0          0          0   (incl. Padding)

    ----------------------------------------------------------------------

      Code (inc. data)   RO Data    RW Data    ZI Data      Debug   Library Name

      2604        112          0          0          0        948   mc_p.l
      1144         28          0          0          0        664   mf_p.l

    ----------------------------------------------------------------------
      3752        140          0          0          0       1612   Library Totals

    ----------------------------------------------------------------------

==============================================================================


      Code (inc. data)   RO Data    RW Data    ZI Data      Debug   

      7200        602        336         48       1376     163352   Grand Totals
      7200        602        336         48       1376     163352   ELF Image Totals
      7200        602        336         48          0          0   ROM Totals

==============================================================================

    Total RO  Size (Code + RO Data)                 7536 (   7.36kB)
    Total RW  Size (RW Data + ZI Data)              1424 (   1.39kB)
    Total ROM Size (Code + RO Data + RW Data)       7584 (   7.41kB)

==============================================================================

